08-12 11:42:34.756  1738  1888 I UsbPortManager: USB port changed: port=UsbPort{id=otg_default, supportedModes=dualsupportedContaminantProtectionModes=0supportsEnableContaminantPresenceProtection=falsesupportsEnableContaminantPresenceDetection=false, status=UsbPortStatus{connected=true, currentMode=dfp, currentPowerRole=source, currentDataRole=host, supportedRoleCombinations=[source:host, sink:device], contaminantDetectionStatus=0, contaminantProtectionStatus=0}, canChangeMode=true, canChangePowerRole=false, canChangeDataRole=false, connectedAtMillis=308048, lastConnectDurationMillis=0
08-12 11:42:34.756   710  2343 I android.hardware.usb@1.0-service: canChangeMode: 1 canChagedata: 0 canChangePower:0
08-12 11:42:34.757  1738  2286 I UsbPortManager: ClientCallback V1_0: otg_default
08-12 11:42:34.757  1738  1738 I UsbDeviceManager: updateHostState UsbPort{id=otg_default, supportedModes=dualsupportedContaminantProtectionModes=0supportsEnableContaminantPresenceProtection=falsesupportsEnableContaminantPresenceDetection=false status=UsbPortStatus{connected=true, currentMode=dfp, currentPowerRole=source, currentDataRole=host, supportedRoleCombinations=[source:host, sink:device], contaminantDetectionStatus=0, contaminantProtectionStatus=0}
08-12 11:42:34.808   727  2433 I /vendor/bin/hw/vendor.qti.hardware.servicetracker@1.1-service: bindService is called for service : com.google.android.gms/.chimera.GmsInternalBoundBrokerService and for client com.google.android.gms
08-12 11:42:34.808   727  2433 I /vendor/bin/hw/vendor.qti.hardware.servicetracker@1.1-service: total connections for service : com.google.android.gms/.chimera.GmsInternalBoundBrokerServiceare :1
08-12 11:42:34.808   727  2433 I /vendor/bin/hw/vendor.qti.hardware.servicetracker@1.1-service: total connections for client : com.google.android.gmsare :8
08-12 11:42:34.811  1738  4259 D CompatibilityInfo: mCompatibilityFlags - 0
08-12 11:42:34.811  1738  4259 D CompatibilityInfo: applicationDensity - 440
08-12 11:42:34.811  1738  4259 D CompatibilityInfo: applicationScale - 1.0
08-12 11:42:34.815   727  2433 I /vendor/bin/hw/vendor.qti.hardware.servicetracker@1.1-service: startService() is called for servicecom.google.android.gms/.chimera.GmsInternalBoundBrokerService
08-12 11:42:34.815  3650  3650 D BoundBrokerSvc: onBind: Intent { act=com.google.android.gms.common.BIND_SHARED_PREFS pkg=com.google.android.gms }
08-12 11:42:34.815  3650  3650 D BoundBrokerSvc: Loading bound service for intent: Intent { act=com.google.android.gms.common.BIND_SHARED_PREFS pkg=com.google.android.gms }
08-12 11:42:34.834  2410  2410 D KeyguardUpdateMonitor: received broadcast android.intent.action.BATTERY_CHANGED
08-12 11:42:34.835  2696  2696 D QtiCarrierConfigHelper: WARNING, no carrier configs on phone Id: 0
08-12 11:42:34.835  2696  2696 D VideoCall_LowBattery: disconnectVideoCalls on low battery
08-12 11:42:34.835  2696  2696 D VideoCall_LowBattery: disconnectVideoCalls
08-12 11:42:34.838  4642  4642 I BatteryInfoReceiver: ACTION_BATTERY_CHANGED
08-12 11:42:34.839  6536  6900 D PowerCheckerService: onBatteryChanged, mBatteryLevel = 7, status = 3, level = 7, plug = 0, scale = 100
08-12 11:42:34.844  2696  2696 D QtiCarrierConfigHelper: WARNING, no carrier configs on phone Id: 0
08-12 11:42:34.844  2696  2696 D VideoCall_LowBattery: disconnectVideoCalls on low battery
08-12 11:42:34.844  2696  2696 D VideoCall_LowBattery: disconnectVideoCalls
08-12 11:42:34.845  4086  4086 I ValidityController: processValidityUpdateForAllData
08-12 11:42:34.845  2410  2410 D KeyguardUpdateMonitor: received broadcast android.intent.action.BATTERY_CHANGED
08-12 11:42:34.848  4642  4642 I BatteryInfoReceiver: ACTION_BATTERY_CHANGED
08-12 11:42:34.849  6536  6900 D PowerCheckerService: onBatteryChanged, mBatteryLevel = 7, status = 3, level = 7, plug = 0, scale = 100
08-12 11:42:34.865   727  2433 I /vendor/bin/hw/vendor.qti.hardware.servicetracker@1.1-service: unbindService is called for service : com.google.android.gms/.chimera.GmsInternalBoundBrokerService and for client com.google.android.gms
08-12 11:42:34.865   727  2433 I /vendor/bin/hw/vendor.qti.hardware.servicetracker@1.1-service: size of service connections for service: com.google.android.gms/.chimera.GmsInternalBoundBrokerServiceafter removal is 0
08-12 11:42:34.865   727  2433 I /vendor/bin/hw/vendor.qti.hardware.servicetracker@1.1-service: size of client connections for client: com.google.android.gmsafter removal is 7
08-12 11:42:34.867  3650  3650 D BoundBrokerSvc: onUnbind: Intent { act=com.google.android.gms.common.BIND_SHARED_PREFS pkg=com.google.android.gms }
08-12 11:42:34.868   727  2433 I /vendor/bin/hw/vendor.qti.hardware.servicetracker@1.1-service: destroyService is called for service : com.google.android.gms/.chimera.GmsInternalBoundBrokerService
08-12 11:42:34.884   727  2433 I /vendor/bin/hw/vendor.qti.hardware.servicetracker@1.1-service: bindService is called for service : com.google.android.gms/.chimera.GmsInternalBoundBrokerService and for client com.google.android.gms
08-12 11:42:34.884   727  2433 I /vendor/bin/hw/vendor.qti.hardware.servicetracker@1.1-service: total connections for service : com.google.android.gms/.chimera.GmsInternalBoundBrokerServiceare :1
08-12 11:42:34.884   727  2433 I /vendor/bin/hw/vendor.qti.hardware.servicetracker@1.1-service: total connections for client : com.google.android.gmsare :8
08-12 11:42:34.888  1738  4972 D CompatibilityInfo: mCompatibilityFlags - 0
08-12 11:42:34.888  1738  4972 D CompatibilityInfo: applicationDensity - 440
08-12 11:42:34.889  1738  4972 D CompatibilityInfo: applicationScale - 1.0
08-12 11:42:34.890   727  2433 I /vendor/bin/hw/vendor.qti.hardware.servicetracker@1.1-service: startService() is called for servicecom.google.android.gms/.chimera.GmsInternalBoundBrokerService
08-12 11:42:34.896  3650  3650 D BoundBrokerSvc: onBind: Intent { act=com.google.android.gms.common.BIND_SHARED_PREFS pkg=com.google.android.gms }
08-12 11:42:34.896  3650  3650 D BoundBrokerSvc: Loading bound service for intent: Intent { act=com.google.android.gms.common.BIND_SHARED_PREFS pkg=com.google.android.gms }
08-12 11:42:34.899  2696  7753 I SarService: Receiver polling >>>> Change receiver mode: off
08-12 11:42:34.892  7953  7953 W TcmReceiver: type=1400 audit(0.0:2064): avc: denied { write } for name="tcm" dev="tmpfs" ino=29421 scontext=u:r:updater:s0:c512,c768 tcontext=u:object_r:dpmtcm_socket:s0 tclass=sock_file permissive=0
08-12 11:42:34.904   727  2433 I /vendor/bin/hw/vendor.qti.hardware.servicetracker@1.1-service: unbindService is called for service : com.google.android.gms/.chimera.GmsInternalBoundBrokerService and for client com.google.android.gms
08-12 11:42:34.904   727  2433 I /vendor/bin/hw/vendor.qti.hardware.servicetracker@1.1-service: size of service connections for service: com.google.android.gms/.chimera.GmsInternalBoundBrokerServiceafter removal is 0
08-12 11:42:34.904   727  2433 I /vendor/bin/hw/vendor.qti.hardware.servicetracker@1.1-service: size of client connections for client: com.google.android.gmsafter removal is 7
08-12 11:42:34.905   727  2433 I /vendor/bin/hw/vendor.qti.hardware.servicetracker@1.1-service: destroyService is called for service : com.google.android.gms/.chimera.GmsInternalBoundBrokerService
08-12 11:42:34.908  3650  3650 D BoundBrokerSvc: onUnbind: Intent { act=com.google.android.gms.common.BIND_SHARED_PREFS pkg=com.google.android.gms }
08-12 11:42:34.913 10290 10290 I FeatureParser: can't find ginkgo.xml in assets/device_features/,it may be in /system/etc/device_features
08-12 11:42:34.916 10290 10290 E libc    : Access denied finding property "ro.vendor.df.effect.conflict"
08-12 11:42:34.902 10290 10290 W id.gms.unstable: type=1400 audit(0.0:2065): avc: denied { read } for name="u:object_r:vendor_default_prop:s0" dev="tmpfs" ino=18064 scontext=u:r:priv_app:s0:c512,c768 tcontext=u:object_r:vendor_default_prop:s0 tclass=file permissive=0
08-12 11:42:34.921   727  2433 I /vendor/bin/hw/vendor.qti.hardware.servicetracker@1.1-service: bindService is called for service : com.google.android.gms/.chimera.PersistentInternalBoundBrokerService and for client com.google.android.gms
08-12 11:42:34.921   727  2433 I /vendor/bin/hw/vendor.qti.hardware.servicetracker@1.1-service: total connections for service : com.google.android.gms/.chimera.PersistentInternalBoundBrokerServiceare :1
08-12 11:42:34.921   727  2433 I /vendor/bin/hw/vendor.qti.hardware.servicetracker@1.1-service: total connections for client : com.google.android.gmsare :8
08-12 11:42:34.923  1738  2518 D CompatibilityInfo: mCompatibilityFlags - 0
08-12 11:42:34.923  1738  2518 D CompatibilityInfo: applicationDensity - 440
08-12 11:42:34.923  1738  2518 D CompatibilityInfo: applicationScale - 1.0
08-12 11:42:34.924   727  2433 I /vendor/bin/hw/vendor.qti.hardware.servicetracker@1.1-service: startService() is called for servicecom.google.android.gms/.chimera.PersistentInternalBoundBrokerService
08-12 11:42:34.929  3067  3067 D BoundBrokerSvc: onBind: Intent { act=com.google.android.gms.chimera.container.BIND_FIND_BUFFER_SIZE cmp=com.google.android.gms/.chimera.PersistentInternalBoundBrokerService }
08-12 11:42:34.929  3067  3067 D BoundBrokerSvc: Loading bound service for intent: Intent { act=com.google.android.gms.chimera.container.BIND_FIND_BUFFER_SIZE cmp=com.google.android.gms/.chimera.PersistentInternalBoundBrokerService }
08-12 11:42:34.936  3650 10079 I ChromeSync: [Sync,SyncIntentOperation] Handling the intent: Intent { act=android.intent.action.BOOT_COMPLETED flg=0x89000010 pkg=com.google.android.gms cmp=com.google.android.gms/.chimera.GmsIntentOperationService (has extras) }.
08-12 11:42:34.940   727  2433 I /vendor/bin/hw/vendor.qti.hardware.servicetracker@1.1-service: bindService is called for service : com.google.android.gms/.chimera.PersistentDirectBootAwareApiService and for client com.google.android.gms
08-12 11:42:34.940   727  2433 I /vendor/bin/hw/vendor.qti.hardware.servicetracker@1.1-service: total connections for service : com.google.android.gms/.chimera.PersistentDirectBootAwareApiServiceare :13
08-12 11:42:34.940   727  2433 I /vendor/bin/hw/vendor.qti.hardware.servicetracker@1.1-service: total connections for client : com.google.android.gmsare :8
08-12 11:42:34.948   727  2433 I /vendor/bin/hw/vendor.qti.hardware.servicetracker@1.1-service: unbindService is called for service : com.google.android.gms/com.google.android.location.internal.GoogleLocationManagerService and for client com.google.android.apps.maps
08-12 11:42:34.948   727  2433 I /vendor/bin/hw/vendor.qti.hardware.servicetracker@1.1-service: size of service connections for service: com.google.android.gms/com.google.android.location.internal.GoogleLocationManagerServiceafter removal is 4
08-12 11:42:34.948   727  2433 I /vendor/bin/hw/vendor.qti.hardware.servicetracker@1.1-service: size of client connections for client: com.google.android.apps.mapsafter removal is 2
08-12 11:42:34.949 10290 10290 W ProviderHelper: Unknown dynamite feature providerinstaller.dynamite
08-12 11:42:34.954  1738  1738 V SettingsProvider: Notifying for 0: content://settings/global/Phenotype_boot_count
08-12 11:42:34.955  1738  1738 V SettingsProvider: Notifying for 999: content://settings/global/Phenotype_boot_count
08-12 11:42:34.958  3650 10075 I Checkin : [EventLogChimeraService] Opted in for usage reporting: true
08-12 11:42:34.961  3650 10238 E JavaBinder: !!! FAILED BINDER TRANSACTION !!!  (parcel size = 1056768)
08-12 11:42:34.962   727  2433 I /vendor/bin/hw/vendor.qti.hardware.servicetracker@1.1-service: unbindService is called for service : com.google.android.gms/.chimera.PersistentInternalBoundBrokerService and for client com.google.android.gms
08-12 11:42:34.962   727  2433 I /vendor/bin/hw/vendor.qti.hardware.servicetracker@1.1-service: size of service connections for service: com.google.android.gms/.chimera.PersistentInternalBoundBrokerServiceafter removal is 0
08-12 11:42:34.962   727  2433 I /vendor/bin/hw/vendor.qti.hardware.servicetracker@1.1-service: size of client connections for client: com.google.android.gmsafter removal is 7
08-12 11:42:34.964   727  2433 I /vendor/bin/hw/vendor.qti.hardware.servicetracker@1.1-service: destroyService is called for service : com.google.android.gms/.chimera.PersistentInternalBoundBrokerService
08-12 11:42:34.963  3067  3067 D BoundBrokerSvc: onUnbind: Intent { act=com.google.android.gms.chimera.container.BIND_FIND_BUFFER_SIZE cmp=com.google.android.gms/.chimera.PersistentInternalBoundBrokerService }
08-12 11:42:34.973  3650 10075 W GmsTaskScheduler: ScheduledCheckinGmsTaskService is not available. This may cause the task to be lost.
08-12 11:42:34.975 10290 10290 I DynamiteModule: Considering local module com.google.android.gms.providerinstaller.dynamite:1 and remote module com.google.android.gms.providerinstaller.dynamite:0
08-12 11:42:34.975 10290 10290 I DynamiteModule: Selected local version of com.google.android.gms.providerinstaller.dynamite
08-12 11:42:34.975  1738  4259 D CompatibilityInfo: mCompatibilityFlags - 0
08-12 11:42:34.975  1738  4259 D CompatibilityInfo: applicationDensity - 440
08-12 11:42:34.975  1738  4259 D CompatibilityInfo: applicationScale - 1.0
08-12 11:42:34.976   727  2433 I /vendor/bin/hw/vendor.qti.hardware.servicetracker@1.1-service: startService() is called for servicecom.google.android.gms/.clearcut.debug.ClearcutDebugDumpService
08-12 11:42:34.976  3067 10076 I avuv    : updateFromConfigurations DeviceConfig for namespace activity_manager_native_boot [CONTEXT service_id=204 ]
08-12 11:42:34.995  3067 10076 I avuv    : updateFromConfigurations DeviceConfig for namespace input_native_boot [CONTEXT service_id=204 ]
08-12 11:42:35.002  3650 10075 I Checkin : [EventLogChimeraService] Accumulating logs since 1628747757734
08-12 11:42:35.004 10290 10290 V NativeCrypto: Registering com/google/android/gms/org/conscrypt/NativeCrypto's 294 native methods...
08-12 11:42:35.027   727  2433 I /vendor/bin/hw/vendor.qti.hardware.servicetracker@1.1-service: bindService is called for service : android/com.android.server.content.SyncJobService and for client system
08-12 11:42:35.028   727  2433 I /vendor/bin/hw/vendor.qti.hardware.servicetracker@1.1-service: total connections for service : android/com.android.server.content.SyncJobServiceare :1
08-12 11:42:35.028   727  2433 I /vendor/bin/hw/vendor.qti.hardware.servicetracker@1.1-service: total connections for client : systemare :23
08-12 11:42:35.030  3067 10076 I avuv    : updateFromConfigurations DeviceConfig for namespace rollback_boot [CONTEXT service_id=204 ]
08-12 11:42:35.032  1738  2389 D CompatibilityInfo: mCompatibilityFlags - 0
08-12 11:42:35.032  1738  2389 D CompatibilityInfo: applicationDensity - 440
08-12 11:42:35.032  1738  2389 D CompatibilityInfo: applicationScale - 1.0
08-12 11:42:35.033   727  2433 I /vendor/bin/hw/vendor.qti.hardware.servicetracker@1.1-service: startService() is called for serviceandroid/com.android.server.content.SyncJobService
08-12 11:42:35.039  1738  4972 D ConnectivityService: Returning UNBLOCKED NetworkInfo to uid=10221
08-12 11:42:35.040 10290 10290 D NetworkSecurityConfig: Using Network Security Config from resource network_security_config debugBuild: false
08-12 11:42:35.044  1738  4261 D CompatibilityInfo: mCompatibilityFlags - 0
08-12 11:42:35.044  1738  4261 D CompatibilityInfo: applicationDensity - 440
08-12 11:42:35.044  1738  4261 D CompatibilityInfo: applicationScale - 1.0
08-12 11:42:35.045  3067 10076 I avuv    : updateFromConfigurations DeviceConfig for namespace runtime_native_boot [CONTEXT service_id=204 ]
08-12 11:42:35.047   727  2433 I /vendor/bin/hw/vendor.qti.hardware.servicetracker@1.1-service: startService() is called for servicecom.google.android.gms/.common.stats.GmsCoreStatsService
08-12 11:42:35.051   727  2433 I /vendor/bin/hw/vendor.qti.hardware.servicetracker@1.1-service: bindService is called for service : android/com.android.server.content.SyncJobService and for client system
08-12 11:42:35.051   727  2433 I /vendor/bin/hw/vendor.qti.hardware.servicetracker@1.1-service: total connections for service : android/com.android.server.content.SyncJobServiceare :1
08-12 11:42:35.051   727  2433 I /vendor/bin/hw/vendor.qti.hardware.servicetracker@1.1-service: total connections for client : systemare :23
08-12 11:42:35.061   727  2433 I /vendor/bin/hw/vendor.qti.hardware.servicetracker@1.1-service: bindService is called for service : android/com.android.server.content.SyncJobService and for client system
08-12 11:42:35.061   727  2433 I /vendor/bin/hw/vendor.qti.hardware.servicetracker@1.1-service: total connections for service : android/com.android.server.content.SyncJobServiceare :1
08-12 11:42:35.061   727  2433 I /vendor/bin/hw/vendor.qti.hardware.servicetracker@1.1-service: total connections for client : systemare :23
08-12 11:42:35.062  3650 10079 I constellation: [intent_handler] Received onBootCompleted intent
08-12 11:42:35.063  3650 10075 W Checkin : [EventLogAggregator] Unknown tag: faceunlock
08-12 11:42:35.063  3650 10075 W Checkin : [EventLogAggregator] Unknown tag: install_package_attempt
08-12 11:42:35.063  3650 10075 W Checkin : [EventLogAggregator] Unknown tag: snet_gcore
08-12 11:42:35.063  3650 10075 W Checkin : [EventLogAggregator] Unknown tag: snet_launch_service
08-12 11:42:35.065   727  2433 I /vendor/bin/hw/vendor.qti.hardware.servicetracker@1.1-service: bindService is called for service : com.google.android.gms/.chimera.PersistentDirectBootAwareApiService and for client com.google.android.apps.photos
08-12 11:42:35.065   727  2433 I /vendor/bin/hw/vendor.qti.hardware.servicetracker@1.1-service: total connections for service : com.google.android.gms/.chimera.PersistentDirectBootAwareApiServiceare :14
08-12 11:42:35.065   727  2433 I /vendor/bin/hw/vendor.qti.hardware.servicetracker@1.1-service: total connections for client : com.google.android.apps.photosare :2
08-12 11:42:35.072  3067 10076 I avuv    : updateFromConfigurations DeviceConfig for namespace storage_native_boot [CONTEXT service_id=204 ]
08-12 11:42:35.072   727  2433 I /vendor/bin/hw/vendor.qti.hardware.servicetracker@1.1-service: bindService is called for service : com.google.android.gms/.chromesync.sync.SyncService and for client system
08-12 11:42:35.073   727  2433 I /vendor/bin/hw/vendor.qti.hardware.servicetracker@1.1-service: total connections for service : com.google.android.gms/.chromesync.sync.SyncServiceare :1
08-12 11:42:35.073   727  2433 I /vendor/bin/hw/vendor.qti.hardware.servicetracker@1.1-service: total connections for client : systemare :24
08-12 11:42:35.074  1738  2389 D CompatibilityInfo: mCompatibilityFlags - 0
08-12 11:42:35.074  1738  2389 D CompatibilityInfo: applicationDensity - 440
08-12 11:42:35.074  1738  2389 D CompatibilityInfo: applicationScale - 1.0
08-12 11:42:35.075   727  2433 I /vendor/bin/hw/vendor.qti.hardware.servicetracker@1.1-service: startService() is called for servicecom.google.android.gms/.chromesync.sync.SyncService
08-12 11:42:35.084   727  2433 I /vendor/bin/hw/vendor.qti.hardware.servicetracker@1.1-service: bindService is called for service : com.google.android.gms/.chromesync.sync.SyncService and for client system
08-12 11:42:35.084  3067 10076 I avuv    : updateFromConfigurations DeviceConfig for namespace window_manager_native_boot [CONTEXT service_id=204 ]
08-12 11:42:35.084   727  2433 I /vendor/bin/hw/vendor.qti.hardware.servicetracker@1.1-service: total connections for service : com.google.android.gms/.chromesync.sync.SyncServiceare :1
08-12 11:42:35.084   727  2433 I /vendor/bin/hw/vendor.qti.hardware.servicetracker@1.1-service: total connections for client : systemare :24
08-12 11:42:35.094  3650 10079 I constellation: [reboot_checker] Reboot checker check status.
08-12 11:42:35.095   727  2433 I /vendor/bin/hw/vendor.qti.hardware.servicetracker@1.1-service: bindService is called for service : com.google.android.gms/.chromesync.sync.SyncService and for client system
08-12 11:42:35.095   727  2433 I /vendor/bin/hw/vendor.qti.hardware.servicetracker@1.1-service: total connections for service : com.google.android.gms/.chromesync.sync.SyncServiceare :1
08-12 11:42:35.095   727  2433 I /vendor/bin/hw/vendor.qti.hardware.servicetracker@1.1-service: total connections for client : systemare :24
08-12 11:42:35.096 10290 10290 I ProviderInstaller: Installed default security provider GmsCore_OpenSSL
08-12 11:42:35.099  2696  7753 I SarService: Receiver polling >>>> Change receiver mode: off
08-12 11:42:35.105  3067 10076 I avuv    : updateFromConfigurations DeviceConfig for namespace profcollect_native_boot [CONTEXT service_id=204 ]
08-12 11:42:35.111   727  2433 I /vendor/bin/hw/vendor.qti.hardware.servicetracker@1.1-service: bindService is called for service : com.google.android.gms/.chimera.GmsInternalBoundBrokerService and for client com.google.android.gms
08-12 11:42:35.111   727  2433 I /vendor/bin/hw/vendor.qti.hardware.servicetracker@1.1-service: total connections for service : com.google.android.gms/.chimera.GmsInternalBoundBrokerServiceare :1
08-12 11:42:35.111   727  2433 I /vendor/bin/hw/vendor.qti.hardware.servicetracker@1.1-service: total connections for client : com.google.android.gmsare :8
08-12 11:42:35.113  1738  4972 D CompatibilityInfo: mCompatibilityFlags - 0
08-12 11:42:35.113  1738  4972 D CompatibilityInfo: applicationDensity - 440
08-12 11:42:35.113  1738  4972 D CompatibilityInfo: applicationScale - 1.0
08-12 11:42:35.114   727  2433 I /vendor/bin/hw/vendor.qti.hardware.servicetracker@1.1-service: startService() is called for servicecom.google.android.gms/.chimera.GmsInternalBoundBrokerService
08-12 11:42:35.116   727  2433 I /vendor/bin/hw/vendor.qti.hardware.servicetracker@1.1-service: unbindService is called for service : com.google.android.gms/.chromesync.sync.SyncService and for client system
08-12 11:42:35.117  3650  3650 D BoundBrokerSvc: onBind: Intent { act=com.google.android.gms.common.BIND_SHARED_PREFS pkg=com.google.android.gms }
08-12 11:42:35.117  3650  3650 D BoundBrokerSvc: Loading bound service for intent: Intent { act=com.google.android.gms.common.BIND_SHARED_PREFS pkg=com.google.android.gms }
08-12 11:42:35.119   727  2433 I /vendor/bin/hw/vendor.qti.hardware.servicetracker@1.1-service: unbindService is called for service : android/com.android.server.content.SyncJobService and for client system
08-12 11:42:35.125  1738  2389 W SyncManager: failed sync operation JobId=102888 ***/com.google u0 [com.google.android.gms.chromesync] USER ExpectedIn=0s EXPEDITED STANDBY-EXEMPTED Reason=10186, SyncResult: syncAlreadyInProgress: true stats [] miSyncResult:  resultMessage
08-12 11:42:35.123  3067 10076 I avuv    : updateFromConfigurations DeviceConfig for namespace statsd_native_boot [CONTEXT service_id=204 ]
08-12 11:42:35.131   727  2433 I /vendor/bin/hw/vendor.qti.hardware.servicetracker@1.1-service: unbindService is called for service : com.google.android.gms/.chimera.GmsInternalBoundBrokerService and for client com.google.android.gms
08-12 11:42:35.132   727  2433 I /vendor/bin/hw/vendor.qti.hardware.servicetracker@1.1-service: size of service connections for service: com.google.android.gms/.chimera.GmsInternalBoundBrokerServiceafter removal is 0
08-12 11:42:35.132   727  2433 I /vendor/bin/hw/vendor.qti.hardware.servicetracker@1.1-service: size of client connections for client: com.google.android.gmsafter removal is 7
08-12 11:42:35.134  3650  3650 D BoundBrokerSvc: onUnbind: Intent { act=com.google.android.gms.common.BIND_SHARED_PREFS pkg=com.google.android.gms }
08-12 11:42:35.134   727  2433 I /vendor/bin/hw/vendor.qti.hardware.servicetracker@1.1-service: destroyService is called for service : com.google.android.gms/.chimera.GmsInternalBoundBrokerService
08-12 11:42:35.139  3650 10079 I constellation: [reboot_checker] Reboot Sync didn't run.
08-12 11:42:35.139  3650 10079 I constellation: [intent_handler] on init with intent Intent { act=android.intent.action.BOOT_COMPLETED flg=0x89000010 pkg=com.google.android.gms cmp=com.google.android.gms/.chimera.GmsIntentOperationService (has extras) }
08-12 11:42:35.148  3067 10076 I avuv    : updateFromConfigurations DeviceConfig for namespace statsd_java_boot [CONTEXT service_id=204 ]
08-12 11:42:35.152  3650 10241 W gle.android.gm: Accessing hidden method Landroid/net/ConnectivityManager;->isNetworkSupported(I)Z (greylist-max-p, reflection, denied)
08-12 11:42:35.156  1738  4259 D CompatibilityInfo: mCompatibilityFlags - 0
08-12 11:42:35.156  1738  4259 D CompatibilityInfo: applicationDensity - 440
08-12 11:42:35.156  1738  4259 D CompatibilityInfo: applicationScale - 1.0
08-12 11:42:35.158  3067 10076 I avuv    : updateFromConfigurations DeviceConfig for namespace surface_flinger_native_boot [CONTEXT service_id=204 ]
08-12 11:42:35.159   727  2433 I /vendor/bin/hw/vendor.qti.hardware.servicetracker@1.1-service: startService() is called for servicecom.google.android.gms/.deviceconnection.service.DeviceConnectionWatcherService
08-12 11:42:35.182  1738  2302 I MiuiNetworkPolicy: updateUidState uid = 10066, uidState = 6
08-12 11:42:35.203  3067 10076 I avuv    : updateFromConfigurations using legacy put method [CONTEXT service_id=204 ]
08-12 11:42:35.204 10290 10290 I bnkc    : Primes not initialized, returning default (no-op) Primes instance which will ignore all calls. Please call Primes.initialize(...) before using any Primes API.
08-12 11:42:35.208  1738  4249 I DropBoxManagerService: add tag=event_log isTagEnabled=true flags=0x2
08-12 11:42:35.210 10290 10344 I GMS_MM_Logger: Started.
08-12 11:42:35.219 10290 10343 I Watchcat: Started
08-12 11:42:35.234  3650 10330 I EnPromo : Enpromo components already enabled. [CONTEXT service_id=286 ]
08-12 11:42:35.274  1738  4261 D CompatibilityInfo: mCompatibilityFlags - 0
08-12 11:42:35.274  1738  4261 D CompatibilityInfo: applicationDensity - 440
08-12 11:42:35.274  1738  4261 D CompatibilityInfo: applicationScale - 1.0
08-12 11:42:35.275   727  2433 I /vendor/bin/hw/vendor.qti.hardware.servicetracker@1.1-service: startService() is called for servicecom.google.android.gms/.stats.service.DropBoxEntryAddedService
08-12 11:42:35.278  3650 10341 I ChromeSync: [Sync,SyncAdapter] Successfully synced in 91 milliseconds with request: uir{account=<hide PII>, eventType=101, waitForInitialization=false, notificationHint=null, zipitVersionInfo=null}.
08-12 11:42:35.286  1738  2409 D UsbHostManager: USB device attached: vidpid 10c4:ea60 mfg/product/ver/serial Silicon Labs/SML/1.00/2021 hasAudio/HID/Storage: false/false/false
08-12 11:42:35.298  1738  2409 D UsbDeviceDescriptor:   1 configs
08-12 11:42:35.300  2696  7753 I SarService: Receiver polling >>>> Change receiver mode: off
08-12 11:42:35.300  1738  2409 D UsbHostManager: Added device UsbDevice[mName=/dev/bus/usb/001/002,mVendorId=4292,mProductId=60000,mClass=0,mSubclass=0,mProtocol=0,mManufacturerName=Silicon Labs,mProductName=SML,mVersion=1.00,mSerialNumberReader=com.android.server.usb.UsbSerialReader@558dd5a,mConfigurations=[
08-12 11:42:35.300  1738  2409 D UsbHostManager: UsbConfiguration[mId=1,mName=null,mAttributes=128,mMaxPower=50,mInterfaces=[
08-12 11:42:35.300  1738  2409 D UsbHostManager: UsbInterface[mId=0,mAlternateSetting=0,mName=null,mClass=255,mSubclass=0,mProtocol=0,mEndpoints=[
08-12 11:42:35.300  1738  2409 D UsbHostManager: UsbEndpoint[mAddress=2,mAttributes=2,mMaxPacketSize=64,mInterval=0]
08-12 11:42:35.300  1738  2409 D UsbHostManager: UsbEndpoint[mAddress=130,mAttributes=2,mMaxPacketSize=64,mInterval=0]]]]
08-12 11:42:35.310   727  2433 I /vendor/bin/hw/vendor.qti.hardware.servicetracker@1.1-service: destroyService is called for service : com.google.android.gms/.stats.service.DropBoxEntryAddedService
08-12 11:42:35.318   727  2433 I /vendor/bin/hw/vendor.qti.hardware.servicetracker@1.1-service: unbindService is called for service : com.google.android.apps.photos/com.google.android.libraries.notifications.entrypoints.scheduled.ScheduledTaskService and for client system
08-12 11:42:35.318   727  2433 I /vendor/bin/hw/vendor.qti.hardware.servicetracker@1.1-service: size of service connections for service: com.google.android.apps.photos/com.google.android.libraries.notifications.entrypoints.scheduled.ScheduledTaskServiceafter removal is 0
08-12 11:42:35.318   727  2433 I /vendor/bin/hw/vendor.qti.hardware.servicetracker@1.1-service: size of client connections for client: systemafter removal is 23
08-12 11:42:35.319   727  2433 I /vendor/bin/hw/vendor.qti.hardware.servicetracker@1.1-service: destroyService is called for service : com.google.android.apps.photos/com.google.android.libraries.notifications.entrypoints.scheduled.ScheduledTaskService
08-12 11:42:35.324   606  2490 I netd    : firewallSetUidRule(2, 10221, 2) <0.09ms>
08-12 11:42:35.325  1738  2302 I MiuiNetworkPolicy: updateUidState uid = 10221, uidState = 11
08-12 11:42:35.356  3650 10238 I EnterpriseLoader: [ConditionsChecker] ZT config not present.
08-12 11:42:35.358  3650 10238 I Fido    : [FidoInitIntentOperation] Initializing Fido module, InitRuntimeState=2
08-12 11:42:35.365  3650 10075 W Checkin : [SimHelper] SIM IDs not available by subscription
08-12 11:42:35.365   607   607 D Zygote  : Forked child process 10355
08-12 11:42:35.368  1738  1910 D Boost   : hostingType=broadcast, hostingName={com.android.mtp/com.android.mtp.UsbIntentReceiver}, callerPackage=android, isSystem=true, isBoostNeeded=false.
08-12 11:42:35.371   606  2490 D OemNetd : setPidForPackage: packageName=com.android.mtp, pid=10355, pid=10066
08-12 11:42:35.371  1738  2302 I MiuiNetworkPolicy: updateUidState uid = 10221, uidState = 20
08-12 11:42:35.371  1738  1910 I ActivityManager: Start proc 10355:com.android.mtp/u0a66 for broadcast {com.android.mtp/com.android.mtp.UsbIntentReceiver} caller=android
08-12 11:42:35.389 10355 10355 E com.android.mt: Not starting debugger since process cannot load the jdwp agent.
08-12 11:42:35.405  1738  4226 D CompatibilityInfo: mCompatibilityFlags - 0
08-12 11:42:35.405  1738  4226 D CompatibilityInfo: applicationDensity - 440
08-12 11:42:35.405  1738  4226 D CompatibilityInfo: applicationScale - 1.0
08-12 11:42:35.409  1738  4226 D CompatibilityInfo: mCompatibilityFlags - 0
08-12 11:42:35.409  1738  4226 D CompatibilityInfo: applicationDensity - 440
08-12 11:42:35.409  1738  4226 D CompatibilityInfo: applicationScale - 1.0
08-12 11:42:35.402  9165  9165 W TcmReceiver: type=1400 audit(0.0:2066): avc: denied { write } for name="tcm" dev="tmpfs" ino=29421 scontext=u:r:joyose_app:s0 tcontext=u:object_r:dpmtcm_socket:s0 tclass=sock_file permissive=0
08-12 11:42:35.430  1738  4226 D CompatibilityInfo: mCompatibilityFlags - 0
08-12 11:42:35.430  1738  4226 D CompatibilityInfo: applicationDensity - 440
08-12 11:42:35.430  1738  4226 D CompatibilityInfo: applicationScale - 1.0
08-12 11:42:35.432   727  7554 I /vendor/bin/hw/vendor.qti.hardware.servicetracker@1.1-service: startService() is called for servicecom.google.android.gms/.fido.fido2.pollux.CableAuthenticatorService
08-12 11:42:35.440   727  7554 I /vendor/bin/hw/vendor.qti.hardware.servicetracker@1.1-service: unbindService is called for service : com.google.android.gms/.chromesync.sync.SyncService and for client system
08-12 11:42:35.447  1738  2389 W SyncManager: failed sync operation JobId=105154 ***/com.google u0 [com.google.android.gms.chromesync] USER ExpectedIn=0s EXPEDITED STANDBY-EXEMPTED Reason=10186, SyncResult: syncAlreadyInProgress: true stats [] miSyncResult:  resultMessage
08-12 11:42:35.452  1738  4230 D CompatibilityInfo: mCompatibilityFlags - 0
08-12 11:42:35.452  1738  4230 D CompatibilityInfo: applicationDensity - 440
08-12 11:42:35.452  1738  4230 D CompatibilityInfo: applicationScale - 1.0
08-12 11:42:35.454   727  7554 I /vendor/bin/hw/vendor.qti.hardware.servicetracker@1.1-service: startService() is called for servicecom.google.android.gms/.fido.authenticator.service.AuthenticatorService
08-12 11:42:35.486  3067  3067 I Fido    : [CableAuthenticatorChimeraService] Registering broadcast receiver.
08-12 11:42:35.500  2696  7753 I SarService: Receiver polling >>>> Change receiver mode: off
08-12 11:42:35.502   727  7554 I /vendor/bin/hw/vendor.qti.hardware.servicetracker@1.1-service: bindService is called for service : com.google.android.gms/.chimera.PersistentDirectBootAwareApiService and for client com.google.android.gms.unstable
08-12 11:42:35.502   727  7554 I /vendor/bin/hw/vendor.qti.hardware.servicetracker@1.1-service: total connections for service : com.google.android.gms/.chimera.PersistentDirectBootAwareApiServiceare :15
08-12 11:42:35.502   727  7554 I /vendor/bin/hw/vendor.qti.hardware.servicetracker@1.1-service: total connections for client : com.google.android.gms.unstableare :1
08-12 11:42:35.505 10355 10355 I Perf    : Connecting to perf service.
08-12 11:42:35.508  3650 10274 W BpBinder: Slow Binder: BpBinder transact took 214 ms, interface=com.google.android.gms.common.internal.IGmsServiceBroker, code=46 oneway=false
08-12 11:42:35.518   727  7554 I /vendor/bin/hw/vendor.qti.hardware.servicetracker@1.1-service: unbindService is called for service : com.google.android.gms/.chromesync.sync.SyncService and for client system
08-12 11:42:35.519   727  7554 I /vendor/bin/hw/vendor.qti.hardware.servicetracker@1.1-service: size of service connections for service: com.google.android.gms/.chromesync.sync.SyncServiceafter removal is 0
08-12 11:42:35.519   727  7554 I /vendor/bin/hw/vendor.qti.hardware.servicetracker@1.1-service: size of client connections for client: systemafter removal is 22
08-12 11:42:35.519   727  7554 I /vendor/bin/hw/vendor.qti.hardware.servicetracker@1.1-service: destroyService is called for service : com.google.android.gms/.chromesync.sync.SyncService
08-12 11:42:35.539 10290 10350 I DpmTcmClient: RegisterTcmMonitor from: $Proxy0
08-12 11:42:35.577  1738  5734 D com.android.server.pm.PackageManagerServiceInjector: Skip dexopt on: /data/user/0/com.google.android.gms/app_dg_cache/CF97C0918EEB9F164E565DF3670D32E26EC1B60B/the.apk, because com.google.android.gms is not current resumed. Current resumed is: com.miui.home
08-12 11:42:35.578  3977  3977 I CNSS    : Failed to send nl message
08-12 11:42:35.585  3977  3977 I chatty  : uid=1000(system) /system/vendor/bin/cnss_diag identical 2 lines
08-12 11:42:35.588  3977  3977 I CNSS    : Failed to send nl message
08-12 11:42:35.590 10355 10355 I FeatureParser: can't find ginkgo.xml in assets/device_features/,it may be in /system/etc/device_features
08-12 11:42:35.591  3977  3977 I CNSS    : Failed to send nl message
08-12 11:42:35.592 10355 10355 W com.android.mtp: type=1400 audit(0.0:2067): avc: denied { read } for name="u:object_r:vendor_default_prop:s0" dev="tmpfs" ino=18064 scontext=u:r:priv_app:s0:c512,c768 tcontext=u:object_r:vendor_default_prop:s0 tclass=file permissive=0
08-12 11:42:35.597 10355 10355 E libc    : Access denied finding property "ro.vendor.df.effect.conflict"
08-12 11:42:35.604  2696  2696 E PhoneInterfaceManager: [PhoneIntfMgr] getCarrierPackageNamesForIntent: No UICC
08-12 11:42:35.605  2696  2696 D CarrierSvcBindHelper: No carrier app for: 0
08-12 11:42:35.607  2410  2410 E Recents : packageMonitor   onPackageModified  packageName=com.google.android.gms   mIsRecentsWithinLauncher=true
08-12 11:42:35.607  2410  2410 E Recents : packageMonitor   onPackageModified  packageName=com.google.android.gms   mIsRecentsWithinLauncher=true
08-12 11:42:35.607  2410  2410 D LockScreenMagazineController: received broadcast android.intent.action.PACKAGE_CHANGED
08-12 11:42:35.608  2696  2696 E PhoneInterfaceManager: [PhoneIntfMgr] getCarrierPackageNamesForIntent: No UICC
08-12 11:42:35.608  2696  2696 D CarrierSvcBindHelper: No carrier app for: 1
08-12 11:42:35.609  2696  2696 D ImsResolver: maybeAddedImsService, packageName: com.google.android.gms
08-12 11:42:35.610  2390  2390 D Avrcp_ext: AvrcpServiceBroadcastReceiver-> Action: android.intent.action.PACKAGE_CHANGED
08-12 11:42:35.611  2390  2390 D Avrcp_ext: AvrcpServiceBroadcastReceiver-> packageName: com.google.android.gms
08-12 11:42:35.625  3650 10330 I EnPromo : scheduler initialized [CONTEXT service_id=286 ]
08-12 11:42:35.626   727  7554 I /vendor/bin/hw/vendor.qti.hardware.servicetracker@1.1-service: unbindService is called for service : com.google.android.gms/com.google.android.location.network.NetworkLocationService and for client system
08-12 11:42:35.627   727  7554 I /vendor/bin/hw/vendor.qti.hardware.servicetracker@1.1-service: size of service connections for service: com.google.android.gms/com.google.android.location.network.NetworkLocationServiceafter removal is 0
08-12 11:42:35.627   727  7554 I /vendor/bin/hw/vendor.qti.hardware.servicetracker@1.1-service: size of client connections for client: systemafter removal is 21
08-12 11:42:35.628   727  7554 I /vendor/bin/hw/vendor.qti.hardware.servicetracker@1.1-service: destroyService is called for service : com.google.android.gms/com.google.android.location.network.NetworkLocationService
08-12 11:42:35.632  3977  3977 I CNSS    : Failed to send nl message
08-12 11:42:35.636  3977  3977 I chatty  : uid=1000(system) /system/vendor/bin/cnss_diag identical 3 lines
08-12 11:42:35.637  3977  3977 I CNSS    : Failed to send nl message
08-12 11:42:35.637  1738  4230 D CompatibilityInfo: mCompatibilityFlags - 0
08-12 11:42:35.638  1738  4230 D CompatibilityInfo: applicationDensity - 440
08-12 11:42:35.638  1738  4230 D CompatibilityInfo: applicationScale - 1.0
08-12 11:42:35.638  3977  3977 I CNSS    : Failed to send nl message
08-12 11:42:35.639  3977  3977 I chatty  : uid=1000(system) /system/vendor/bin/cnss_diag identical 1 line
08-12 11:42:35.640  3977  3977 I CNSS    : Failed to send nl message
08-12 11:42:35.641  9284  9284 D UsbModeChooserReceiver: action = android.hardware.usb.action.USB_DEVICE_ATTACHED
08-12 11:42:35.641  3977  3977 I CNSS    : Failed to send nl message
08-12 11:42:35.642  3977  3977 I CNSS    : Failed to send nl message
08-12 11:42:35.642   727  7554 I /vendor/bin/hw/vendor.qti.hardware.servicetracker@1.1-service: bindService is called for service : com.google.android.gms/com.google.android.location.network.NetworkLocationService and for client system
08-12 11:42:35.643   727  7554 I /vendor/bin/hw/vendor.qti.hardware.servicetracker@1.1-service: total connections for service : com.google.android.gms/com.google.android.location.network.NetworkLocationServiceare :1
08-12 11:42:35.643   727  7554 I /vendor/bin/hw/vendor.qti.hardware.servicetracker@1.1-service: total connections for client : systemare :22
08-12 11:42:35.644  1738  1888 D CompatibilityInfo: mCompatibilityFlags - 0
08-12 11:42:35.644  1738  1888 D CompatibilityInfo: applicationDensity - 440
08-12 11:42:35.644  1738  1888 D CompatibilityInfo: applicationScale - 1.0
08-12 11:42:35.646   727  7554 I /vendor/bin/hw/vendor.qti.hardware.servicetracker@1.1-service: startService() is called for servicecom.google.android.gms/com.google.android.location.network.NetworkLocationService
08-12 11:42:35.647   606 10377 E ResolverController: No valid NAT64 prefix (100, <unspecified>/0)
08-12 11:42:35.651   727  7554 I /vendor/bin/hw/vendor.qti.hardware.servicetracker@1.1-service: unbindService is called for service : com.google.android.gms/com.google.android.location.geocode.GeocodeService and for client system
08-12 11:42:35.651   727  7554 I /vendor/bin/hw/vendor.qti.hardware.servicetracker@1.1-service: size of service connections for service: com.google.android.gms/com.google.android.location.geocode.GeocodeServiceafter removal is 0
08-12 11:42:35.651   727  7554 I /vendor/bin/hw/vendor.qti.hardware.servicetracker@1.1-service: size of client connections for client: systemafter removal is 21
08-12 11:42:35.652   727  7554 I /vendor/bin/hw/vendor.qti.hardware.servicetracker@1.1-service: destroyService is called for service : com.google.android.gms/com.google.android.location.geocode.GeocodeService
08-12 11:42:35.658  2390  2390 D Avrcp_ext: packageName: com.google.android.gms removed: false
08-12 11:42:35.661  2390  2390 D Avrcp_ext: isBrowsableListUpdated: false
08-12 11:42:35.661  2390  2390 D Avrcp_ext: Exit handlePackageModified
08-12 11:42:35.665   727  7554 I /vendor/bin/hw/vendor.qti.hardware.servicetracker@1.1-service: bindService is called for service : com.google.android.gms/com.google.android.location.geocode.GeocodeService and for client system
08-12 11:42:35.665   727  7554 I /vendor/bin/hw/vendor.qti.hardware.servicetracker@1.1-service: total connections for service : com.google.android.gms/com.google.android.location.geocode.GeocodeServiceare :1
08-12 11:42:35.665   727  7554 I /vendor/bin/hw/vendor.qti.hardware.servicetracker@1.1-service: total connections for client : systemare :22
08-12 11:42:35.667  1738  1888 D CompatibilityInfo: mCompatibilityFlags - 0
08-12 11:42:35.668  3977  3977 I CNSS    : Failed to send nl message
08-12 11:42:35.670  1738  1888 D CompatibilityInfo: applicationDensity - 440
08-12 11:42:35.671  1738  1888 D CompatibilityInfo: applicationScale - 1.0
08-12 11:42:35.677   727  7554 I /vendor/bin/hw/vendor.qti.hardware.servicetracker@1.1-service: startService() is called for servicecom.google.android.gms/com.google.android.location.geocode.GeocodeService
08-12 11:42:35.683  1738  2302 I MiuiNetworkPolicy: updateUidState uid = 10198, uidState = 20
08-12 11:42:35.683   727  7554 I /vendor/bin/hw/vendor.qti.hardware.servicetracker@1.1-service: unbindService is called for service : com.google.android.gms/com.google.android.location.internal.GoogleLocationManagerService and for client system
08-12 11:42:35.683   727  7554 I /vendor/bin/hw/vendor.qti.hardware.servicetracker@1.1-service: size of service connections for service: com.google.android.gms/com.google.android.location.internal.GoogleLocationManagerServiceafter removal is 3
08-12 11:42:35.683   727  7554 I /vendor/bin/hw/vendor.qti.hardware.servicetracker@1.1-service: size of client connections for client: systemafter removal is 21
08-12 11:42:35.685  3977  3977 I CNSS    : Failed to send nl message
08-12 11:42:35.690  1738  4230 D CompatibilityInfo: mCompatibilityFlags - 0
08-12 11:42:35.690  1738  4230 D CompatibilityInfo: applicationDensity - 440
08-12 11:42:35.690  1738  4230 D CompatibilityInfo: applicationScale - 1.0
08-12 11:42:35.693  4996  4996 D AggregateListener: notifyAction action:android.intent.action.PACKAGE_CHANGED
08-12 11:42:35.693  3977  3977 I CNSS    : Failed to send nl message
08-12 11:42:35.694  1738  4230 I ActivityManager: Killing 9357:com.android.traceur/u0a125 (adj 985): empty #17
08-12 11:42:35.701  3977  3977 I CNSS    : Failed to send nl message
08-12 11:42:35.701  2696  7753 I SarService: Receiver polling >>>> Change receiver mode: off
08-12 11:42:35.703  3977  3977 I CNSS    : Failed to send nl message
08-12 11:42:35.706   727  7554 I /vendor/bin/hw/vendor.qti.hardware.servicetracker@1.1-service: bindService is called for service : com.google.android.gms/com.google.android.location.internal.GoogleLocationManagerService and for client system
08-12 11:42:35.706   727  7554 I /vendor/bin/hw/vendor.qti.hardware.servicetracker@1.1-service: total connections for service : com.google.android.gms/com.google.android.location.internal.GoogleLocationManagerServiceare :4
08-12 11:42:35.706   727  7554 I /vendor/bin/hw/vendor.qti.hardware.servicetracker@1.1-service: total connections for client : systemare :22
08-12 11:42:35.708  1738  4972 D CompatibilityInfo: mCompatibilityFlags - 0
08-12 11:42:35.708  1738  4972 D CompatibilityInfo: applicationDensity - 440
08-12 11:42:35.708  1738  4972 D CompatibilityInfo: applicationScale - 1.0
08-12 11:42:35.713   607   607 D Zygote  : Forked child process 10382
08-12 11:42:35.715  1738  1910 D Boost   : hostingType=broadcast, hostingName={com.google.android.inputmethod.latin/com.google.android.apps.inputmethod.libs.framework.core.LauncherIconVisibilityInitializer}, callerPackage=null, isSystem=true, isBoostNeeded=false.
08-12 11:42:35.716   606  2490 D OemNetd : setPidForPackage: packageName=com.google.android.inputmethod.latin, pid=10382, pid=10198
08-12 11:42:35.716  1738  1910 I ActivityManager: Start proc 10382:com.google.android.inputmethod.latin/u0a198 for broadcast {com.google.android.inputmethod.latin/com.google.android.apps.inputmethod.libs.framework.core.LauncherIconVisibilityInitializer} caller=null
08-12 11:42:35.717   727  7554 I /vendor/bin/hw/vendor.qti.hardware.servicetracker@1.1-service: startService() is called for servicecom.google.android.gms/.fitness.service.recording.FitRecordingBroker
08-12 11:42:35.717   727  7554 I /vendor/bin/hw/vendor.qti.hardware.servicetracker@1.1-service: unbindService is called for service : com.google.android.gms/com.google.android.location.internal.server.HardwareArProviderService and for client system
08-12 11:42:35.718   727  7554 I /vendor/bin/hw/vendor.qti.hardware.servicetracker@1.1-service: size of service connections for service: com.google.android.gms/com.google.android.location.internal.server.HardwareArProviderServiceafter removal is 0
08-12 11:42:35.718   727  7554 I /vendor/bin/hw/vendor.qti.hardware.servicetracker@1.1-service: size of client connections for client: systemafter removal is 21
08-12 11:42:35.719   727  7554 I /vendor/bin/hw/vendor.qti.hardware.servicetracker@1.1-service: destroyService is called for service : com.google.android.gms/com.google.android.location.internal.server.HardwareArProviderService
08-12 11:42:35.727   727  7554 I /vendor/bin/hw/vendor.qti.hardware.servicetracker@1.1-service: bindService is called for service : com.google.android.gms/com.google.android.location.internal.server.HardwareArProviderService and for client system
08-12 11:42:35.728   727  7554 I /vendor/bin/hw/vendor.qti.hardware.servicetracker@1.1-service: total connections for service : com.google.android.gms/com.google.android.location.internal.server.HardwareArProviderServiceare :1
08-12 11:42:35.728   727  7554 I /vendor/bin/hw/vendor.qti.hardware.servicetracker@1.1-service: total connections for client : systemare :22
08-12 11:42:35.729  1738  1888 D CompatibilityInfo: mCompatibilityFlags - 0
08-12 11:42:35.729  1738  1888 D CompatibilityInfo: applicationDensity - 440
08-12 11:42:35.729  1738  1888 D CompatibilityInfo: applicationScale - 1.0
08-12 11:42:35.730   727  7554 I /vendor/bin/hw/vendor.qti.hardware.servicetracker@1.1-service: startService() is called for servicecom.google.android.gms/com.google.android.location.internal.server.HardwareArProviderService
08-12 11:42:35.735   727  7554 I /vendor/bin/hw/vendor.qti.hardware.servicetracker@1.1-service: bindService is called for service : com.google.android.gms/.chimera.PersistentInternalBoundBrokerService and for client com.google.android.gms
08-12 11:42:35.735   727  7554 I /vendor/bin/hw/vendor.qti.hardware.servicetracker@1.1-service: total connections for service : com.google.android.gms/.chimera.PersistentInternalBoundBrokerServiceare :1
08-12 11:42:35.735   727  7554 I /vendor/bin/hw/vendor.qti.hardware.servicetracker@1.1-service: total connections for client : com.google.android.gmsare :8
08-12 11:42:35.740  1738  4230 D CompatibilityInfo: mCompatibilityFlags - 0
08-12 11:42:35.740  1738  4230 D CompatibilityInfo: applicationDensity - 440
08-12 11:42:35.740  1738  4230 D CompatibilityInfo: applicationScale - 1.0
08-12 11:42:35.741   727  7554 I /vendor/bin/hw/vendor.qti.hardware.servicetracker@1.1-service: startService() is called for servicecom.google.android.gms/.chimera.PersistentInternalBoundBrokerService
08-12 11:42:35.751 10382 10382 E putmethod.lati: Not starting debugger since process cannot load the jdwp agent.
08-12 11:42:35.756  3977  3977 I CNSS    : Failed to send nl message
08-12 11:42:35.758  3977  3977 I CNSS    : Failed to send nl message
08-12 11:42:35.785  1738  1906 W system_server: Long monitor contention with owner UsbService host thread (2409) at android.content.res.Resources android.app.ResourcesManager.getOrCreateResources(android.os.IBinder, android.content.res.ResourcesKey, java.lang.ClassLoader)(ResourcesManager.java:780) waiters=1 in android.app.LoadedApk android.app.ActivityThread.getPackageInfo(java.lang.String, android.content.res.CompatibilityInfo, int, int) for 131ms
08-12 11:42:35.788  3977  3977 I CNSS    : Failed to send nl message
08-12 11:42:35.790  3977  3977 I chatty  : uid=1000(system) /system/vendor/bin/cnss_diag identical 2 lines
08-12 11:42:35.792  3977  3977 I CNSS    : Failed to send nl message
08-12 11:42:35.798  4086  4716 I DeviceDetector: Is not a headset device
08-12 11:42:35.809  1738  4219 D CompatibilityInfo: mCompatibilityFlags - 0
08-12 11:42:35.809  1738  4219 D CompatibilityInfo: applicationDensity - 440
08-12 11:42:35.809  1738  4219 D CompatibilityInfo: applicationScale - 1.0
08-12 11:42:35.819  1738  4219 D CompatibilityInfo: mCompatibilityFlags - 0
08-12 11:42:35.819  1738  4219 D CompatibilityInfo: applicationDensity - 440
08-12 11:42:35.819  1738  4219 D CompatibilityInfo: applicationScale - 1.0
08-12 11:42:35.822  1738  2302 I MiuiNetworkPolicy: updateUidState uid = 10198, uidState = 12
08-12 11:42:35.829   607   607 I Zygote  : Process 9357 exited due to signal 9 (Killed)
08-12 11:42:35.831  4086  4716 I DeviceDetector: Not bonded or not refresh cache.
08-12 11:42:35.831  1738  1912 I libprocessgroup: Successfully killed process cgroup uid 10125 pid 9357 in 136ms
08-12 11:42:35.833  1738  4210 D ProcessManager: skip restart com.android.traceur because this device is a lowmemory device!
08-12 11:42:35.833   727  7554 I /vendor/bin/hw/vendor.qti.hardware.servicetracker@1.1-service: killProcess is called for pid : 9357
