08-12 11:42:30.597  3977  3977 I CNSS    : Failed to send nl message
08-12 11:42:30.624  4086  4086 W Looper  : Slow Looper main: Long Msg: seq=225 plan=11:42:29.326  late=1ms wall=1296ms running=240ms runnable=288ms io=453ms h=android.app.ActivityThread$H w=113
08-12 11:42:30.600  3977  3977 I CNSS    : Failed to send nl message
08-12 11:42:30.624  1738  4149 D CompatibilityInfo: mCompatibilityFlags - 0
08-12 11:42:30.624  1738  4149 D CompatibilityInfo: applicationDensity - 440
08-12 11:42:30.624  1738  4149 D CompatibilityInfo: applicationScale - 1.0
08-12 11:42:30.632  3977  3977 I CNSS    : Failed to send nl message
08-12 11:42:30.636  3977  3977 I chatty  : uid=1000(system) /system/vendor/bin/cnss_diag identical 2 lines
08-12 11:42:30.638  3977  3977 I CNSS    : Failed to send nl message
08-12 11:42:30.639  4086  4969 I WM-GreedyScheduler: Ignoring schedule request in non-main process
08-12 11:42:30.639  3977  3977 I CNSS    : Failed to send nl message
08-12 11:42:30.641  4086  4086 V ClearcutMetricXmitter: Transmission is done.
08-12 11:42:30.649  4086  4086 I A       : Util.isLowRamDevice: false, canUsePreemptibleAudioSource: true
08-12 11:42:30.653   727  7554 I /vendor/bin/hw/vendor.qti.hardware.servicetracker@1.1-service: destroyService is called for service : com.google.android.googlequicksearchbox/com.google.android.apps.gsa.search.core.BroadcastListenerService
08-12 11:42:30.655  4086  4086 I Notifications: [ChimeBroadcastReceiver] Intent received for action [android.intent.action.BOOT_COMPLETED] package [com.google.android.googlequicksearchbox].
08-12 11:42:30.655  4086  4086 I Notifications: [ChimeBroadcastReceiver] Phenotype initialized.
08-12 11:42:30.661  4086  4086 I Notifications: [ChimeBroadcastReceiver] Validation OK for action [android.intent.action.BOOT_COMPLETED].
08-12 11:42:30.663  4086  5069 I A       : NGA enabled in interactor.
08-12 11:42:30.667  3977  3977 I CNSS    : Failed to send nl message
08-12 11:42:30.673  3977  3977 I chatty  : uid=1000(system) /system/vendor/bin/cnss_diag identical 4 lines
08-12 11:42:30.675  3977  3977 I CNSS    : Failed to send nl message
08-12 11:42:30.689  2696  7753 I SarService: Receiver polling >>>> Change receiver mode: off
08-12 11:42:30.691  4086  4086 I Notifications: [ChimeExecutorApiImpl-Tiktok] Submitting Broadcast execution [161897472] to tiktok executor.
08-12 11:42:30.696  4086  5315 I Notifications: [ChimeBroadcastReceiver] Executing action in BroadcastReceiver [android.intent.action.BOOT_COMPLETED].
08-12 11:42:30.701  4086  4086 I BgTaskExecutorImpl: Starting EXCLUSIVE background task UPLOAD_ASSISTANT_DEVICE_SETTINGS.
08-12 11:42:30.708  4086  4086 I BgTaskExecutorImpl: Starting EXCLUSIVE background task REQUEST_SCHEDULE_RESET_WITH_RESTART.
08-12 11:42:30.711  4086  4086 I BgTaskExecutorImpl: Starting EXCLUSIVE background task OPA_NOTIFICATION_DELAYED_TRIGGER_SYNC.
08-12 11:42:30.715  4086  5155 I BistoSettingsListener: listener created
08-12 11:42:30.717  4086  5930 W A       : Error reading notifications from disk
08-12 11:42:30.732 10137 10137 W .android.chrom: JIT profile information will not be recorded: profile file does not exits.
08-12 11:42:30.741  4086  5147 W SearchServiceCore: Abort, client detached.
08-12 11:42:30.762  4086  5147 I chatty  : uid=10184(com.google.android.googlequicksearchbox) EventBus0 identical 3 lines
08-12 11:42:30.762  4086  5147 W SearchServiceCore: Abort, client detached.
08-12 11:42:30.767  3977  3977 I CNSS    : Failed to send nl message
08-12 11:42:30.773   727  7554 I /vendor/bin/hw/vendor.qti.hardware.servicetracker@1.1-service: unbindService is called for service : com.google.android.gm/com.google.android.libraries.notifications.entrypoints.scheduled.ScheduledTaskService and for client system
08-12 11:42:30.777 10137 10137 I Perf    : Connecting to perf service.
08-12 11:42:30.782  9940  9995 D StrictMode: StrictMode policy violation: android.os.strictmode.DiskReadViolation
08-12 11:42:30.782  9940  9995 D StrictMode:    at android.os.StrictMode$AndroidBlockGuardPolicy.onReadFromDisk(StrictMode.java:1562)
08-12 11:42:30.782  9940  9995 D StrictMode:    at libcore.io.BlockGuardOs.access(BlockGuardOs.java:69)
08-12 11:42:30.782  9940  9995 D StrictMode:    at libcore.io.ForwardingOs.access(ForwardingOs.java:73)
08-12 11:42:30.782  9940  9995 D StrictMode:    at android.app.ActivityThread$AndroidOs.access(ActivityThread.java:7454)
08-12 11:42:30.782  9940  9995 D StrictMode:    at java.io.UnixFileSystem.checkAccess(UnixFileSystem.java:281)
08-12 11:42:30.782  9940  9995 D StrictMode:    at java.io.File.exists(File.java:815)
08-12 11:42:30.782  9940  9995 D StrictMode:    at android.app.ContextImpl.ensurePrivateDirExists(ContextImpl.java:655)
08-12 11:42:30.782  9940  9995 D StrictMode:    at android.app.ContextImpl.ensurePrivateDirExists(ContextImpl.java:646)
08-12 11:42:30.782  9940  9995 D StrictMode:    at android.app.ContextImpl.getPreferencesDir(ContextImpl.java:602)
08-12 11:42:30.782  9940  9995 D StrictMode:    at android.app.ContextImpl.getSharedPreferencesPath(ContextImpl.java:797)
08-12 11:42:30.782  9940  9995 D StrictMode:    at android.app.ContextImpl.getSharedPreferences(ContextImpl.java:449)
08-12 11:42:30.782  9940  9995 D StrictMode:    at android.content.ContextWrapper.getSharedPreferences(ContextWrapper.java:188)
08-12 11:42:30.782  9940  9995 D StrictMode:    at mfj.b(PG:3)
08-12 11:42:30.782  9940  9995 D StrictMode:    at mfu.h(Unknown Source:2)
08-12 11:42:30.782  9940  9995 D StrictMode:    at mfq.a(PG:3)
08-12 11:42:30.782  9940  9995 D StrictMode:    at axlc.c(PG:2)
08-12 11:42:30.782  9940  9995 D StrictMode:    at axle.run(PG:9)
08-12 11:42:30.782  9940  9995 D StrictMode:    at vqr.run(PG:4)
08-12 11:42:30.782  9940  9995 D StrictMode:    at java.util.concurrent.ThreadPoolExecutor.runWorker(ThreadPoolExecutor.java:1167)
08-12 11:42:30.782  9940  9995 D StrictMode:    at java.util.concurrent.ThreadPoolExecutor$Worker.run(ThreadPoolExecutor.java:641)
08-12 11:42:30.782  9940  9995 D StrictMode:    at vqg.run(Unknown Source:7)
08-12 11:42:30.782  9940  9995 D StrictMode:    at vqa.run(Unknown Source:7)
08-12 11:42:30.782  9940  9995 D StrictMode:    at java.lang.Thread.run(Thread.java:919)
08-12 11:42:30.784  9940  9995 D StrictMode: StrictMode policy violation: android.os.strictmode.DiskReadViolation
08-12 11:42:30.784  9940  9995 D StrictMode:    at android.os.StrictMode$AndroidBlockGuardPolicy.onReadFromDisk(StrictMode.java:1562)
08-12 11:42:30.784  9940  9995 D StrictMode:    at android.app.SharedPreferencesImpl.awaitLoadedLocked(SharedPreferencesImpl.java:261)
08-12 11:42:30.784  9940  9995 D StrictMode:    at android.app.SharedPreferencesImpl.getString(SharedPreferencesImpl.java:287)
08-12 11:42:30.784  9940  9995 D StrictMode:    at mfu.h(Unknown Source:9)
08-12 11:42:30.784  9940  9995 D StrictMode:    at mfq.a(PG:3)
08-12 11:42:30.784  9940  9995 D StrictMode:    at axlc.c(PG:2)
08-12 11:42:30.784  9940  9995 D StrictMode:    at axle.run(PG:9)
08-12 11:42:30.784  9940  9995 D StrictMode:    at vqr.run(PG:4)
08-12 11:42:30.784  9940  9995 D StrictMode:    at java.util.concurrent.ThreadPoolExecutor.runWorker(ThreadPoolExecutor.java:1167)
08-12 11:42:30.784  9940  9995 D StrictMode:    at java.util.concurrent.ThreadPoolExecutor$Worker.run(ThreadPoolExecutor.java:641)
08-12 11:42:30.784  9940  9995 D StrictMode:    at vqg.run(Unknown Source:7)
08-12 11:42:30.784  9940  9995 D StrictMode:    at vqa.run(Unknown Source:7)
08-12 11:42:30.784  9940  9995 D StrictMode:    at java.lang.Thread.run(Thread.java:919)
08-12 11:42:30.784   727  7554 I /vendor/bin/hw/vendor.qti.hardware.servicetracker@1.1-service: bindService is called for service : com.google.android.googlequicksearchbox/com.google.android.apps.gsa.tasks.BackgroundTasksJobService and for client system
08-12 11:42:30.784   727  7554 I /vendor/bin/hw/vendor.qti.hardware.servicetracker@1.1-service: total connections for service : com.google.android.googlequicksearchbox/com.google.android.apps.gsa.tasks.BackgroundTasksJobServiceare :1
08-12 11:42:30.784   727  7554 I /vendor/bin/hw/vendor.qti.hardware.servicetracker@1.1-service: total connections for client : systemare :22
08-12 11:42:30.790   727  7554 I /vendor/bin/hw/vendor.qti.hardware.servicetracker@1.1-service: unbindService is called for service : com.google.android.gm/com.google.android.libraries.notifications.entrypoints.scheduled.ScheduledTaskService and for client system
08-12 11:42:30.796  9940  9990 D StrictMode: StrictMode policy violation: android.os.strictmode.DiskReadViolation
08-12 11:42:30.796  9940  9990 D StrictMode:    at android.os.StrictMode$AndroidBlockGuardPolicy.onReadFromDisk(StrictMode.java:1562)
08-12 11:42:30.796  9940  9990 D StrictMode:    at libcore.io.BlockGuardOs.access(BlockGuardOs.java:69)
08-12 11:42:30.796  9940  9990 D StrictMode:    at libcore.io.ForwardingOs.access(ForwardingOs.java:73)
08-12 11:42:30.796  9940  9990 D StrictMode:    at android.app.ActivityThread$AndroidOs.access(ActivityThread.java:7454)
08-12 11:42:30.796  9940  9990 D StrictMode:    at java.io.UnixFileSystem.checkAccess(UnixFileSystem.java:281)
08-12 11:42:30.796  9940  9990 D StrictMode:    at java.io.File.exists(File.java:815)
08-12 11:42:30.796  9940  9990 D StrictMode:    at android.app.ContextImpl.ensurePrivateDirExists(ContextImpl.java:655)
08-12 11:42:30.796  9940  9990 D StrictMode:    at android.app.ContextImpl.ensurePrivateDirExists(ContextImpl.java:646)
08-12 11:42:30.796  9940  9990 D StrictMode:    at android.app.ContextImpl.getPreferencesDir(ContextImpl.java:602)
08-12 11:42:30.796  9940  9990 D StrictMode:    at android.app.ContextImpl.getSharedPreferencesPath(ContextImpl.java:797)
08-12 11:42:30.796  9940  9990 D StrictMode:    at android.app.ContextImpl.getSharedPreferences(ContextImpl.java:449)
08-12 11:42:30.796  9940  9990 D StrictMode:    at android.content.ContextWrapper.getSharedPreferences(ContextWrapper.java:188)
08-12 11:42:30.796  9940  9990 D StrictMode:    at mfj.b(PG:3)
08-12 11:42:30.796  9940  9990 D StrictMode:    at mfu.h(Unknown Source:2)
08-12 11:42:30.796  9940  9990 D StrictMode:    at mfq.a(PG:3)
08-12 11:42:30.796  9940  9990 D StrictMode:    at axlc.c(PG:2)
08-12 11:42:30.796  9940  9990 D StrictMode:    at axle.run(PG:9)
08-12 11:42:30.796  9940  9990 D StrictMode:    at vqr.run(PG:4)
08-12 11:42:30.796  9940  9990 D StrictMode:    at java.util.concurrent.ThreadPoolExecutor.runWorker(ThreadPoolExecutor.java:1167)
08-12 11:42:30.796  9940  9990 D StrictMode:    at java.util.concurrent.ThreadPoolExecutor$Worker.run(ThreadPoolExecutor.java:641)
08-12 11:42:30.796  9940  9990 D StrictMode:    at vqg.run(Unknown Source:7)
08-12 11:42:30.796  9940  9990 D StrictMode:    at vqa.run(Unknown Source:7)
08-12 11:42:30.796  9940  9990 D StrictMode:    at java.lang.Thread.run(Thread.java:919)
08-12 11:42:30.797  4086  4086 I BgTaskExecutorImpl: Starting NONEXCLUSIVE background task TRIGGER_CONDITION_RESET.
08-12 11:42:30.798  9940  9990 D StrictMode: StrictMode policy violation: android.os.strictmode.DiskReadViolation
08-12 11:42:30.798  9940  9990 D StrictMode:    at android.os.StrictMode$AndroidBlockGuardPolicy.onReadFromDisk(StrictMode.java:1562)
08-12 11:42:30.798  9940  9990 D StrictMode:    at android.app.SharedPreferencesImpl.awaitLoadedLocked(SharedPreferencesImpl.java:261)
08-12 11:42:30.798  9940  9990 D StrictMode:    at android.app.SharedPreferencesImpl.getString(SharedPreferencesImpl.java:287)
08-12 11:42:30.798  9940  9990 D StrictMode:    at mfu.h(Unknown Source:9)
08-12 11:42:30.798  9940  9990 D StrictMode:    at mfq.a(PG:3)
08-12 11:42:30.798  9940  9990 D StrictMode:    at axlc.c(PG:2)
08-12 11:42:30.798  9940  9990 D StrictMode:    at axle.run(PG:9)
08-12 11:42:30.798  9940  9990 D StrictMode:    at vqr.run(PG:4)
08-12 11:42:30.798  9940  9990 D StrictMode:    at java.util.concurrent.ThreadPoolExecutor.runWorker(ThreadPoolExecutor.java:1167)
08-12 11:42:30.798  9940  9990 D StrictMode:    at java.util.concurrent.ThreadPoolExecutor$Worker.run(ThreadPoolExecutor.java:641)
08-12 11:42:30.798  9940  9990 D StrictMode:    at vqg.run(Unknown Source:7)
08-12 11:42:30.798  9940  9990 D StrictMode:    at vqa.run(Unknown Source:7)
08-12 11:42:30.798  9940  9990 D StrictMode:    at java.lang.Thread.run(Thread.java:919)
08-12 11:42:30.799   727  7554 I /vendor/bin/hw/vendor.qti.hardware.servicetracker@1.1-service: bindService is called for service : com.google.android.googlequicksearchbox/com.google.android.apps.gsa.tasks.BackgroundTasksJobService and for client system
08-12 11:42:30.799   727  7554 I /vendor/bin/hw/vendor.qti.hardware.servicetracker@1.1-service: total connections for service : com.google.android.googlequicksearchbox/com.google.android.apps.gsa.tasks.BackgroundTasksJobServiceare :1
08-12 11:42:30.799   727  7554 I /vendor/bin/hw/vendor.qti.hardware.servicetracker@1.1-service: total connections for client : systemare :22
08-12 11:42:30.804  9940  9993 D StrictMode: StrictMode policy violation: android.os.strictmode.DiskReadViolation
08-12 11:42:30.804  9940  9993 D StrictMode:    at android.os.StrictMode$AndroidBlockGuardPolicy.onReadFromDisk(StrictMode.java:1562)
08-12 11:42:30.804  9940  9993 D StrictMode:    at libcore.io.BlockGuardOs.access(BlockGuardOs.java:69)
08-12 11:42:30.804  9940  9993 D StrictMode:    at libcore.io.ForwardingOs.access(ForwardingOs.java:73)
08-12 11:42:30.804  9940  9993 D StrictMode:    at android.app.ActivityThread$AndroidOs.access(ActivityThread.java:7454)
08-12 11:42:30.804  9940  9993 D StrictMode:    at java.io.UnixFileSystem.checkAccess(UnixFileSystem.java:281)
08-12 11:42:30.804  9940  9993 D StrictMode:    at java.io.File.exists(File.java:815)
08-12 11:42:30.804  9940  9993 D StrictMode:    at android.app.ContextImpl.ensurePrivateDirExists(ContextImpl.java:655)
08-12 11:42:30.804  9940  9993 D StrictMode:    at android.app.ContextImpl.ensurePrivateDirExists(ContextImpl.java:646)
08-12 11:42:30.804  9940  9993 D StrictMode:    at android.app.ContextImpl.getPreferencesDir(ContextImpl.java:602)
08-12 11:42:30.804  9940  9993 D StrictMode:    at android.app.ContextImpl.getSharedPreferencesPath(ContextImpl.java:797)
08-12 11:42:30.804  9940  9993 D StrictMode:    at android.app.ContextImpl.getSharedPreferences(ContextImpl.java:449)
08-12 11:42:30.804  9940  9993 D StrictMode:    at android.content.ContextWrapper.getSharedPreferences(ContextWrapper.java:188)
08-12 11:42:30.804  9940  9993 D StrictMode:    at mfj.b(PG:3)
08-12 11:42:30.804  9940  9993 D StrictMode:    at mfu.h(Unknown Source:2)
08-12 11:42:30.804  9940  9993 D StrictMode:    at mfq.a(PG:3)
08-12 11:42:30.804  9940  9993 D StrictMode:    at axlc.c(PG:2)
08-12 11:42:30.804  9940  9993 D StrictMode:    at axle.run(PG:9)
08-12 11:42:30.804  9940  9993 D StrictMode:    at vqr.run(PG:4)
08-12 11:42:30.804  9940  9993 D StrictMode:    at java.util.concurrent.ThreadPoolExecutor.runWorker(ThreadPoolExecutor.java:1167)
08-12 11:42:30.804  9940  9993 D StrictMode:    at java.util.concurrent.ThreadPoolExecutor$Worker.run(ThreadPoolExecutor.java:641)
08-12 11:42:30.804  9940  9993 D StrictMode:    at vqg.run(Unknown Source:7)
08-12 11:42:30.804  9940  9993 D StrictMode:    at vqa.run(Unknown Source:7)
08-12 11:42:30.804  9940  9993 D StrictMode:    at java.lang.Thread.run(Thread.java:919)
08-12 11:42:30.804   727  7554 I /vendor/bin/hw/vendor.qti.hardware.servicetracker@1.1-service: unbindService is called for service : com.google.android.gm/com.google.android.libraries.notifications.entrypoints.scheduled.ScheduledTaskService and for client system
08-12 11:42:30.804   727  7554 I /vendor/bin/hw/vendor.qti.hardware.servicetracker@1.1-service: size of service connections for service: com.google.android.gm/com.google.android.libraries.notifications.entrypoints.scheduled.ScheduledTaskServiceafter removal is 0
08-12 11:42:30.804   727  7554 I /vendor/bin/hw/vendor.qti.hardware.servicetracker@1.1-service: size of client connections for client: systemafter removal is 21
08-12 11:42:30.805   727  2433 I /vendor/bin/hw/vendor.qti.hardware.servicetracker@1.1-service: destroyService is called for service : com.google.android.gm/com.google.android.libraries.notifications.entrypoints.scheduled.ScheduledTaskService
08-12 11:42:30.807  9940  9993 D StrictMode: StrictMode policy violation: android.os.strictmode.DiskReadViolation
08-12 11:42:30.807  9940  9993 D StrictMode:    at android.os.StrictMode$AndroidBlockGuardPolicy.onReadFromDisk(StrictMode.java:1562)
08-12 11:42:30.807  9940  9993 D StrictMode:    at android.app.SharedPreferencesImpl.awaitLoadedLocked(SharedPreferencesImpl.java:261)
08-12 11:42:30.807  9940  9993 D StrictMode:    at android.app.SharedPreferencesImpl.getString(SharedPreferencesImpl.java:287)
08-12 11:42:30.807  9940  9993 D StrictMode:    at mfu.h(Unknown Source:9)
08-12 11:42:30.807  9940  9993 D StrictMode:    at mfq.a(PG:3)
08-12 11:42:30.807  9940  9993 D StrictMode:    at axlc.c(PG:2)
08-12 11:42:30.807  9940  9993 D StrictMode:    at axle.run(PG:9)
08-12 11:42:30.807  9940  9993 D StrictMode:    at vqr.run(PG:4)
08-12 11:42:30.807  9940  9993 D StrictMode:    at java.util.concurrent.ThreadPoolExecutor.runWorker(ThreadPoolExecutor.java:1167)
08-12 11:42:30.807  9940  9993 D StrictMode:    at java.util.concurrent.ThreadPoolExecutor$Worker.run(ThreadPoolExecutor.java:641)
08-12 11:42:30.807  9940  9993 D StrictMode:    at vqg.run(Unknown Source:7)
08-12 11:42:30.807  9940  9993 D StrictMode:    at vqa.run(Unknown Source:7)
08-12 11:42:30.807  9940  9993 D StrictMode:    at java.lang.Thread.run(Thread.java:919)
08-12 11:42:30.807  1738  2302 I MiuiNetworkPolicy: updateUidState uid = 10206, uidState = 11
08-12 11:42:30.809  4086  4086 I BgTaskExecutorImpl: Starting EXCLUSIVE background task UPDATE_NOTIFICATIONS.
08-12 11:42:30.810  4086 10160 I DeviceDetector: Is not a headset device
08-12 11:42:30.811  1738  4149 I ActivityManager: Killing 9184:com.android.providers.calendar/u0a73 (adj 985): empty #17
08-12 11:42:30.814  1738  2302 I MiuiNetworkPolicy: updateUidState uid = 10206, uidState = 20
08-12 11:42:30.816   727  7554 I /vendor/bin/hw/vendor.qti.hardware.servicetracker@1.1-service: bindService is called for service : com.google.android.googlequicksearchbox/com.google.android.libraries.notifications.entrypoints.scheduled.ScheduledTaskService and for client system
08-12 11:42:30.816   727  7554 I /vendor/bin/hw/vendor.qti.hardware.servicetracker@1.1-service: total connections for service : com.google.android.googlequicksearchbox/com.google.android.libraries.notifications.entrypoints.scheduled.ScheduledTaskServiceare :1
08-12 11:42:30.816   727  7554 I /vendor/bin/hw/vendor.qti.hardware.servicetracker@1.1-service: total connections for client : systemare :22
08-12 11:42:30.818  4086 10160 I DeviceDetector: Is not a headset device
08-12 11:42:30.818  1738  2344 D CompatibilityInfo: mCompatibilityFlags - 0
08-12 11:42:30.818  1738  2344 D CompatibilityInfo: applicationDensity - 440
08-12 11:42:30.818  1738  2344 D CompatibilityInfo: applicationScale - 1.0
08-12 11:42:30.819   727  7554 I /vendor/bin/hw/vendor.qti.hardware.servicetracker@1.1-service: startService() is called for servicecom.google.android.googlequicksearchbox/com.google.android.libraries.notifications.entrypoints.scheduled.ScheduledTaskService
08-12 11:42:30.833  4086 10160 I DeviceDetector: Is not a headset device
08-12 11:42:30.838   727  7554 I /vendor/bin/hw/vendor.qti.hardware.servicetracker@1.1-service: bindService is called for service : com.google.android.gms/.chimera.GmsApiService and for client com.google.android.googlequicksearchbox:search
08-12 11:42:30.838   727  7554 I /vendor/bin/hw/vendor.qti.hardware.servicetracker@1.1-service: total connections for service : com.google.android.gms/.chimera.GmsApiServiceare :4
08-12 11:42:30.838   727  7554 I /vendor/bin/hw/vendor.qti.hardware.servicetracker@1.1-service: total connections for client : com.google.android.googlequicksearchbox:searchare :6
08-12 11:42:30.840  3650  3650 D BoundBrokerSvc: onBind: Intent { act=com.google.android.gms.reminders.service.START pkg=com.google.android.gms }
08-12 11:42:30.840  3650  3650 D BoundBrokerSvc: Loading bound service for intent: Intent { act=com.google.android.gms.reminders.service.START pkg=com.google.android.gms }
08-12 11:42:30.846  4086 10160 I DeviceDetector: Is not a headset device
08-12 11:42:30.851 10137 10137 I cr_SplitCompatApp: Launched version=92.0.4515.131 minSdkVersion=29 isBundle=true processName=com.android.chrome isIsolated=false
08-12 11:42:30.854  4086 10160 I DeviceDetector: Is not a headset device
08-12 11:42:30.863   607   607 I Zygote  : Process 9184 exited due to signal 9 (Killed)
08-12 11:42:30.865  4086 10160 I DeviceDetector: Is not a headset device
08-12 11:42:30.865  1738  1912 I libprocessgroup: Successfully killed process cgroup uid 10073 pid 9184 in 52ms
08-12 11:42:30.870  3977  3977 I CNSS    : Failed to send nl message
08-12 11:42:30.873  1738  4219 D ProcessManager: skip restart com.android.providers.calendar because this device is a lowmemory device!
08-12 11:42:30.873   727  7554 I /vendor/bin/hw/vendor.qti.hardware.servicetracker@1.1-service: killProcess is called for pid : 9184
08-12 11:42:30.876  1738  2302 I MiuiNetworkPolicy: removeUidState uid = 10073
08-12 11:42:30.878   727  7554 I /vendor/bin/hw/vendor.qti.hardware.servicetracker@1.1-service: unbindService is called for service : com.google.android.googlequicksearchbox/com.google.android.apps.gsa.tasks.BackgroundTasksJobService and for client system
08-12 11:42:30.881   727  7554 I /vendor/bin/hw/vendor.qti.hardware.servicetracker@1.1-service: bindService is called for service : com.google.android.googlequicksearchbox/com.google.android.apps.gsa.tasks.BackgroundTasksJobService and for client system
08-12 11:42:30.881   727  7554 I /vendor/bin/hw/vendor.qti.hardware.servicetracker@1.1-service: total connections for service : com.google.android.googlequicksearchbox/com.google.android.apps.gsa.tasks.BackgroundTasksJobServiceare :1
08-12 11:42:30.881   727  7554 I /vendor/bin/hw/vendor.qti.hardware.servicetracker@1.1-service: total connections for client : systemare :22
08-12 11:42:30.886  4086  5147 W SearchServiceCore: Abort, client detached.
08-12 11:42:30.886  4086  5147 W SearchServiceCore: Abort, client detached.
08-12 11:42:30.889  4086  4086 I BgTaskExecutorImpl: Starting EXCLUSIVE background task WEAR_STATUS_SYNCER_UPDATE_OPT_IN_STATUS_IF_CHANGED.
08-12 11:42:30.889  2696  7753 I SarService: Receiver polling >>>> Change receiver mode: off
08-12 11:42:30.882  7953  7953 W TcmReceiver: type=1400 audit(0.0:2054): avc: denied { write } for name="tcm" dev="tmpfs" ino=29421 scontext=u:r:updater:s0:c512,c768 tcontext=u:object_r:dpmtcm_socket:s0 tclass=sock_file permissive=0
08-12 11:42:30.903   727  7554 I /vendor/bin/hw/vendor.qti.hardware.servicetracker@1.1-service: bindService is called for service : com.google.android.gms/.auth.account.authenticator.GoogleAccountAuthenticatorService and for client system
08-12 11:42:30.904   727  7554 I /vendor/bin/hw/vendor.qti.hardware.servicetracker@1.1-service: total connections for service : com.google.android.gms/.auth.account.authenticator.GoogleAccountAuthenticatorServiceare :1
08-12 11:42:30.904   727  7554 I /vendor/bin/hw/vendor.qti.hardware.servicetracker@1.1-service: total connections for client : systemare :23
08-12 11:42:30.905  1738  2837 D CompatibilityInfo: mCompatibilityFlags - 0
08-12 11:42:30.905  1738  2837 D CompatibilityInfo: applicationDensity - 440
08-12 11:42:30.905  1738  2837 D CompatibilityInfo: applicationScale - 1.0
08-12 11:42:30.909   727  7554 I /vendor/bin/hw/vendor.qti.hardware.servicetracker@1.1-service: startService() is called for servicecom.google.android.gms/.auth.account.authenticator.GoogleAccountAuthenticatorService
08-12 11:42:30.916  4086  4969 I WM-GreedyScheduler: Ignoring schedule request in a secondary process
08-12 11:42:30.928  4086  5147 W SearchServiceCore: Abort, client detached.
08-12 11:42:30.935  4086 10160 I DeviceDetector: Is not a headset device
08-12 11:42:30.939   727  7554 I /vendor/bin/hw/vendor.qti.hardware.servicetracker@1.1-service: unbindService is called for service : com.google.android.gms/.auth.account.authenticator.GoogleAccountAuthenticatorService and for client system
08-12 11:42:30.939   727  7554 I /vendor/bin/hw/vendor.qti.hardware.servicetracker@1.1-service: size of service connections for service: com.google.android.gms/.auth.account.authenticator.GoogleAccountAuthenticatorServiceafter removal is 0
08-12 11:42:30.939   727  7554 I /vendor/bin/hw/vendor.qti.hardware.servicetracker@1.1-service: size of client connections for client: systemafter removal is 22
08-12 11:42:30.940   727  7554 I /vendor/bin/hw/vendor.qti.hardware.servicetracker@1.1-service: destroyService is called for service : com.google.android.gms/.auth.account.authenticator.GoogleAccountAuthenticatorService
08-12 11:42:30.942  4086  5615 I Search.LoginHelperImpl: Successfully received auth token for scope: oauth2:https://www.google.com/accounts/OAuthLogin https://www.googleapis.com/auth/assistant in time 43 ms
08-12 11:42:30.955  3977  3977 I CNSS    : Failed to send nl message
08-12 11:42:30.959  4086  5365 W LocationOracle: getBestLocation(): no location is available
08-12 11:42:30.962  3977  3977 I CNSS    : Failed to send nl message
08-12 11:42:30.997  4086 10158 I NetworkRecognitionRnr: Using pair HTTP connection
08-12 11:42:31.020  3977  3977 I CNSS    : Failed to send nl message
08-12 11:42:31.023 10137 10137 I FeatureParser: can't find ginkgo.xml in assets/device_features/,it may be in /system/etc/device_features
08-12 11:42:31.022 10137 10137 W .android.chrome: type=1400 audit(0.0:2055): avc: denied { read } for name="u:object_r:vendor_default_prop:s0" dev="tmpfs" ino=18064 scontext=u:r:untrusted_app:s0:c191,c256,c512,c768 tcontext=u:object_r:vendor_default_prop:s0 tclass=file permissive=0
08-12 11:42:31.029 10137 10137 E libc    : Access denied finding property "ro.vendor.df.effect.conflict"
08-12 11:42:31.036  4086 10160 I DeviceDetector: Is not a headset device
08-12 11:42:31.048   727  7554 I /vendor/bin/hw/vendor.qti.hardware.servicetracker@1.1-service: unbindService is called for service : com.google.android.googlequicksearchbox/com.google.android.apps.gsa.tasks.BackgroundTasksJobService and for client system
08-12 11:42:31.053  4086  4969 I WM-GreedyScheduler: Ignoring schedule request in a secondary process
08-12 11:42:31.066   727  7554 I /vendor/bin/hw/vendor.qti.hardware.servicetracker@1.1-service: bindService is called for service : com.google.android.googlequicksearchbox/com.google.android.apps.gsa.tasks.BackgroundTasksJobService and for client system
08-12 11:42:31.067   727  7554 I /vendor/bin/hw/vendor.qti.hardware.servicetracker@1.1-service: total connections for service : com.google.android.googlequicksearchbox/com.google.android.apps.gsa.tasks.BackgroundTasksJobServiceare :1
08-12 11:42:31.067   727  7554 I /vendor/bin/hw/vendor.qti.hardware.servicetracker@1.1-service: total connections for client : systemare :22
08-12 11:42:31.067  4086 10160 I DeviceDetector: Is not a headset device
08-12 11:42:31.084  4086  4086 I BgTaskExecutorImpl: Starting EXCLUSIVE background task NOW_UPDATE_GCM_REGISTRATION.
08-12 11:42:31.090  2696  7753 I SarService: Receiver polling >>>> Change receiver mode: off
08-12 11:42:31.090  3067  6712 I FontLog : Received query Google Sans, URI content://com.google.android.gms.fonts [CONTEXT service_id=132 ]
08-12 11:42:31.090  3067  6712 I FontLog : Query [Google Sans] resolved to {Google Sans, wdth 100.0, wght 400, ital 0.0, bestEffort false} [CONTEXT service_id=132 ]
08-12 11:42:31.091  3067  6712 I FontLog : Font PFD returned from cache for {Google Sans, wdth 100.0, wght 400, ital 0.0, bestEffort false} [CONTEXT service_id=132 ]
08-12 11:42:31.092  3067  6712 I FontLog : Fetch {Google Sans, wdth 100.0, wght 400, ital 0.0, bestEffort false} end status Status{statusCode=SUCCESS, resolution=null} [CONTEXT service_id=132 ]
08-12 11:42:31.112  3067  6712 I FontLog : Pulling font file for id = 5, cache size = 5 [CONTEXT service_id=132 ]
08-12 11:42:31.142  4086 10160 I DeviceDetector: Is not a headset device
08-12 11:42:31.153 10137 10207 W DynamiteModule: Local module descriptor class for com.google.android.gms.googlecertificates not found.
08-12 11:42:31.153  1738  4977 I ActivityManager: Killing 9067:com.android.mms/u0a83 (adj 985): empty #17
08-12 11:42:31.159  1738  2302 I MiuiNetworkPolicy: updateUidState uid = 10191, uidState = 20
08-12 11:42:31.167  4086  5615 I A       : [Upload] Connected
08-12 11:42:31.168  4086 10160 I DeviceDetector: Not bonded or not refresh cache.
08-12 11:42:31.176  3977  3977 I CNSS    : Failed to send nl message
08-12 11:42:31.180  4086 10160 I DeviceDetector: Is not a headset device
08-12 11:42:31.184  4086 10160 I DeviceDetector: Is not a headset device
08-12 11:42:31.185 10137 10207 I DynamiteModule: Considering local module com.google.android.gms.googlecertificates:0 and remote module com.google.android.gms.googlecertificates:6
08-12 11:42:31.185 10137 10207 I DynamiteModule: Selected remote version of com.google.android.gms.googlecertificates, version >= 6
08-12 11:42:31.189  4086 10160 I DeviceDetector: Is not a headset device
08-12 11:42:31.201  4086 10160 I DeviceDetector: Not bonded or not refresh cache.
08-12 11:42:31.209  4086 10160 I DeviceDetector: Is not a headset device
08-12 11:42:31.214  4086 10160 I DeviceDetector: Is not a headset device
08-12 11:42:31.224  3977  3977 I CNSS    : Failed to send nl message
08-12 11:42:31.225  3067  4150 I FontLog : Received query Google Sans:500, URI content://com.google.android.gms.fonts [CONTEXT service_id=132 ]
08-12 11:42:31.226  3067  4150 I FontLog : Query [Google Sans:500] resolved to {Google Sans, wdth 100.0, wght 500, ital 0.0, bestEffort false} [CONTEXT service_id=132 ]
08-12 11:42:31.228  3067  4150 I FontLog : Font PFD returned from cache for {Google Sans, wdth 100.0, wght 500, ital 0.0, bestEffort false} [CONTEXT service_id=132 ]
08-12 11:42:31.229  3067  4150 I FontLog : Fetch {Google Sans, wdth 100.0, wght 500, ital 0.0, bestEffort false} end status Status{statusCode=SUCCESS, resolution=null} [CONTEXT service_id=132 ]
08-12 11:42:31.232  3977  3977 I CNSS    : Failed to send nl message
08-12 11:42:31.235  3977  3977 I chatty  : uid=1000(system) /system/vendor/bin/cnss_diag identical 1 line
08-12 11:42:31.238  3977  3977 I CNSS    : Failed to send nl message
08-12 11:42:31.241  4086 10160 I DeviceDetector: Is not a headset device
08-12 11:42:31.243  4086 10160 I chatty  : uid=10184 com.google.android.googlequicksearchbox:search identical 1 line
08-12 11:42:31.245  4086 10160 I DeviceDetector: Is not a headset device
08-12 11:42:31.249  3067  6712 I FontLog : Pulling font file for id = 6, cache size = 6 [CONTEXT service_id=132 ]
08-12 11:42:31.250  4086 10160 I DeviceDetector: Is not a headset device
08-12 11:42:31.258  4086 10160 I chatty  : uid=10184 com.google.android.googlequicksearchbox:search identical 2 lines
08-12 11:42:31.274  4086 10160 I DeviceDetector: Is not a headset device
08-12 11:42:31.276  3067  6712 I FontLog : Received query Google Sans:700, URI content://com.google.android.gms.fonts [CONTEXT service_id=132 ]
08-12 11:42:31.276  3067  6712 I FontLog : Query [Google Sans:700] resolved to {Google Sans, wdth 100.0, wght 700, ital 0.0, bestEffort false} [CONTEXT service_id=132 ]
08-12 11:42:31.279  4086 10160 I DeviceDetector: Is not a headset device
08-12 11:42:31.279  3067  6712 I FontLog : Fetch {Google Sans, wdth 100.0, wght 700, ital 0.0, bestEffort false} end status Status{statusCode=SUCCESS, resolution=null} [CONTEXT service_id=132 ]
08-12 11:42:31.284  4086 10160 I DeviceDetector: Is not a headset device
08-12 11:42:31.290  2696  7753 I SarService: Receiver polling >>>> Change receiver mode: off
08-12 11:42:31.294  3067  4150 I FontLog : Pulling font file for id = 7, cache size = 7 [CONTEXT service_id=132 ]
08-12 11:42:31.296  4086  4969 I WM-GreedyScheduler: Ignoring schedule request in a secondary process
08-12 11:42:31.305  4086 10160 I DeviceDetector: Is not a headset device
08-12 11:42:31.315  4086 10160 I DeviceDetector: Is not a headset device
08-12 11:42:31.319  4086 10206 I FirebaseApp: Device unlocked: initializing all Firebase APIs for app CHIME_ANDROID_SDK
08-12 11:42:31.325  4086 10160 I DeviceDetector: Is not a headset device
08-12 11:42:31.328  4086  4969 I WM-GreedyScheduler: Ignoring schedule request in a secondary process
08-12 11:42:31.333  4086 10160 I DeviceDetector: Not bonded or not refresh cache.
08-12 11:42:31.344   727  7554 I /vendor/bin/hw/vendor.qti.hardware.servicetracker@1.1-service: bindService is called for service : com.google.android.gms/.chimera.PersistentApiService and for client com.google.android.googlequicksearchbox:search
08-12 11:42:31.344   727  7554 I /vendor/bin/hw/vendor.qti.hardware.servicetracker@1.1-service: total connections for service : com.google.android.gms/.chimera.PersistentApiServiceare :12
08-12 11:42:31.344   727  7554 I /vendor/bin/hw/vendor.qti.hardware.servicetracker@1.1-service: total connections for client : com.google.android.googlequicksearchbox:searchare :6
08-12 11:42:31.350  4086 10160 I DeviceDetector: Is not a headset device
08-12 11:42:31.356   727  7554 I /vendor/bin/hw/vendor.qti.hardware.servicetracker@1.1-service: bindService is called for service : com.google.android.gms/.wearable.service.WearableService and for client com.google.android.googlequicksearchbox:search
08-12 11:42:31.356   727  7554 I /vendor/bin/hw/vendor.qti.hardware.servicetracker@1.1-service: total connections for service : com.google.android.gms/.wearable.service.WearableServiceare :1
08-12 11:42:31.356   727  7554 I /vendor/bin/hw/vendor.qti.hardware.servicetracker@1.1-service: total connections for client : com.google.android.googlequicksearchbox:searchare :7
08-12 11:42:31.358  1738  4226 D CompatibilityInfo: mCompatibilityFlags - 0
08-12 11:42:31.358  1738  4226 D CompatibilityInfo: applicationDensity - 440
08-12 11:42:31.358  1738  4226 D CompatibilityInfo: applicationScale - 1.0
08-12 11:42:31.359 10137 10207 W .android.chrom: ClassLoaderContext type mismatch. expected=PCL, found=DLC (PCL[] | DLC[];PCL[/data/app/com.android.chrome-MW6lOUi5YX7zvrKJ3danSQ==/split_chrome.apk*288746889];PCL[/data/app/com.android.chrome-MW6lOUi5YX7zvrKJ3danSQ==/base.apk*774504240]{PCL[/data/app/com.google.android.trichromelibrary_451513133-8pWRWZLinEwbo7-KQBxu1g==/base.apk*3317697611]})
08-12 11:42:31.361   727  7554 I /vendor/bin/hw/vendor.qti.hardware.servicetracker@1.1-service: startService() is called for servicecom.google.android.gms/.wearable.service.WearableService
08-12 11:42:31.363 10137 10207 W .android.chrom: Found duplicate classes, falling back to extracting from APK : /data/user_de/0/com.google.android.gms/app_chimera/m/000000ce/GoogleCertificates.apk
08-12 11:42:31.363 10137 10207 W .android.chrom: NOTE: This wastes RAM and hurts startup performance.
08-12 11:42:31.363 10137 10207 W .android.chrom: Found duplicated class when checking oat files: 'La;' in /data/app/com.android.chrome-MW6lOUi5YX7zvrKJ3danSQ==/base.apk and /data/user_de/0/com.google.android.gms/app_chimera/m/000000ce/GoogleCertificates.apk
08-12 11:42:31.363 10137 10207 W .android.chrom:
08-12 11:42:31.368  4086 10160 I DeviceDetector: Not bonded or not refresh cache.
08-12 11:42:31.371  1738  1912 E libprocessgroup: Failed to kill process cgroup uid 10083 pid 9067 in 216ms, 1 processes remain
08-12 11:42:31.395  4086  4969 W CronetNetworkRqstWrppr: Upload request without a content type.
08-12 11:42:31.397  4086 10160 I DeviceDetector: Is not a headset device
08-12 11:42:31.392  9165  9165 W TcmReceiver: type=1400 audit(0.0:2056): avc: denied { write } for name="tcm" dev="tmpfs" ino=29421 scontext=u:r:joyose_app:s0 tcontext=u:object_r:dpmtcm_socket:s0 tclass=sock_file permissive=0
08-12 11:42:31.404  3977  3977 I CNSS    : Failed to send nl message
08-12 11:42:31.406  3977  3977 I CNSS    : Failed to send nl message
08-12 11:42:31.411  4086 10160 I DeviceDetector: Is not a headset device
08-12 11:42:31.416  3977  3977 I CNSS    : Failed to send nl message
08-12 11:42:31.430  3977  3977 I chatty  : uid=1000(system) /system/vendor/bin/cnss_diag identical 14 lines
08-12 11:42:31.431  3977  3977 I CNSS    : Failed to send nl message
08-12 11:42:31.440  4086 10206 I A       : Falling back to non-UDC sources
08-12 11:42:31.441  4086 10206 I A       : Setting = NOW_CARDS, optedInt = true
08-12 11:42:31.442   607   607 I Zygote  : Process 9067 exited due to signal 9 (Killed)
08-12 11:42:31.445  1738  4219 D ProcessManager: skip restart com.android.mms because this device is a lowmemory device!
08-12 11:42:31.446   727  7554 I /vendor/bin/hw/vendor.qti.hardware.servicetracker@1.1-service: killProcess is called for pid : 9067
08-12 11:42:31.446   727  7554 I /vendor/bin/hw/vendor.qti.hardware.servicetracker@1.1-service: process with pid 9067 is client
08-12 11:42:31.446   727  7554 I /vendor/bin/hw/vendor.qti.hardware.servicetracker@1.1-service: removing client with pid 9067process namecom.android.mms
08-12 11:42:31.448  2659  3674 D QCNEJ/WlanStaInfoRelay: Received action: android.net.wifi.RSSI_CHANGED
08-12 11:42:31.450  2659  3674 I QCNEJ/NativeHalConnector: -> SND notifyWlanStaStatusChanged([WlanStaInfo]: wifiSwitchState = 1 rssi = -56 ssid = AUTO PEEPAL bssid = d8:47:32:7e:91:08 dnsInfo = 192.168.0.1;0.0.0.0;0.0.0.0;0.0.0.0; freqBand = _2GHz countryCode = in[RatInfo]: networkType = 1 subType = 101 networkState = CONNECTED netHdl = 432902426637 ipAddrV4 = 192.168.0.100 ipAddrV6 =  ifNameV4 = wlan0 ifNameV6 =  slotIdx = 0 isAndroidValidated = true) timeStamp = 2021-08-12 11:42:31.449
08-12 11:42:31.451  1738  2302 I MiuiNetworkPolicy: removeUidState uid = 10083
08-12 11:42:31.471   727  7554 I /vendor/bin/hw/vendor.qti.hardware.servicetracker@1.1-service: bindService is called for service : com.google.android.gms/com.google.android.location.reporting.service.ReportingAndroidService and for client com.google.android.googlequicksearchbox:search
08-12 11:42:31.471   727  7554 I /vendor/bin/hw/vendor.qti.hardware.servicetracker@1.1-service: total connections for service : com.google.android.gms/com.google.android.location.reporting.service.ReportingAndroidServiceare :1
08-12 11:42:31.471   727  7554 I /vendor/bin/hw/vendor.qti.hardware.servicetracker@1.1-service: total connections for client : com.google.android.googlequicksearchbox:searchare :8
08-12 11:42:31.475  1738  4261 D CompatibilityInfo: mCompatibilityFlags - 0
08-12 11:42:31.475  1738  4261 D CompatibilityInfo: applicationDensity - 440
08-12 11:42:31.475  1738  4261 D CompatibilityInfo: applicationScale - 1.0
08-12 11:42:31.477  4086 10160 I DeviceDetector: Is not a headset device
08-12 11:42:31.477   727  7554 I /vendor/bin/hw/vendor.qti.hardware.servicetracker@1.1-service: startService() is called for servicecom.google.android.gms/com.google.android.location.reporting.service.ReportingAndroidService
08-12 11:42:31.489   727  7554 I /vendor/bin/hw/vendor.qti.hardware.servicetracker@1.1-service: unbindService is called for service : com.google.android.gms/.measurement.service.MeasurementBrokerService and for client com.miui.home
08-12 11:42:31.490   727  7554 I /vendor/bin/hw/vendor.qti.hardware.servicetracker@1.1-service: size of service connections for service: com.google.android.gms/.measurement.service.MeasurementBrokerServiceafter removal is 1
08-12 11:42:31.490   727  7554 I /vendor/bin/hw/vendor.qti.hardware.servicetracker@1.1-service: size of client connections for client: com.miui.homeafter removal is 2
08-12 11:42:31.491  2696  7753 I SarService: Receiver polling >>>> Change receiver mode: off
08-12 11:42:31.497  4086 10160 I DeviceDetector: Is not a headset device
08-12 11:42:31.507  4086 10160 I DeviceDetector: Is not a headset device
08-12 11:42:31.513  3067  3067 I Wear_Controller: Wearable module requires a companion app to be installed.
08-12 11:42:31.513  3067  3067 I WearableService: onCreate: Wearable Services not starting. Wear is not available on this device.
08-12 11:42:31.515  4086 10160 I DeviceDetector: Is not a headset device
08-12 11:42:31.529  4086 10160 I DeviceDetector: Is not a headset device
08-12 11:42:31.542  4086  6836 D NetworkSecurityConfig: Using Network Security Config from resource network_security_config debugBuild: false
08-12 11:42:31.544  3067  6712 W WearableService: onGetService: Wear is not available on this device.
08-12 11:42:31.557  4086 10160 I DeviceDetector: Is not a headset device
08-12 11:42:31.578  4086  5147 W SearchServiceCore: Abort, client detached.
08-12 11:42:31.579  4086  5147 I chatty  : uid=10184(com.google.android.googlequicksearchbox) EventBus0 identical 2 lines
08-12 11:42:31.579  4086  5147 W SearchServiceCore: Abort, client detached.
08-12 11:42:31.585  3977  3977 I CNSS    : Failed to send nl message
08-12 11:42:31.599  4086 10198 W WearStatusSyncerImpl: Error while sending opt-in status
08-12 11:42:31.599  4086 10198 W WearStatusSyncerImpl: com.google.android.apps.gsa.shared.u.b: Failed to connect: 16
08-12 11:42:31.599  4086 10198 W WearStatusSyncerImpl:  at com.google.android.apps.gsa.shared.u.c.f(SourceFile:12)
08-12 11:42:31.599  4086 10198 W WearStatusSyncerImpl:  at com.google.android.apps.gsa.staticplugins.y.c.a(SourceFile:3)
08-12 11:42:31.599  4086 10198 W WearStatusSyncerImpl:  at com.google.android.apps.gsa.clockwork.b.a(SourceFile:2)
08-12 11:42:31.599  4086 10198 W WearStatusSyncerImpl:  at com.google.android.apps.gsa.staticplugins.r.a.a.a(SourceFile:1)
08-12 11:42:31.599  4086 10198 W WearStatusSyncerImpl:  at com.google.android.apps.gsa.staticplugins.r.a.b.a(SourceFile:1)
08-12 11:42:31.599  4086 10198 W WearStatusSyncerImpl:  at com.google.android.libraries.gsa.k.a.g.a(SourceFile:2)
08-12 11:42:31.599  4086 10198 W WearStatusSyncerImpl:  at com.google.common.w.a.ds.a(SourceFile:1)
08-12 11:42:31.599  4086 10198 W WearStatusSyncerImpl:  at com.google.common.w.a.cp.run(SourceFile:4)
08-12 11:42:31.599  4086 10198 W WearStatusSyncerImpl:  at com.google.common.w.a.du.run(SourceFile:1)
08-12 11:42:31.599  4086 10198 W WearStatusSyncerImpl:  at com.google.android.libraries.g.ab.run(SourceFile:1)
08-12 11:42:31.599  4086 10198 W WearStatusSyncerImpl:  at java.util.concurrent.ThreadPoolExecutor.runWorker(ThreadPoolExecutor.java:1167)
08-12 11:42:31.599  4086 10198 W WearStatusSyncerImpl:  at java.util.concurrent.ThreadPoolExecutor$Worker.run(ThreadPoolExecutor.java:641)
08-12 11:42:31.599  4086 10198 W WearStatusSyncerImpl:  at com.google.android.libraries.g.n.run(SourceFile:2)
08-12 11:42:31.599  4086 10198 W WearStatusSyncerImpl:  at com.google.android.libraries.g.f.run(SourceFile:2)
08-12 11:42:31.599  4086 10198 W WearStatusSyncerImpl:  at java.lang.Thread.run(Thread.java:919)
08-12 11:42:31.607  4086  5147 W SearchServiceCore: Abort, client detached.
08-12 11:42:31.607  4086  5147 I chatty  : uid=10184(com.google.android.googlequicksearchbox) EventBus0 identical 1 line
08-12 11:42:31.607  4086  5147 W SearchServiceCore: Abort, client detached.
08-12 11:42:31.622  4086 10160 I DeviceDetector: Marked as a known non-bisto device
08-12 11:42:31.627   727  7554 I /vendor/bin/hw/vendor.qti.hardware.servicetracker@1.1-service: unbindService is called for service : com.google.android.googlequicksearchbox/com.google.android.apps.gsa.tasks.BackgroundTasksJobService and for client system
08-12 11:42:31.631  4086 10160 I DeviceDetector: Is not a headset device
08-12 11:42:31.637   727  7554 I /vendor/bin/hw/vendor.qti.hardware.servicetracker@1.1-service: bindService is called for service : com.google.android.googlequicksearchbox/androidx.work.impl.background.systemjob.SystemJobService and for client system
08-12 11:42:31.637   727  7554 I /vendor/bin/hw/vendor.qti.hardware.servicetracker@1.1-service: total connections for service : com.google.android.googlequicksearchbox/androidx.work.impl.background.systemjob.SystemJobServiceare :1
08-12 11:42:31.637   727  7554 I /vendor/bin/hw/vendor.qti.hardware.servicetracker@1.1-service: total connections for client : systemare :23
08-12 11:42:31.640  4086 10160 I DeviceDetector: Is not a headset device
08-12 11:42:31.641  1738  2344 D CompatibilityInfo: mCompatibilityFlags - 0
08-12 11:42:31.641  1738  2344 D CompatibilityInfo: applicationDensity - 440
08-12 11:42:31.641  1738  2344 D CompatibilityInfo: applicationScale - 1.0
08-12 11:42:31.642   727  7554 I /vendor/bin/hw/vendor.qti.hardware.servicetracker@1.1-service: startService() is called for servicecom.google.android.googlequicksearchbox/androidx.work.impl.background.systemjob.SystemJobService
08-12 11:42:31.650  4086 10160 I DeviceDetector: Is not a headset device
08-12 11:42:31.653  4086 10160 I chatty  : uid=10184 com.google.android.googlequicksearchbox:search identical 1 line
08-12 11:42:31.668  4086 10160 I DeviceDetector: Is not a headset device
08-12 11:42:31.669   727  7554 I /vendor/bin/hw/vendor.qti.hardware.servicetracker@1.1-service: unbindService is called for service : com.google.android.googlequicksearchbox/com.google.android.apps.gsa.tasks.BackgroundTasksJobService and for client system
08-12 11:42:31.672  4086 10160 I DeviceDetector: Is not a headset device
08-12 11:42:31.675   727  7554 I /vendor/bin/hw/vendor.qti.hardware.servicetracker@1.1-service: bindService is called for service : com.google.android.googlequicksearchbox/com.google.android.libraries.notifications.entrypoints.scheduled.ScheduledTaskService and for client system
08-12 11:42:31.675   727  7554 I /vendor/bin/hw/vendor.qti.hardware.servicetracker@1.1-service: total connections for service : com.google.android.googlequicksearchbox/com.google.android.libraries.notifications.entrypoints.scheduled.ScheduledTaskServiceare :1
08-12 11:42:31.675   727  7554 I /vendor/bin/hw/vendor.qti.hardware.servicetracker@1.1-service: total connections for client : systemare :23
08-12 11:42:31.681  4086 10160 I DeviceDetector: Marked as a known non-bisto device
08-12 11:42:31.686  4086 10160 I DeviceDetector: Is not a headset device
08-12 11:42:31.689  3977  3977 I CNSS    : Failed to send nl message
08-12 11:42:31.691  2696  7753 I SarService: Receiver polling >>>> Change receiver mode: off
08-12 11:42:31.696  4086 10160 I DeviceDetector: Is not a headset device
08-12 11:42:31.704  4086  5069 W BpBinder: Slow Binder: BpBinder transact took 354 ms, interface=android.support.customtabs.ICustomTabsService, code=5 oneway=false
08-12 11:42:31.699  4086 10160 I DeviceDetector: Is not a headset device
08-12 11:42:31.707  4086  4086 I A       : Start work
08-12 11:42:31.722  3977  3977 I CNSS    : Failed to send nl message
08-12 11:42:31.723  3977  3977 I chatty  : uid=1000(system) /system/vendor/bin/cnss_diag identical 1 line
08-12 11:42:31.727  3977  3977 I CNSS    : Failed to send nl message
08-12 11:42:31.728   727  7554 I /vendor/bin/hw/vendor.qti.hardware.servicetracker@1.1-service: unbindService is called for service : com.android.chrome/org.chromium.chrome.browser.customtabs.CustomTabsConnectionService and for client com.google.android.googlequicksearchbox:search
08-12 11:42:31.728   727  7554 I /vendor/bin/hw/vendor.qti.hardware.servicetracker@1.1-service: size of service connections for service: com.android.chrome/org.chromium.chrome.browser.customtabs.CustomTabsConnectionServiceafter removal is 0
08-12 11:42:31.728   727  7554 I /vendor/bin/hw/vendor.qti.hardware.servicetracker@1.1-service: size of client connections for client: com.google.android.googlequicksearchbox:searchafter removal is 7
08-12 11:42:31.730  3977  3977 I CNSS    : Failed to send nl message
08-12 11:42:31.733   727  7554 I /vendor/bin/hw/vendor.qti.hardware.servicetracker@1.1-service: destroyService is called for service : com.android.chrome/org.chromium.chrome.browser.customtabs.CustomTabsConnectionService
08-12 11:42:31.734  4086 10160 I DeviceDetector: Is not a headset device
08-12 11:42:31.735  1738  2302 I MiuiNetworkPolicy: updateUidState uid = 10191, uidState = 11
08-12 11:42:31.739  3977  3977 I CNSS    : Failed to send nl message
08-12 11:42:31.755  3977  3977 I chatty  : uid=1000(system) /system/vendor/bin/cnss_diag identical 2 lines
08-12 11:42:31.756  3977  3977 I CNSS    : Failed to send nl message
08-12 11:42:31.758  4086 10160 I DeviceDetector: Is not a headset device
08-12 11:42:31.761  1738  2302 I MiuiNetworkPolicy: updateUidState uid = 10191, uidState = 20
08-12 11:42:31.762  4086  5143 I WM-WorkerWrapper: Worker result SUCCESS for Work [ id=622d22ae-f0a2-4ad0-809f-c1303167a7f7, tags={ com.google.apps.tiktok.contrib.work.TikTokListenableWorker, TikTokWorker#com.google.android.apps.gsa.staticplugins.opa.worker.nudgeui.ResetOpaNgaQueryCounterTask } ]
08-12 11:42:31.766  4086 10160 I DeviceDetector: Is not a headset device
08-12 11:42:31.771   727  7554 I /vendor/bin/hw/vendor.qti.hardware.servicetracker@1.1-service: unbindService is called for service : com.google.android.googlequicksearchbox/androidx.work.impl.background.systemjob.SystemJobService and for client system
08-12 11:42:31.771   727  7554 I /vendor/bin/hw/vendor.qti.hardware.servicetracker@1.1-service: size of service connections for service: com.google.android.googlequicksearchbox/androidx.work.impl.background.systemjob.SystemJobServiceafter removal is 0
08-12 11:42:31.771   727  7554 I /vendor/bin/hw/vendor.qti.hardware.servicetracker@1.1-service: size of client connections for client: systemafter removal is 22
08-12 11:42:31.771   727  7554 I /vendor/bin/hw/vendor.qti.hardware.servicetracker@1.1-service: destroyService is called for service : com.google.android.googlequicksearchbox/androidx.work.impl.background.systemjob.SystemJobService
