08-12 11:42:33.920  1738  4259 D CompatibilityInfo: applicationDensity - 440
08-12 11:42:33.920  1738  4259 D CompatibilityInfo: applicationScale - 1.0
08-12 11:42:33.921   727  7554 I /vendor/bin/hw/vendor.qti.hardware.servicetracker@1.1-service: startService() is called for servicecom.google.android.gms/.chimera.GmsInternalBoundBrokerService
08-12 11:42:33.923  3650  3650 D BoundBrokerSvc: onBind: Intent { act=com.google.android.gms.common.BIND_SHARED_PREFS pkg=com.google.android.gms }
08-12 11:42:33.923  3650  3650 D BoundBrokerSvc: Loading bound service for intent: Intent { act=com.google.android.gms.common.BIND_SHARED_PREFS pkg=com.google.android.gms }
08-12 11:42:33.923   727  7554 I /vendor/bin/hw/vendor.qti.hardware.servicetracker@1.1-service: bindService is called for service : com.google.android.gms/.chimera.GmsInternalBoundBrokerService and for client com.google.android.gms.persistent
08-12 11:42:33.924   727  7554 I /vendor/bin/hw/vendor.qti.hardware.servicetracker@1.1-service: total connections for service : com.google.android.gms/.chimera.GmsInternalBoundBrokerServiceare :1
08-12 11:42:33.924   727  7554 I /vendor/bin/hw/vendor.qti.hardware.servicetracker@1.1-service: total connections for client : com.google.android.gms.persistentare :10
08-12 11:42:33.933  1738  4219 I RecoverySnapshotLstnrs: Registered listener for agent with uid 10186
08-12 11:42:33.941  3650  3823 I CryptauthV2: [EnrollKeyName] ClientName calling Cryptauth is AuthzenAccountRegistration
08-12 11:42:33.944   727  7554 I /vendor/bin/hw/vendor.qti.hardware.servicetracker@1.1-service: unbindService is called for service : com.google.android.gms/.chimera.GmsInternalBoundBrokerService and for client com.google.android.gms.persistent
08-12 11:42:33.951   727  7554 I /vendor/bin/hw/vendor.qti.hardware.servicetracker@1.1-service: unbindService is called for service : com.google.android.gms/.chimera.GmsInternalBoundBrokerService and for client com.google.android.gms.persistent
08-12 11:42:33.951   727  7554 I /vendor/bin/hw/vendor.qti.hardware.servicetracker@1.1-service: size of service connections for service: com.google.android.gms/.chimera.GmsInternalBoundBrokerServiceafter removal is 0
08-12 11:42:33.951   727  7554 I /vendor/bin/hw/vendor.qti.hardware.servicetracker@1.1-service: size of client connections for client: com.google.android.gms.persistentafter removal is 9
08-12 11:42:33.951   727  7554 I /vendor/bin/hw/vendor.qti.hardware.servicetracker@1.1-service: destroyService is called for service : com.google.android.gms/.chimera.GmsInternalBoundBrokerService
08-12 11:42:33.951  3650  3650 D BoundBrokerSvc: onUnbind: Intent { act=com.google.android.gms.common.BIND_SHARED_PREFS pkg=com.google.android.gms }
08-12 11:42:33.955   727  2433 I /vendor/bin/hw/vendor.qti.hardware.servicetracker@1.1-service: bindService is called for service : com.google.android.gms/.chimera.GmsInternalBoundBrokerService and for client com.google.android.gms.persistent
08-12 11:42:33.955   727  2433 I /vendor/bin/hw/vendor.qti.hardware.servicetracker@1.1-service: total connections for service : com.google.android.gms/.chimera.GmsInternalBoundBrokerServiceare :1
08-12 11:42:33.955   727  2433 I /vendor/bin/hw/vendor.qti.hardware.servicetracker@1.1-service: total connections for client : com.google.android.gms.persistentare :10
08-12 11:42:33.957  1738  4977 D CompatibilityInfo: mCompatibilityFlags - 0
08-12 11:42:33.957  1738  4977 D CompatibilityInfo: applicationDensity - 440
08-12 11:42:33.957  1738  4977 D CompatibilityInfo: applicationScale - 1.0
08-12 11:42:33.958   727  2433 I /vendor/bin/hw/vendor.qti.hardware.servicetracker@1.1-service: startService() is called for servicecom.google.android.gms/.chimera.GmsInternalBoundBrokerService
08-12 11:42:33.960  3650  3650 D BoundBrokerSvc: onBind: Intent { act=com.google.android.gms.common.BIND_SHARED_PREFS pkg=com.google.android.gms }
08-12 11:42:33.960  3650  3650 D BoundBrokerSvc: Loading bound service for intent: Intent { act=com.google.android.gms.common.BIND_SHARED_PREFS pkg=com.google.android.gms }
08-12 11:42:33.969   727  2433 I /vendor/bin/hw/vendor.qti.hardware.servicetracker@1.1-service: unbindService is called for service : com.google.android.gms/.chimera.GmsInternalBoundBrokerService and for client com.google.android.gms.persistent
08-12 11:42:33.969   727  2433 I /vendor/bin/hw/vendor.qti.hardware.servicetracker@1.1-service: size of service connections for service: com.google.android.gms/.chimera.GmsInternalBoundBrokerServiceafter removal is 0
08-12 11:42:33.969   727  2433 I /vendor/bin/hw/vendor.qti.hardware.servicetracker@1.1-service: size of client connections for client: com.google.android.gms.persistentafter removal is 9
08-12 11:42:33.971   727  2433 I /vendor/bin/hw/vendor.qti.hardware.servicetracker@1.1-service: destroyService is called for service : com.google.android.gms/.chimera.GmsInternalBoundBrokerService
08-12 11:42:33.972  3650  3650 D BoundBrokerSvc: onUnbind: Intent { act=com.google.android.gms.common.BIND_SHARED_PREFS pkg=com.google.android.gms }
08-12 11:42:33.983   727  2433 I /vendor/bin/hw/vendor.qti.hardware.servicetracker@1.1-service: unbindService is called for service : com.google.android.gms/.auth.GetToken and for client com.google.android.gm
08-12 11:42:33.983   727  2433 I /vendor/bin/hw/vendor.qti.hardware.servicetracker@1.1-service: size of service connections for service: com.google.android.gms/.auth.GetTokenafter removal is 3
08-12 11:42:33.983   727  2433 I /vendor/bin/hw/vendor.qti.hardware.servicetracker@1.1-service: size of client connections for client: com.google.android.gmafter removal is 5
08-12 11:42:33.988   727  2433 I /vendor/bin/hw/vendor.qti.hardware.servicetracker@1.1-service: bindService is called for service : com.google.android.gms/.chimera.GmsInternalBoundBrokerService and for client com.google.android.gms.persistent
08-12 11:42:33.989   727  2433 I /vendor/bin/hw/vendor.qti.hardware.servicetracker@1.1-service: total connections for service : com.google.android.gms/.chimera.GmsInternalBoundBrokerServiceare :1
08-12 11:42:33.989   727  2433 I /vendor/bin/hw/vendor.qti.hardware.servicetracker@1.1-service: total connections for client : com.google.android.gms.persistentare :10
08-12 11:42:33.994  1738  4249 D CompatibilityInfo: mCompatibilityFlags - 0
08-12 11:42:33.994  1738  4249 D CompatibilityInfo: applicationDensity - 440
08-12 11:42:33.994  1738  4249 D CompatibilityInfo: applicationScale - 1.0
08-12 11:42:33.996   727  2433 I /vendor/bin/hw/vendor.qti.hardware.servicetracker@1.1-service: startService() is called for servicecom.google.android.gms/.chimera.GmsInternalBoundBrokerService
08-12 11:42:33.999  3650  3650 D BoundBrokerSvc: onBind: Intent { act=com.google.android.gms.common.BIND_SHARED_PREFS pkg=com.google.android.gms }
08-12 11:42:33.999  3650  3650 D BoundBrokerSvc: Loading bound service for intent: Intent { act=com.google.android.gms.common.BIND_SHARED_PREFS pkg=com.google.android.gms }
08-12 11:42:34.013   727  2433 I /vendor/bin/hw/vendor.qti.hardware.servicetracker@1.1-service: unbindService is called for service : com.google.android.gms/.chimera.GmsInternalBoundBrokerService and for client com.google.android.gms.persistent
08-12 11:42:34.013   727  2433 I /vendor/bin/hw/vendor.qti.hardware.servicetracker@1.1-service: size of service connections for service: com.google.android.gms/.chimera.GmsInternalBoundBrokerServiceafter removal is 0
08-12 11:42:34.013   727  2433 I /vendor/bin/hw/vendor.qti.hardware.servicetracker@1.1-service: size of client connections for client: com.google.android.gms.persistentafter removal is 9
08-12 11:42:34.015  3650  3650 D BoundBrokerSvc: onUnbind: Intent { act=com.google.android.gms.common.BIND_SHARED_PREFS pkg=com.google.android.gms }
08-12 11:42:34.015   727  2433 I /vendor/bin/hw/vendor.qti.hardware.servicetracker@1.1-service: destroyService is called for service : com.google.android.gms/.chimera.GmsInternalBoundBrokerService
08-12 11:42:34.020  3067 10273 I ProximityAuth: [PhoneHubService] No enabled account, stopping service
08-12 11:42:34.039   727  2433 I /vendor/bin/hw/vendor.qti.hardware.servicetracker@1.1-service: destroyService is called for service : com.google.android.gms/.auth.proximity.phonehub.PhoneHubService
08-12 11:42:34.041  3067  3067 I ProximityAuth: [PhoneHubService] Destroying PhoneHubChimeraService.
08-12 11:42:34.041  3067  3067 I ProximityAuth: [PhoneHubService] All devices have disconnected. Performing cleanup...
08-12 11:42:34.043  3067  3067 W ChimeraUtils: Module com.google.android.gms.auth_proximity has empty metadata display_name_string_id
08-12 11:42:34.056  1738  4977 D PerfShielderService: com.android.systemui|StatusBar|218|254826376568|218|0|1
08-12 11:42:34.070  4200  5725 E libprocessgroup: set_timerslack_ns write failed: Operation not permitted
08-12 11:42:34.084  4200  5725 I chatty  : uid=1000(system) Binder:4200_4 identical 114 lines
08-12 11:42:34.084  4200  5725 E libprocessgroup: set_timerslack_ns write failed: Operation not permitted
08-12 11:42:34.084  4086  5315 I GnpSdk  : [PhenotypeManagerImpl] Phenotype registration SUCCESS
08-12 11:42:34.084  4200  5725 E libprocessgroup: set_timerslack_ns write failed: Operation not permitted
08-12 11:42:34.084  4200  5725 I chatty  : uid=1000(system) Binder:4200_4 identical 4 lines
08-12 11:42:34.084  4200  5725 E libprocessgroup: set_timerslack_ns write failed: Operation not permitted
08-12 11:42:34.087  3067  5075 E avri    : Phenotype API error. Event # cpsb@2950e261, EventCode: 5 [CONTEXT service_id=51 ]
08-12 11:42:34.087  3067  5075 E avri    : avqn: 29501: Stale snapshot (change count changed - expected 82  but was 80)
08-12 11:42:34.087  3067  5075 E avri    :      at avrl.b(:com.google.android.gms@212621037@21.26.21 (120400-387928701):14)
08-12 11:42:34.087  3067  5075 E avri    :      at avrk.e(:com.google.android.gms@212621037@21.26.21 (120400-387928701):0)
08-12 11:42:34.087  3067  5075 E avri    :      at avri.d(:com.google.android.gms@212621037@21.26.21 (120400-387928701):4)
08-12 11:42:34.087  3067  5075 E avri    :      at avri.f(:com.google.android.gms@212621037@21.26.21 (120400-387928701):2)
08-12 11:42:34.087  3067  5075 E avri    :      at aeoz.run(:com.google.android.gms@212621037@21.26.21 (120400-387928701):17)
08-12 11:42:34.087  3067  5075 E avri    :      at bxqc.run(:com.google.android.gms@212621037@21.26.21 (120400-387928701):2)
08-12 11:42:34.087  3067  5075 E avri    :      at wiw.c(:com.google.android.gms@212621037@21.26.21 (120400-387928701):6)
08-12 11:42:34.087  3067  5075 E avri    :      at wiw.run(:com.google.android.gms@212621037@21.26.21 (120400-387928701):8)
08-12 11:42:34.087  3067  5075 E avri    :      at java.util.concurrent.ThreadPoolExecutor.runWorker(ThreadPoolExecutor.java:1167)
08-12 11:42:34.087  3067  5075 E avri    :      at java.util.concurrent.ThreadPoolExecutor$Worker.run(ThreadPoolExecutor.java:641)
08-12 11:42:34.087  3067  5075 E avri    :      at wot.run(:com.google.android.gms@212621037@21.26.21 (120400-387928701):0)
08-12 11:42:34.087  3067  5075 E avri    :      at java.lang.Thread.run(Thread.java:919)
08-12 11:42:34.092  3067  5075 E AsyncOperation: operation=CommitToConfigurationOperationCall, opStatusCode=29501 [CONTEXT service_id=51 ]
08-12 11:42:34.092  3067  5075 E AsyncOperation: OperationException[Status{statusCode=Stale snapshot (change count changed - expected 82  but was 80), resolution=null}]
08-12 11:42:34.092  3067  5075 E AsyncOperation:        at avri.d(:com.google.android.gms@212621037@21.26.21 (120400-387928701):6)
08-12 11:42:34.092  3067  5075 E AsyncOperation:        at avri.f(:com.google.android.gms@212621037@21.26.21 (120400-387928701):2)
08-12 11:42:34.092  3067  5075 E AsyncOperation:        at aeoz.run(:com.google.android.gms@212621037@21.26.21 (120400-387928701):17)
08-12 11:42:34.092  3067  5075 E AsyncOperation:        at bxqc.run(:com.google.android.gms@212621037@21.26.21 (120400-387928701):2)
08-12 11:42:34.092  3067  5075 E AsyncOperation:        at wiw.c(:com.google.android.gms@212621037@21.26.21 (120400-387928701):6)
08-12 11:42:34.092  3067  5075 E AsyncOperation:        at wiw.run(:com.google.android.gms@212621037@21.26.21 (120400-387928701):8)
08-12 11:42:34.092  3067  5075 E AsyncOperation:        at java.util.concurrent.ThreadPoolExecutor.runWorker(ThreadPoolExecutor.java:1167)
08-12 11:42:34.092  3067  5075 E AsyncOperation:        at java.util.concurrent.ThreadPoolExecutor$Worker.run(ThreadPoolExecutor.java:641)
08-12 11:42:34.092  3067  5075 E AsyncOperation:        at wot.run(:com.google.android.gms@212621037@21.26.21 (120400-387928701):0)
08-12 11:42:34.092  3067  5075 E AsyncOperation:        at java.lang.Thread.run(Thread.java:919)
08-12 11:42:34.097  2696  7753 I SarService: Receiver polling >>>> Change receiver mode: off
08-12 11:42:34.101  4200  5725 W MiuiPerfServiceClient: interceptAndQueuing:2410|com.android.systemui|218|218|unknown|null|StatusBar|254826376568|Slow main thread|1
08-12 11:42:34.110  3650 10079 I GmsCoreXrpcWrapper: Returning a channel provider with trafficStatsTag=18692 trafficStatsUid=-1
08-12 11:42:34.123 10250 10250 W oid.apps.photo: JIT profile information will not be recorded: profile file does not exits.
08-12 11:42:34.123 10250 10250 W oid.apps.photo: JIT profile information will not be recorded: profile file does not exits.
08-12 11:42:34.138 10250 10250 I Perf    : Connecting to perf service.
08-12 11:42:34.146  3650 10238 I Ads     : Parental control value is stale. Refreshing.
08-12 11:42:34.154   727  2433 I /vendor/bin/hw/vendor.qti.hardware.servicetracker@1.1-service: bindService is called for service : com.android.vending/com.google.android.finsky.contentfilterui.ContentFiltersService and for client com.google.android.gms
08-12 11:42:34.154   727  2433 I /vendor/bin/hw/vendor.qti.hardware.servicetracker@1.1-service: total connections for service : com.android.vending/com.google.android.finsky.contentfilterui.ContentFiltersServiceare :1
08-12 11:42:34.154   727  2433 I /vendor/bin/hw/vendor.qti.hardware.servicetracker@1.1-service: total connections for client : com.google.android.gmsare :7
08-12 11:42:34.154  1738  3039 D CompatibilityInfo: mCompatibilityFlags - 0
08-12 11:42:34.154  1738  3039 D CompatibilityInfo: applicationDensity - 440
08-12 11:42:34.155  1738  3039 D CompatibilityInfo: applicationScale - 1.0
08-12 11:42:34.157   727  2433 I /vendor/bin/hw/vendor.qti.hardware.servicetracker@1.1-service: startService() is called for servicecom.android.vending/com.google.android.finsky.contentfilterui.ContentFiltersService
08-12 11:42:34.159  3650 10238 I Ads     : Initialized AdMob in container 21.26.21 (120400-387928701)
08-12 11:42:34.162   727  2433 I /vendor/bin/hw/vendor.qti.hardware.servicetracker@1.1-service: bindService is called for service : com.google.android.gms/.trustagent.api.state.TrustAgentStateService and for client com.google.android.gms
08-12 11:42:34.162   727  2433 I /vendor/bin/hw/vendor.qti.hardware.servicetracker@1.1-service: total connections for service : com.google.android.gms/.trustagent.api.state.TrustAgentStateServiceare :1
08-12 11:42:34.162   727  2433 I /vendor/bin/hw/vendor.qti.hardware.servicetracker@1.1-service: total connections for client : com.google.android.gmsare :8
08-12 11:42:34.165  1738  4259 D CompatibilityInfo: mCompatibilityFlags - 0
08-12 11:42:34.165  1738  4259 D CompatibilityInfo: applicationDensity - 440
08-12 11:42:34.165  1738  4259 D CompatibilityInfo: applicationScale - 1.0
08-12 11:42:34.168   727  2433 I /vendor/bin/hw/vendor.qti.hardware.servicetracker@1.1-service: startService() is called for servicecom.google.android.gms/.trustagent.api.state.TrustAgentStateService
08-12 11:42:34.171  3650 10079 I AutofillModuleInitInten: AutofillModuleInitIntentOperation onInitRuntimeState(2) [CONTEXT service_id=177 ]
08-12 11:42:34.254  3067  6920 E avri    : Phenotype API error. Event # cpsb@a226eed6, EventCode: 5 [CONTEXT service_id=51 ]
08-12 11:42:34.254  3067  6920 E avri    : avqn: 29501: Stale snapshot (change count changed - expected 82  but was 80)
08-12 11:42:34.254  3067  6920 E avri    :      at avrl.b(:com.google.android.gms@212621037@21.26.21 (120400-387928701):14)
08-12 11:42:34.254  3067  6920 E avri    :      at avrk.e(:com.google.android.gms@212621037@21.26.21 (120400-387928701):0)
08-12 11:42:34.254  3067  6920 E avri    :      at avri.d(:com.google.android.gms@212621037@21.26.21 (120400-387928701):4)
08-12 11:42:34.254  3067  6920 E avri    :      at avri.f(:com.google.android.gms@212621037@21.26.21 (120400-387928701):2)
08-12 11:42:34.254  3067  6920 E avri    :      at aeoz.run(:com.google.android.gms@212621037@21.26.21 (120400-387928701):17)
08-12 11:42:34.254  3067  6920 E avri    :      at bxqc.run(:com.google.android.gms@212621037@21.26.21 (120400-387928701):2)
08-12 11:42:34.254  3067  6920 E avri    :      at wiw.c(:com.google.android.gms@212621037@21.26.21 (120400-387928701):6)
08-12 11:42:34.254  3067  6920 E avri    :      at wiw.run(:com.google.android.gms@212621037@21.26.21 (120400-387928701):8)
08-12 11:42:34.254  3067  6920 E avri    :      at java.util.concurrent.ThreadPoolExecutor.runWorker(ThreadPoolExecutor.java:1167)
08-12 11:42:34.254  3067  6920 E avri    :      at java.util.concurrent.ThreadPoolExecutor$Worker.run(ThreadPoolExecutor.java:641)
08-12 11:42:34.254  3067  6920 E avri    :      at wot.run(:com.google.android.gms@212621037@21.26.21 (120400-387928701):0)
08-12 11:42:34.254  3067  6920 E avri    :      at java.lang.Thread.run(Thread.java:919)
08-12 11:42:34.255  3067  6920 E AsyncOperation: operation=CommitToConfigurationOperationCall, opStatusCode=29501 [CONTEXT service_id=51 ]
08-12 11:42:34.255  3067  6920 E AsyncOperation: OperationException[Status{statusCode=Stale snapshot (change count changed - expected 82  but was 80), resolution=null}]
08-12 11:42:34.255  3067  6920 E AsyncOperation:        at avri.d(:com.google.android.gms@212621037@21.26.21 (120400-387928701):6)
08-12 11:42:34.255  3067  6920 E AsyncOperation:        at avri.f(:com.google.android.gms@212621037@21.26.21 (120400-387928701):2)
08-12 11:42:34.255  3067  6920 E AsyncOperation:        at aeoz.run(:com.google.android.gms@212621037@21.26.21 (120400-387928701):17)
08-12 11:42:34.255  3067  6920 E AsyncOperation:        at bxqc.run(:com.google.android.gms@212621037@21.26.21 (120400-387928701):2)
08-12 11:42:34.255  3067  6920 E AsyncOperation:        at wiw.c(:com.google.android.gms@212621037@21.26.21 (120400-387928701):6)
08-12 11:42:34.255  3067  6920 E AsyncOperation:        at wiw.run(:com.google.android.gms@212621037@21.26.21 (120400-387928701):8)
08-12 11:42:34.255  3067  6920 E AsyncOperation:        at java.util.concurrent.ThreadPoolExecutor.runWorker(ThreadPoolExecutor.java:1167)
08-12 11:42:34.255  3067  6920 E AsyncOperation:        at java.util.concurrent.ThreadPoolExecutor$Worker.run(ThreadPoolExecutor.java:641)
08-12 11:42:34.255  3067  6920 E AsyncOperation:        at wot.run(:com.google.android.gms@212621037@21.26.21 (120400-387928701):0)
08-12 11:42:34.255  3067  6920 E AsyncOperation:        at java.lang.Thread.run(Thread.java:919)
08-12 11:42:34.269  3650  3736 I GmsSyncPolicyEngine: Periodic sync 4 disabled by policy, cancelled.
08-12 11:42:34.269  3650  3736 I GmsSyncPolicyEngine: Periodic sync 5 disabled
08-12 11:42:34.293   727  2433 I /vendor/bin/hw/vendor.qti.hardware.servicetracker@1.1-service: bindService is called for service : com.google.android.gms/.chimera.GmsBoundBrokerService and for client com.google.android.gms
08-12 11:42:34.293   727  2433 I /vendor/bin/hw/vendor.qti.hardware.servicetracker@1.1-service: total connections for service : com.google.android.gms/.chimera.GmsBoundBrokerServiceare :5
08-12 11:42:34.294   727  2433 I /vendor/bin/hw/vendor.qti.hardware.servicetracker@1.1-service: total connections for client : com.google.android.gmsare :8
08-12 11:42:34.298  2696  7753 I SarService: Receiver polling >>>> Change receiver mode: off
08-12 11:42:34.299  3650  3650 D BoundBrokerSvc: onBind: Intent { act=com.google.android.mdd.service.START cmp=com.google.android.gms/.chimera.GmsBoundBrokerService }
08-12 11:42:34.299  3650  3650 D BoundBrokerSvc: Loading bound service for intent: Intent { act=com.google.android.mdd.service.START cmp=com.google.android.gms/.chimera.GmsBoundBrokerService }
08-12 11:42:34.331  1738  4259 D BiometricService: canAuthenticate: User=0, Caller=0
08-12 11:42:34.333 10250 10250 W oid.apps.photo: Verification of void fln.b() took 107.079ms
08-12 11:42:34.334  3067  5075 E avri    : Phenotype API error. Event # cpsb@e9580ad7, EventCode: 5 [CONTEXT service_id=51 ]
08-12 11:42:34.334  3067  5075 E avri    : avqn: 29501: Stale snapshot (change count changed - expected 82  but was 80)
08-12 11:42:34.334  3067  5075 E avri    :      at avrl.b(:com.google.android.gms@212621037@21.26.21 (120400-387928701):14)
08-12 11:42:34.334  3067  5075 E avri    :      at avrk.e(:com.google.android.gms@212621037@21.26.21 (120400-387928701):0)
08-12 11:42:34.334  3067  5075 E avri    :      at avri.d(:com.google.android.gms@212621037@21.26.21 (120400-387928701):4)
08-12 11:42:34.334  3067  5075 E avri    :      at avri.f(:com.google.android.gms@212621037@21.26.21 (120400-387928701):2)
08-12 11:42:34.334  3067  5075 E avri    :      at aeoz.run(:com.google.android.gms@212621037@21.26.21 (120400-387928701):17)
08-12 11:42:34.334  3067  5075 E avri    :      at bxqc.run(:com.google.android.gms@212621037@21.26.21 (120400-387928701):2)
08-12 11:42:34.334  3067  5075 E avri    :      at wiw.c(:com.google.android.gms@212621037@21.26.21 (120400-387928701):6)
08-12 11:42:34.334  3067  5075 E avri    :      at wiw.run(:com.google.android.gms@212621037@21.26.21 (120400-387928701):8)
08-12 11:42:34.334  3067  5075 E avri    :      at java.util.concurrent.ThreadPoolExecutor.runWorker(ThreadPoolExecutor.java:1167)
08-12 11:42:34.334  3067  5075 E avri    :      at java.util.concurrent.ThreadPoolExecutor$Worker.run(ThreadPoolExecutor.java:641)
08-12 11:42:34.334  3067  5075 E avri    :      at wot.run(:com.google.android.gms@212621037@21.26.21 (120400-387928701):0)
08-12 11:42:34.334  3067  5075 E avri    :      at java.lang.Thread.run(Thread.java:919)
08-12 11:42:34.335  3067  5075 E AsyncOperation: operation=CommitToConfigurationOperationCall, opStatusCode=29501 [CONTEXT service_id=51 ]
08-12 11:42:34.335  3067  5075 E AsyncOperation: OperationException[Status{statusCode=Stale snapshot (change count changed - expected 82  but was 80), resolution=null}]
08-12 11:42:34.335  3067  5075 E AsyncOperation:        at avri.d(:com.google.android.gms@212621037@21.26.21 (120400-387928701):6)
08-12 11:42:34.335  3067  5075 E AsyncOperation:        at avri.f(:com.google.android.gms@212621037@21.26.21 (120400-387928701):2)
08-12 11:42:34.335  3067  5075 E AsyncOperation:        at aeoz.run(:com.google.android.gms@212621037@21.26.21 (120400-387928701):17)
08-12 11:42:34.335  3067  5075 E AsyncOperation:        at bxqc.run(:com.google.android.gms@212621037@21.26.21 (120400-387928701):2)
08-12 11:42:34.335  3067  5075 E AsyncOperation:        at wiw.c(:com.google.android.gms@212621037@21.26.21 (120400-387928701):6)
08-12 11:42:34.335  3067  5075 E AsyncOperation:        at wiw.run(:com.google.android.gms@212621037@21.26.21 (120400-387928701):8)
08-12 11:42:34.335  3067  5075 E AsyncOperation:        at java.util.concurrent.ThreadPoolExecutor.runWorker(ThreadPoolExecutor.java:1167)
08-12 11:42:34.335  3067  5075 E AsyncOperation:        at java.util.concurrent.ThreadPoolExecutor$Worker.run(ThreadPoolExecutor.java:641)
08-12 11:42:34.335  3067  5075 E AsyncOperation:        at wot.run(:com.google.android.gms@212621037@21.26.21 (120400-387928701):0)
08-12 11:42:34.335  3067  5075 E AsyncOperation:        at java.lang.Thread.run(Thread.java:919)
08-12 11:42:34.337  1738  4259 D BiometricService: checkAndGetBiometricModality: user=0 isHardwareDetected=true hasTemplatesEnrolled=false enabledForApps=false
08-12 11:42:34.350   727  2433 I /vendor/bin/hw/vendor.qti.hardware.servicetracker@1.1-service: unbindService is called for service : com.google.android.gms/.chimera.GmsApiService and for client com.google.android.gms
08-12 11:42:34.350   727  2433 I /vendor/bin/hw/vendor.qti.hardware.servicetracker@1.1-service: size of service connections for service: com.google.android.gms/.chimera.GmsApiServiceafter removal is 3
08-12 11:42:34.350   727  2433 I /vendor/bin/hw/vendor.qti.hardware.servicetracker@1.1-service: size of client connections for client: com.google.android.gmsafter removal is 7
08-12 11:42:34.352  3650  3650 D BoundBrokerSvc: onUnbind: Intent { act=com.google.android.gms.auth.key.retrieval.service.START cmp=com.google.android.gms/.chimera.GmsApiService }
08-12 11:42:34.355  5318  6445 I Finsky  : [383] dsl.a(7): Received content filters request from sharedUserId=com.google.uid.shared:10186
08-12 11:42:34.402  9165  9165 W TcmReceiver: type=1400 audit(0.0:2062): avc: denied { write } for name="tcm" dev="tmpfs" ino=29421 scontext=u:r:joyose_app:s0 tcontext=u:object_r:dpmtcm_socket:s0 tclass=sock_file permissive=0
08-12 11:42:34.425  3977  3977 I CNSS    : Failed to send nl message
08-12 11:42:34.431  3977  3977 I chatty  : uid=1000(system) /system/vendor/bin/cnss_diag identical 3 lines
08-12 11:42:34.432  3977  3977 I CNSS    : Failed to send nl message
08-12 11:42:34.437   727  2433 I /vendor/bin/hw/vendor.qti.hardware.servicetracker@1.1-service: unbindService is called for service : com.google.android.gms/.chimera.GmsApiService and for client com.google.android.apps.maps
08-12 11:42:34.438   727  2433 I /vendor/bin/hw/vendor.qti.hardware.servicetracker@1.1-service: size of service connections for service: com.google.android.gms/.chimera.GmsApiServiceafter removal is 2
08-12 11:42:34.438   727  2433 I /vendor/bin/hw/vendor.qti.hardware.servicetracker@1.1-service: size of client connections for client: com.google.android.apps.mapsafter removal is 4
08-12 11:42:34.444   727  2433 I /vendor/bin/hw/vendor.qti.hardware.servicetracker@1.1-service: bindService is called for service : com.google.android.gms/.droidguard.DroidGuardService and for client com.google.android.gms
08-12 11:42:34.444   727  2433 I /vendor/bin/hw/vendor.qti.hardware.servicetracker@1.1-service: total connections for service : com.google.android.gms/.droidguard.DroidGuardServiceare :1
08-12 11:42:34.444   727  2433 I /vendor/bin/hw/vendor.qti.hardware.servicetracker@1.1-service: total connections for client : com.google.android.gmsare :8
08-12 11:42:34.454  3977  3977 I CNSS    : Failed to send nl message
08-12 11:42:34.480  3977  3977 I chatty  : uid=1000(system) /system/vendor/bin/cnss_diag identical 1 line
08-12 11:42:34.481  3977  3977 I CNSS    : Failed to send nl message
08-12 11:42:34.483   607   607 D Zygote  : Forked child process 10290
08-12 11:42:34.485  1738  1910 D Boost   : hostingType=service, hostingName={com.google.android.gms/com.google.android.gms.droidguard.DroidGuardService}, callerPackage=com.google.android.gms, isSystem=true, isBoostNeeded=false.
08-12 11:42:34.485  3650 10238 W BpBinder: Slow Binder: BpBinder transact took 314 ms, interface=android.content.IContentProvider, code=1 oneway=false
08-12 11:42:34.486   606  2490 D OemNetd : setPidForPackage: packageName=com.google.android.gms, pid=10290, pid=10186
08-12 11:42:34.487  1738  1910 I ActivityManager: Start proc 10290:com.google.android.gms.unstable/u0a186 for service {com.google.android.gms/com.google.android.gms.droidguard.DroidGuardService} caller=com.google.android.gms
08-12 11:42:34.489   727  2433 I /vendor/bin/hw/vendor.qti.hardware.servicetracker@1.1-service: unbindService is called for service : com.google.android.gms/.chimera.GmsBoundBrokerService and for client com.google.android.apps.maps
08-12 11:42:34.489   727  2433 I /vendor/bin/hw/vendor.qti.hardware.servicetracker@1.1-service: size of service connections for service: com.google.android.gms/.chimera.GmsBoundBrokerServiceafter removal is 4
08-12 11:42:34.489   727  2433 I /vendor/bin/hw/vendor.qti.hardware.servicetracker@1.1-service: size of client connections for client: com.google.android.apps.mapsafter removal is 3
08-12 11:42:34.497  3977  3977 I CNSS    : Failed to send nl message
08-12 11:42:34.498  2696  7753 I SarService: Receiver polling >>>> Change receiver mode: off
08-12 11:42:34.498  3977  3977 I CNSS    : Failed to send nl message
08-12 11:42:34.505  3977  3977 I chatty  : uid=1000(system) /system/vendor/bin/cnss_diag identical 8 lines
08-12 11:42:34.507  3977  3977 I CNSS    : Failed to send nl message
08-12 11:42:34.510 10290 10290 E id.gms.unstabl: Not starting debugger since process cannot load the jdwp agent.
08-12 11:42:34.520 10250 10250 I FeatureParser: can't find ginkgo.xml in assets/device_features/,it may be in /system/etc/device_features
08-12 11:42:34.524 10250 10250 E libc    : Access denied finding property "ro.vendor.df.effect.conflict"
08-12 11:42:34.512 10250 10250 W oid.apps.photos: type=1400 audit(0.0:2063): avc: denied { read } for name="u:object_r:vendor_default_prop:s0" dev="tmpfs" ino=18064 scontext=u:r:untrusted_app:s0:c221,c256,c512,c768 tcontext=u:object_r:vendor_default_prop:s0 tclass=file permissive=0
08-12 11:42:34.526   727  2433 I /vendor/bin/hw/vendor.qti.hardware.servicetracker@1.1-service: bindService is called for service : com.google.android.gms/.chimera.GmsInternalBoundBrokerService and for client com.google.android.gms
08-12 11:42:34.526   727  2433 I /vendor/bin/hw/vendor.qti.hardware.servicetracker@1.1-service: total connections for service : com.google.android.gms/.chimera.GmsInternalBoundBrokerServiceare :1
08-12 11:42:34.526   727  2433 I /vendor/bin/hw/vendor.qti.hardware.servicetracker@1.1-service: total connections for client : com.google.android.gmsare :9
08-12 11:42:34.527  1738  4261 D CompatibilityInfo: mCompatibilityFlags - 0
08-12 11:42:34.527  1738  4261 D CompatibilityInfo: applicationDensity - 440
08-12 11:42:34.528  1738  4261 D CompatibilityInfo: applicationScale - 1.0
08-12 11:42:34.533  3650  3650 D BoundBrokerSvc: onBind: Intent { act=com.google.android.gms.common.BIND_SHARED_PREFS pkg=com.google.android.gms }
08-12 11:42:34.533  3650  3650 D BoundBrokerSvc: Loading bound service for intent: Intent { act=com.google.android.gms.common.BIND_SHARED_PREFS pkg=com.google.android.gms }
08-12 11:42:34.533   727  2433 I /vendor/bin/hw/vendor.qti.hardware.servicetracker@1.1-service: startService() is called for servicecom.google.android.gms/.chimera.GmsInternalBoundBrokerService
08-12 11:42:34.534 10250 10250 W oid.apps.photo: Accessing hidden field Ljava/util/Collections$SynchronizedCollection;->mutex:Ljava/lang/Object; (greylist-max-o, reflection, denied)
08-12 11:42:34.534 10250 10250 W oid.apps.photo: Accessing hidden method Ljava/util/Collections$SynchronizedSet;-><init>(Ljava/util/Set;Ljava/lang/Object;)V (greylist-max-o, reflection, denied)
08-12 11:42:34.534 10250 10250 W oid.apps.photo: Accessing hidden method Ljava/util/Collections$SynchronizedCollection;-><init>(Ljava/util/Collection;Ljava/lang/Object;)V (greylist-max-o, reflection, denied)
08-12 11:42:34.536  1738  4249 D CompatibilityInfo: mCompatibilityFlags - 0
08-12 11:42:34.536  1738  4249 D CompatibilityInfo: applicationDensity - 440
08-12 11:42:34.536  1738  4249 D CompatibilityInfo: applicationScale - 1.0
08-12 11:42:34.542  1738  4249 D CompatibilityInfo: mCompatibilityFlags - 0
08-12 11:42:34.542  1738  4249 D CompatibilityInfo: applicationDensity - 440
08-12 11:42:34.542  1738  4249 D CompatibilityInfo: applicationScale - 1.0
08-12 11:42:34.543   727  2433 I /vendor/bin/hw/vendor.qti.hardware.servicetracker@1.1-service: startService() is called for servicecom.google.android.gms/.droidguard.DroidGuardService
08-12 11:42:34.554   727  2433 I /vendor/bin/hw/vendor.qti.hardware.servicetracker@1.1-service: unbindService is called for service : com.google.android.gms/.chimera.GmsInternalBoundBrokerService and for client com.google.android.gms
08-12 11:42:34.554   727  2433 I /vendor/bin/hw/vendor.qti.hardware.servicetracker@1.1-service: size of service connections for service: com.google.android.gms/.chimera.GmsInternalBoundBrokerServiceafter removal is 0
08-12 11:42:34.554   727  2433 I /vendor/bin/hw/vendor.qti.hardware.servicetracker@1.1-service: size of client connections for client: com.google.android.gmsafter removal is 8
08-12 11:42:34.556  3977  3977 I CNSS    : Failed to send nl message
08-12 11:42:34.559  3650  3650 D BoundBrokerSvc: onUnbind: Intent { act=com.google.android.gms.common.BIND_SHARED_PREFS pkg=com.google.android.gms }
08-12 11:42:34.560   727  2433 I /vendor/bin/hw/vendor.qti.hardware.servicetracker@1.1-service: destroyService is called for service : com.google.android.gms/.chimera.GmsInternalBoundBrokerService
08-12 11:42:34.564   727  2433 I /vendor/bin/hw/vendor.qti.hardware.servicetracker@1.1-service: bindService is called for service : com.google.android.gms/.backup.BackupAccountManagerService and for client com.google.android.gms
08-12 11:42:34.564   727  2433 I /vendor/bin/hw/vendor.qti.hardware.servicetracker@1.1-service: total connections for service : com.google.android.gms/.backup.BackupAccountManagerServiceare :1
08-12 11:42:34.564   727  2433 I /vendor/bin/hw/vendor.qti.hardware.servicetracker@1.1-service: total connections for client : com.google.android.gmsare :9
08-12 11:42:34.567  1738  4977 D CompatibilityInfo: mCompatibilityFlags - 0
08-12 11:42:34.567  1738  4977 D CompatibilityInfo: applicationDensity - 440
08-12 11:42:34.567  1738  4977 D CompatibilityInfo: applicationScale - 1.0
08-12 11:42:34.568   727  2433 I /vendor/bin/hw/vendor.qti.hardware.servicetracker@1.1-service: startService() is called for servicecom.google.android.gms/.backup.BackupAccountManagerService
08-12 11:42:34.571  3650 10238 I Backup  : [TargetEnabler] Setting target components to enabled = false
08-12 11:42:34.573   727  2433 I /vendor/bin/hw/vendor.qti.hardware.servicetracker@1.1-service: bindService is called for service : com.google.android.gms/.auth.GetToken and for client com.android.vending
08-12 11:42:34.574   727  2433 I /vendor/bin/hw/vendor.qti.hardware.servicetracker@1.1-service: total connections for service : com.google.android.gms/.auth.GetTokenare :4
08-12 11:42:34.574   727  2433 I /vendor/bin/hw/vendor.qti.hardware.servicetracker@1.1-service: total connections for client : com.android.vendingare :1
08-12 11:42:34.592  3650 10238 I Backup  : [TargetEnabler] Enabling D2dMigrateHelperService on non-Pixel on P+
08-12 11:42:34.594   727  2433 I /vendor/bin/hw/vendor.qti.hardware.servicetracker@1.1-service: bindService is called for service : com.google.android.gms/.auth.account.authenticator.GoogleAccountAuthenticatorService and for client system
08-12 11:42:34.594   727  2433 I /vendor/bin/hw/vendor.qti.hardware.servicetracker@1.1-service: total connections for service : com.google.android.gms/.auth.account.authenticator.GoogleAccountAuthenticatorServiceare :1
08-12 11:42:34.594   727  2433 I /vendor/bin/hw/vendor.qti.hardware.servicetracker@1.1-service: total connections for client : systemare :23
08-12 11:42:34.599  1738  4977 D CompatibilityInfo: mCompatibilityFlags - 0
08-12 11:42:34.599  1738  4977 D CompatibilityInfo: applicationDensity - 440
08-12 11:42:34.599  1738  4977 D CompatibilityInfo: applicationScale - 1.0
08-12 11:42:34.599 10290 10290 I id.gms.unstabl: The ClassLoaderContext is a special shared library.
08-12 11:42:34.600   727  2433 I /vendor/bin/hw/vendor.qti.hardware.servicetracker@1.1-service: startService() is called for servicecom.google.android.gms/.auth.account.authenticator.GoogleAccountAuthenticatorService
08-12 11:42:34.604 10290 10290 I id.gms.unstabl: The ClassLoaderContext is a special shared library.
08-12 11:42:34.609   727  2433 I /vendor/bin/hw/vendor.qti.hardware.servicetracker@1.1-service: bindService is called for service : com.google.android.gms/.backup.GmsBackupAccountManagerService and for client com.google.android.gms
08-12 11:42:34.609   727  2433 I /vendor/bin/hw/vendor.qti.hardware.servicetracker@1.1-service: total connections for service : com.google.android.gms/.backup.GmsBackupAccountManagerServiceare :1
08-12 11:42:34.610   727  2433 I /vendor/bin/hw/vendor.qti.hardware.servicetracker@1.1-service: total connections for client : com.google.android.gmsare :10
08-12 11:42:34.613  1738  4226 D CompatibilityInfo: mCompatibilityFlags - 0
08-12 11:42:34.613  1738  4226 D CompatibilityInfo: applicationDensity - 440
08-12 11:42:34.613  1738  4226 D CompatibilityInfo: applicationScale - 1.0
08-12 11:42:34.614 10290 10290 I id.gms.unstabl: The ClassLoaderContext is a special shared library.
08-12 11:42:34.616   727  2433 I /vendor/bin/hw/vendor.qti.hardware.servicetracker@1.1-service: startService() is called for servicecom.google.android.gms/.backup.GmsBackupAccountManagerService
08-12 11:42:34.635  3977  3977 I CNSS    : Failed to send nl message
08-12 11:42:34.638 10290 10290 W id.gms.unstabl: JIT profile information will not be recorded: profile file does not exits.
08-12 11:42:34.638 10290 10290 W id.gms.unstabl: JIT profile information will not be recorded: profile file does not exits.
08-12 11:42:34.642   727  2433 I /vendor/bin/hw/vendor.qti.hardware.servicetracker@1.1-service: unbindService is called for service : com.google.android.gms/.backup.GmsBackupAccountManagerService and for client com.google.android.gms
08-12 11:42:34.644  3977  3977 I CNSS    : Failed to send nl message
08-12 11:42:34.644   727  2433 I /vendor/bin/hw/vendor.qti.hardware.servicetracker@1.1-service: size of service connections for service: com.google.android.gms/.backup.GmsBackupAccountManagerServiceafter removal is 0
08-12 11:42:34.644   727  2433 I /vendor/bin/hw/vendor.qti.hardware.servicetracker@1.1-service: size of client connections for client: com.google.android.gmsafter removal is 9
08-12 11:42:34.645   727  2433 I /vendor/bin/hw/vendor.qti.hardware.servicetracker@1.1-service: destroyService is called for service : com.google.android.gms/.backup.GmsBackupAccountManagerService
08-12 11:42:34.646   727  2433 I /vendor/bin/hw/vendor.qti.hardware.servicetracker@1.1-service: unbindService is called for service : com.google.android.gms/.backup.BackupAccountManagerService and for client com.google.android.gms
08-12 11:42:34.646   727  2433 I /vendor/bin/hw/vendor.qti.hardware.servicetracker@1.1-service: size of service connections for service: com.google.android.gms/.backup.BackupAccountManagerServiceafter removal is 0
08-12 11:42:34.646   727  2433 I /vendor/bin/hw/vendor.qti.hardware.servicetracker@1.1-service: size of client connections for client: com.google.android.gmsafter removal is 8
08-12 11:42:34.648   727  2433 I /vendor/bin/hw/vendor.qti.hardware.servicetracker@1.1-service: destroyService is called for service : com.google.android.gms/.backup.BackupAccountManagerService
08-12 11:42:34.650  3650 10238 I Backup  : [SourceEnabler] Setting source components to enabled = true
08-12 11:42:34.656  3977  3977 I CNSS    : Failed to send nl message
08-12 11:42:34.657   727  2433 I /vendor/bin/hw/vendor.qti.hardware.servicetracker@1.1-service: unbindService is called for service : com.google.android.gms/.auth.account.authenticator.GoogleAccountAuthenticatorService and for client system
08-12 11:42:34.658   727  2433 I /vendor/bin/hw/vendor.qti.hardware.servicetracker@1.1-service: size of service connections for service: com.google.android.gms/.auth.account.authenticator.GoogleAccountAuthenticatorServiceafter removal is 0
08-12 11:42:34.658   727  2433 I /vendor/bin/hw/vendor.qti.hardware.servicetracker@1.1-service: size of client connections for client: systemafter removal is 22
08-12 11:42:34.659   727  2433 I /vendor/bin/hw/vendor.qti.hardware.servicetracker@1.1-service: destroyService is called for service : com.google.android.gms/.auth.account.authenticator.GoogleAccountAuthenticatorService
08-12 11:42:34.660  3977  3977 I CNSS    : Failed to send nl message
08-12 11:42:34.661  3650 10238 W Backup  : [ComponentEnablerUtil] Unable to set component 'com.google.android.gms.backup.component.CloudRestoreFlowActivity' to enabled=true
08-12 11:42:34.663 10290 10290 I Perf    : Connecting to perf service.
08-12 11:42:34.664   727  2433 I /vendor/bin/hw/vendor.qti.hardware.servicetracker@1.1-service: bindService is called for service : com.google.android.gms/.backup.BackupAccountManagerService and for client com.google.android.gms
08-12 11:42:34.665   727  2433 I /vendor/bin/hw/vendor.qti.hardware.servicetracker@1.1-service: total connections for service : com.google.android.gms/.backup.BackupAccountManagerServiceare :1
08-12 11:42:34.665   727  2433 I /vendor/bin/hw/vendor.qti.hardware.servicetracker@1.1-service: total connections for client : com.google.android.gmsare :9
08-12 11:42:34.665  3977  3977 I CNSS    : Failed to send nl message
08-12 11:42:34.666  3650  6892 W BpBinder: Slow Binder: BpBinder transact took 439 ms, interface=com.android.vending.contentfilters.IContentFiltersService, code=1 oneway=false
08-12 11:42:34.667  3650  6892 I Ads     : Successfully received play store parental controls the result.
08-12 11:42:34.667  3650 10238 W Backup  : [ComponentEnablerUtil] Unable to set component 'com.google.android.gms.backup.component.RestoreSessionV0Service' to enabled=true
08-12 11:42:34.668  3977  3977 I CNSS    : Failed to send nl message
08-12 11:42:34.669  1738  4249 D CompatibilityInfo: mCompatibilityFlags - 0
08-12 11:42:34.669  1738  4249 D CompatibilityInfo: applicationDensity - 440
08-12 11:42:34.669  1738  4249 D CompatibilityInfo: applicationScale - 1.0
08-12 11:42:34.670   727  2433 I /vendor/bin/hw/vendor.qti.hardware.servicetracker@1.1-service: startService() is called for servicecom.google.android.gms/.backup.BackupAccountManagerService
08-12 11:42:34.670  3650 10238 W Backup  : [ComponentEnablerUtil] Unable to set component 'com.google.android.gms.backup.component.D2dMigrateFlowActivity' to enabled=false
08-12 11:42:34.672   727  2433 I /vendor/bin/hw/vendor.qti.hardware.servicetracker@1.1-service: unbindService is called for service : com.google.android.gms/.chimera.PersistentApiService and for client com.google.android.apps.maps
08-12 11:42:34.675   727  2433 I /vendor/bin/hw/vendor.qti.hardware.servicetracker@1.1-service: unbindService is called for service : com.android.vending/com.google.android.finsky.contentfilterui.ContentFiltersService and for client com.google.android.gms
08-12 11:42:34.675   727  2433 I /vendor/bin/hw/vendor.qti.hardware.servicetracker@1.1-service: size of service connections for service: com.android.vending/com.google.android.finsky.contentfilterui.ContentFiltersServiceafter removal is 0
08-12 11:42:34.675   727  2433 I /vendor/bin/hw/vendor.qti.hardware.servicetracker@1.1-service: size of client connections for client: com.google.android.gmsafter removal is 8
08-12 11:42:34.677   727  2433 I /vendor/bin/hw/vendor.qti.hardware.servicetracker@1.1-service: destroyService is called for service : com.android.vending/com.google.android.finsky.contentfilterui.ContentFiltersService
08-12 11:42:34.697   727  2433 I /vendor/bin/hw/vendor.qti.hardware.servicetracker@1.1-service: bindService is called for service : com.google.android.gms/.backup.GmsBackupAccountManagerService and for client com.google.android.gms
08-12 11:42:34.698   727  2433 I /vendor/bin/hw/vendor.qti.hardware.servicetracker@1.1-service: total connections for service : com.google.android.gms/.backup.GmsBackupAccountManagerServiceare :1
08-12 11:42:34.698   727  2433 I /vendor/bin/hw/vendor.qti.hardware.servicetracker@1.1-service: total connections for client : com.google.android.gmsare :9
08-12 11:42:34.698  2696  7753 I SarService: Receiver polling >>>> Change receiver mode: off
08-12 11:42:34.700  1738  4230 D CompatibilityInfo: mCompatibilityFlags - 0
08-12 11:42:34.700  1738  4230 D CompatibilityInfo: applicationDensity - 440
08-12 11:42:34.700  1738  4230 D CompatibilityInfo: applicationScale - 1.0
08-12 11:42:34.701   727  2433 I /vendor/bin/hw/vendor.qti.hardware.servicetracker@1.1-service: startService() is called for servicecom.google.android.gms/.backup.GmsBackupAccountManagerService
08-12 11:42:34.709  4086  5315 I Notifications: [ChimeExecutorApiImpl-Tiktok] Finished Broadcast execution [161897472].
08-12 11:42:34.709   727  2433 I /vendor/bin/hw/vendor.qti.hardware.servicetracker@1.1-service: bindService is called for service : com.google.android.gms/.chimera.GmsInternalBoundBrokerService and for client com.google.android.gms
08-12 11:42:34.709   727  2433 I /vendor/bin/hw/vendor.qti.hardware.servicetracker@1.1-service: total connections for service : com.google.android.gms/.chimera.GmsInternalBoundBrokerServiceare :1
08-12 11:42:34.709   727  2433 I /vendor/bin/hw/vendor.qti.hardware.servicetracker@1.1-service: total connections for client : com.google.android.gmsare :10
08-12 11:42:34.710  1738  2518 D CompatibilityInfo: mCompatibilityFlags - 0
08-12 11:42:34.710  1738  2518 D CompatibilityInfo: applicationDensity - 440
08-12 11:42:34.710  1738  2518 D CompatibilityInfo: applicationScale - 1.0
08-12 11:42:34.711   727  2433 I /vendor/bin/hw/vendor.qti.hardware.servicetracker@1.1-service: startService() is called for servicecom.google.android.gms/.chimera.GmsInternalBoundBrokerService
08-12 11:42:34.715   727  2433 I /vendor/bin/hw/vendor.qti.hardware.servicetracker@1.1-service: bindService is called for service : com.google.android.gms/.chimera.PersistentApiService and for client com.google.android.apps.photos
08-12 11:42:34.715   727  2433 I /vendor/bin/hw/vendor.qti.hardware.servicetracker@1.1-service: total connections for service : com.google.android.gms/.chimera.PersistentApiServiceare :13
08-12 11:42:34.715   727  2433 I /vendor/bin/hw/vendor.qti.hardware.servicetracker@1.1-service: total connections for client : com.google.android.apps.photosare :1
08-12 11:42:34.716  3650  3650 D BoundBrokerSvc: onBind: Intent { act=com.google.android.gms.common.BIND_SHARED_PREFS pkg=com.google.android.gms }
08-12 11:42:34.716  3650  3650 D BoundBrokerSvc: Loading bound service for intent: Intent { act=com.google.android.gms.common.BIND_SHARED_PREFS pkg=com.google.android.gms }
08-12 11:42:34.718  1738  4249 D CompatibilityInfo: mCompatibilityFlags - 0
08-12 11:42:34.718  1738  4249 D CompatibilityInfo: applicationDensity - 440
08-12 11:42:34.718  1738  4249 D CompatibilityInfo: applicationScale - 1.0
08-12 11:42:34.726   727  2433 I /vendor/bin/hw/vendor.qti.hardware.servicetracker@1.1-service: unbindService is called for service : com.google.android.gms/.backup.GmsBackupAccountManagerService and for client com.google.android.gms
08-12 11:42:34.727   727  2433 I /vendor/bin/hw/vendor.qti.hardware.servicetracker@1.1-service: size of service connections for service: com.google.android.gms/.backup.GmsBackupAccountManagerServiceafter removal is 0
08-12 11:42:34.727   727  2433 I /vendor/bin/hw/vendor.qti.hardware.servicetracker@1.1-service: size of client connections for client: com.google.android.gmsafter removal is 9
08-12 11:42:34.728   727  2433 I /vendor/bin/hw/vendor.qti.hardware.servicetracker@1.1-service: destroyService is called for service : com.google.android.gms/.backup.GmsBackupAccountManagerService
08-12 11:42:34.730   727  2433 I /vendor/bin/hw/vendor.qti.hardware.servicetracker@1.1-service: unbindService is called for service : com.google.android.gms/.chimera.GmsInternalBoundBrokerService and for client com.google.android.gms
08-12 11:42:34.730   727  2433 I /vendor/bin/hw/vendor.qti.hardware.servicetracker@1.1-service: size of service connections for service: com.google.android.gms/.chimera.GmsInternalBoundBrokerServiceafter removal is 0
08-12 11:42:34.730   727  2433 I /vendor/bin/hw/vendor.qti.hardware.servicetracker@1.1-service: size of client connections for client: com.google.android.gmsafter removal is 8
08-12 11:42:34.731   727  2433 I /vendor/bin/hw/vendor.qti.hardware.servicetracker@1.1-service: destroyService is called for service : com.google.android.gms/.chimera.GmsInternalBoundBrokerService
08-12 11:42:34.732  3650  3650 D BoundBrokerSvc: onUnbind: Intent { act=com.google.android.gms.common.BIND_SHARED_PREFS pkg=com.google.android.gms }
08-12 11:42:34.738   727  2433 I /vendor/bin/hw/vendor.qti.hardware.servicetracker@1.1-service: unbindService is called for service : com.google.android.gms/.backup.BackupAccountManagerService and for client com.google.android.gms
08-12 11:42:34.738   727  2433 I /vendor/bin/hw/vendor.qti.hardware.servicetracker@1.1-service: size of service connections for service: com.google.android.gms/.backup.BackupAccountManagerServiceafter removal is 0
08-12 11:42:34.738   727  2433 I /vendor/bin/hw/vendor.qti.hardware.servicetracker@1.1-service: size of client connections for client: com.google.android.gmsafter removal is 7
08-12 11:42:34.739   727  2433 I /vendor/bin/hw/vendor.qti.hardware.servicetracker@1.1-service: destroyService is called for service : com.google.android.gms/.backup.BackupAccountManagerService
08-12 11:42:34.746  1738  4972 D BackupTransportManager: Transport com.google.android.gms/.backup.BackupTransportService updated its attributes
08-12 11:42:34.753   710  2343 E android.hardware.usb@1.0-service: uevent received SUBSYSTEM=dual_role_usb
08-12 11:42:34.754   710  2343 I android.hardware.usb@1.0-service: otg_default
08-12 11:42:34.754   710  2343 I android.hardware.usb@1.0-service: canChangeMode: 1 canChagedata: 0 canChangePower:0
08-12 11:42:34.755   710  2343 E android.hardware.usb@1.0-service: uevent received SUBSYSTEM=dual_role_usb
08-12 11:42:34.756   710  2343 I android.hardware.usb@1.0-service: otg_default
08-12 11:42:34.756  1738  2286 I UsbPortManager: ClientCallback V1_0: otg_default
