08-12 10:31:30.842 20074 20074 D StrictMode:    at miui.util.FeatureParser.getBoolean(FeatureParser.java:65)
08-12 10:31:30.842 20074 20074 D StrictMode:    at miui.os.DeviceFeature.<clinit>(DeviceFeature.java:18)
08-12 10:31:30.842 20074 20074 D StrictMode:    at android.app.Application.onCreate(Application.java:261)
08-12 10:31:30.842 20074 20074 D StrictMode:    at miui.external.Application.superOnCreate(Application.java:188)
08-12 10:31:30.842 20074 20074 D StrictMode:    at miui.external.Application.onCreate(Application.java:183)
08-12 10:31:30.842 20074 20074 D StrictMode:    at android.app.Instrumentation.callApplicationOnCreate(Instrumentation.java:1190)
08-12 10:31:30.842 20074 20074 D StrictMode:    at android.app.ActivityThread.handleBindApplication(ActivityThread.java:6584)
08-12 10:31:30.842 20074 20074 D StrictMode:    at android.app.ActivityThread.access$1400(ActivityThread.java:226)
08-12 10:31:30.842 20074 20074 D StrictMode:    at android.app.ActivityThread$H.handleMessage(ActivityThread.java:1889)
08-12 10:31:30.842 20074 20074 D StrictMode:    at android.os.Handler.dispatchMessage(Handler.java:107)
08-12 10:31:30.842 20074 20074 D StrictMode:    at android.os.Looper.loop(Looper.java:225)
08-12 10:31:30.842 20074 20074 D StrictMode:    at android.app.ActivityThread.main(ActivityThread.java:7564)
08-12 10:31:30.842 20074 20074 D StrictMode:    at java.lang.reflect.Method.invoke(Native Method)
08-12 10:31:30.842 20074 20074 D StrictMode:    at com.android.internal.os.RuntimeInit$MethodAndArgsCaller.run(RuntimeInit.java:539)
08-12 10:31:30.842 20074 20074 D StrictMode:    at com.android.internal.os.ZygoteInit.main(ZygoteInit.java:950)
08-12 10:31:30.843 20074 20074 D StrictMode: StrictMode policy violation; ~duration=7 ms: android.os.strictmode.DiskReadViolation
08-12 10:31:30.843 20074 20074 D StrictMode:    at android.os.StrictMode$AndroidBlockGuardPolicy.onReadFromDisk(StrictMode.java:1562)
08-12 10:31:30.843 20074 20074 D StrictMode:    at libcore.io.BlockGuardOs.read(BlockGuardOs.java:302)
08-12 10:31:30.843 20074 20074 D StrictMode:    at libcore.io.ForwardingOs.read(ForwardingOs.java:177)
08-12 10:31:30.843 20074 20074 D StrictMode:    at libcore.io.IoBridge.read(IoBridge.java:513)
08-12 10:31:30.843 20074 20074 D StrictMode:    at java.io.FileInputStream.read(FileInputStream.java:313)
08-12 10:31:30.843 20074 20074 D StrictMode:    at sun.nio.cs.StreamDecoder.readBytes(StreamDecoder.java:291)
08-12 10:31:30.843 20074 20074 D StrictMode:    at sun.nio.cs.StreamDecoder.implRead(StreamDecoder.java:355)
08-12 10:31:30.843 20074 20074 D StrictMode:    at sun.nio.cs.StreamDecoder.read(StreamDecoder.java:181)
08-12 10:31:30.843 20074 20074 D StrictMode:    at java.io.InputStreamReader.read(InputStreamReader.java:184)
08-12 10:31:30.843 20074 20074 D StrictMode:    at com.android.org.kxml2.io.KXmlParser.fillBuffer(KXmlParser.java:1535)
08-12 10:31:30.843 20074 20074 D StrictMode:    at com.android.org.kxml2.io.KXmlParser.peekType(KXmlParser.java:1007)
08-12 10:31:30.843 20074 20074 D StrictMode:    at com.android.org.kxml2.io.KXmlParser.next(KXmlParser.java:456)
08-12 10:31:30.843 20074 20074 D StrictMode:    at com.android.org.kxml2.io.KXmlParser.next(KXmlParser.java:321)
08-12 10:31:30.843 20074 20074 D StrictMode:    at miui.util.FeatureParser.read(FeatureParser.java:226)
08-12 10:31:30.843 20074 20074 D StrictMode:    at miui.util.FeatureParser.<clinit>(FeatureParser.java:60)
08-12 10:31:30.843 20074 20074 D StrictMode:    at miui.util.FeatureParser.getBoolean(FeatureParser.java:65)
08-12 10:31:30.843 20074 20074 D StrictMode:    at miui.os.DeviceFeature.<clinit>(DeviceFeature.java:18)
08-12 10:31:30.843 20074 20074 D StrictMode:    at android.app.Application.onCreate(Application.java:261)
08-12 10:31:30.843 20074 20074 D StrictMode:    at miui.external.Application.superOnCreate(Application.java:188)
08-12 10:31:30.843 20074 20074 D StrictMode:    at miui.external.Application.onCreate(Application.java:183)
08-12 10:31:30.843 20074 20074 D StrictMode:    at android.app.Instrumentation.callApplicationOnCreate(Instrumentation.java:1190)
08-12 10:31:30.843 20074 20074 D StrictMode:    at android.app.ActivityThread.handleBindApplication(ActivityThread.java:6584)
08-12 10:31:30.843 20074 20074 D StrictMode:    at android.app.ActivityThread.access$1400(ActivityThread.java:226)
08-12 10:31:30.843 20074 20074 D StrictMode:    at android.app.ActivityThread$H.handleMessage(ActivityThread.java:1889)
08-12 10:31:30.843 20074 20074 D StrictMode:    at android.os.Handler.dispatchMessage(Handler.java:107)
08-12 10:31:30.843 20074 20074 D StrictMode:    at android.os.Looper.loop(Looper.java:225)
08-12 10:31:30.843 20074 20074 D StrictMode:    at android.app.ActivityThread.main(ActivityThread.java:7564)
08-12 10:31:30.843 20074 20074 D StrictMode:    at java.lang.reflect.Method.invoke(Native Method)
08-12 10:31:30.843 20074 20074 D StrictMode:    at com.android.internal.os.RuntimeInit$MethodAndArgsCaller.run(RuntimeInit.java:539)
08-12 10:31:30.843 20074 20074 D StrictMode:    at com.android.internal.os.ZygoteInit.main(ZygoteInit.java:950)
08-12 10:31:30.846  1815  3919 D CompatibilityInfo: mCompatibilityFlags - 0
08-12 10:31:30.846  1815  3919 D CompatibilityInfo: applicationDensity - 440
08-12 10:31:30.846  1815  3919 D CompatibilityInfo: applicationScale - 1.0
08-12 10:31:30.846 19988 20288 W AmznMusic_TechnicalMetricsRecorder: TechnicalMetricsRecorder has not been initialized, returning no-op TechnicalMetricsCollection
08-12 10:31:30.848   737   766 I /vendor/bin/hw/vendor.qti.hardware.servicetracker@1.1-service: startService() is called for servicecom.google.android.gms/.auth.easyunlock.authorization.InitializerIntentService
08-12 10:31:30.869 20005 20294 W DynamiteModule: Local module descriptor class for com.google.firebase.auth not found.
08-12 10:31:30.870  3275  9284 I NearbyMediums: BluetoothAdapter's name was not set by Nearby Connections, ignoring call to restore default scan mode. [CONTEXT service_id=54 ]
08-12 10:31:30.871 19988 19988 E AmznMusic_RemoteConfigAttributes: Exception determining the marketplace
08-12 10:31:30.871 19988 19988 E AmznMusic_RemoteConfigAttributes: java.lang.IllegalStateException: Cannot call get without first calling initialize
08-12 10:31:30.871 19988 19988 E AmznMusic_RemoteConfigAttributes:      at com.amazon.music.account.AccountManagerSingleton.get(AccountManagerSingleton.java:34)
08-12 10:31:30.871 19988 19988 E AmznMusic_RemoteConfigAttributes:      at com.amazon.mp3.account.details.AccountDetailUtil.getHomeMarketPlaceIdNotDefaulted(AccountDetailUtil.java:110)
08-12 10:31:30.871 19988 19988 E AmznMusic_RemoteConfigAttributes:      at com.amazon.mp3.account.details.AccountDetailUtil.getHomeMarketPlaceId(AccountDetailUtil.java:153)
08-12 10:31:30.871 19988 19988 E AmznMusic_RemoteConfigAttributes:      at com.amazon.mp3.account.details.AccountDetailUtil.getHomeMarketPlace(AccountDetailUtil.java:204)
08-12 10:31:30.871 19988 19988 E AmznMusic_RemoteConfigAttributes:      at com.amazon.mp3.config.RemoteConfigAttributes.getLocaleLanguage(RemoteConfigAttributes.java:109)
08-12 10:31:30.871 19988 19988 E AmznMusic_RemoteConfigAttributes:      at com.amazon.music.config.IndigoLocalEndpoint.reloadConfiguration(IndigoLocalEndpoint.java:103)
08-12 10:31:30.871 19988 19988 E AmznMusic_RemoteConfigAttributes:      at com.amazon.music.config.IndigoLocalEndpoint.loadConfigurationPropertiesFile(IndigoLocalEndpoint.java:98)
08-12 10:31:30.871 19988 19988 E AmznMusic_RemoteConfigAttributes:      at com.amazon.music.config.IndigoLocalEndpoint.<init>(IndigoLocalEndpoint.java:57)
08-12 10:31:30.871 19988 19988 E AmznMusic_RemoteConfigAttributes:      at com.amazon.music.config.IndigoConfiguration.<init>(IndigoConfiguration.java:89)
08-12 10:31:30.871 19988 19988 E AmznMusic_RemoteConfigAttributes:      at com.amazon.music.config.ConfigurationFactory.getInstance(ConfigurationFactory.java:23)
08-12 10:31:30.871 19988 19988 E AmznMusic_RemoteConfigAttributes:      at com.amazon.mp3.AmazonApplication.getConfiguration(AmazonApplication.java:925)
08-12 10:31:30.871 19988 19988 E AmznMusic_RemoteConfigAttributes:      at com.amazon.mp3.util.DeviceID.getIdentifierBlacklist(DeviceID.java:264)
08-12 10:31:30.871 19988 19988 E AmznMusic_RemoteConfigAttributes:      at com.amazon.mp3.util.DeviceID.hasEntropy(DeviceID.java:250)
08-12 10:31:30.871 19988 19988 E AmznMusic_RemoteConfigAttributes:      at com.amazon.mp3.util.DeviceID.getId(DeviceID.java:52)
08-12 10:31:30.871 19988 19988 E AmznMusic_RemoteConfigAttributes:      at com.amazon.mp3.account.credentials.AccountCredentialStorage.getDeviceId(AccountCredentialStorage.java:210)
08-12 10:31:30.871 19988 19988 E AmznMusic_RemoteConfigAttributes:      at com.amazon.mp3.account.AccountManagerFactory.buildAccountServiceConfiguration(AccountManagerFactory.java:74)
08-12 10:31:30.871 19988 19988 E AmznMusic_RemoteConfigAttributes:      at com.amazon.mp3.account.AccountManagerFactory.buildAccountManager(AccountManagerFactory.java:35)
08-12 10:31:30.871 19988 19988 E AmznMusic_RemoteConfigAttributes:      at com.amazon.mp3.AmazonApplication.initializeAccountManager(AmazonApplication.java:1153)
08-12 10:31:30.871 19988 19988 E AmznMusic_RemoteConfigAttributes:      at com.amazon.mp3.AmazonApplication.onCreate(AmazonApplication.java:549)
08-12 10:31:30.871 19988 19988 E AmznMusic_RemoteConfigAttributes:      at android.app.Instrumentation.callApplicationOnCreate(Instrumentation.java:1190)
08-12 10:31:30.871 19988 19988 E AmznMusic_RemoteConfigAttributes:      at android.app.ActivityThread.handleBindApplication(ActivityThread.java:6584)
08-12 10:31:30.871 19988 19988 E AmznMusic_RemoteConfigAttributes:      at android.app.ActivityThread.access$1400(ActivityThread.java:226)
08-12 10:31:30.871 19988 19988 E AmznMusic_RemoteConfigAttributes:      at android.app.ActivityThread$H.handleMessage(ActivityThread.java:1889)
08-12 10:31:30.871 19988 19988 E AmznMusic_RemoteConfigAttributes:      at android.os.Handler.dispatchMessage(Handler.java:107)
08-12 10:31:30.871 19988 19988 E AmznMusic_RemoteConfigAttributes:      at android.os.Looper.loop(Looper.java:225)
08-12 10:31:30.871 19988 19988 E AmznMusic_RemoteConfigAttributes:      at android.app.ActivityThread.main(ActivityThread.java:7564)
08-12 10:31:30.871 19988 19988 E AmznMusic_RemoteConfigAttributes:      at java.lang.reflect.Method.invoke(Native Method)
08-12 10:31:30.871 19988 19988 E AmznMusic_RemoteConfigAttributes:      at com.android.internal.os.RuntimeInit$MethodAndArgsCaller.run(RuntimeInit.java:539)
08-12 10:31:30.871 19988 19988 E AmznMusic_RemoteConfigAttributes:      at com.android.internal.os.ZygoteInit.main(ZygoteInit.java:950)
08-12 10:31:30.871  3275  9284 I NearbyMediums: BluetoothAdapter's name was not set by Nearby Connections, ignoring call to restore device name [CONTEXT service_id=54 ]
08-12 10:31:30.872 20005 20005 I FirebaseInitProvider: FirebaseApp initialization successful
08-12 10:31:30.872 19988 19988 E AmznMusic_RemoteConfigAttributes: Exception determining the marketplace
08-12 10:31:30.872 19988 19988 E AmznMusic_RemoteConfigAttributes: java.lang.IllegalStateException: Cannot call get without first calling initialize
08-12 10:31:30.872 19988 19988 E AmznMusic_RemoteConfigAttributes:      at com.amazon.music.account.AccountManagerSingleton.get(AccountManagerSingleton.java:34)
08-12 10:31:30.872 19988 19988 E AmznMusic_RemoteConfigAttributes:      at com.amazon.mp3.account.details.AccountDetailUtil.getHomeMarketPlaceIdNotDefaulted(AccountDetailUtil.java:110)
08-12 10:31:30.872 19988 19988 E AmznMusic_RemoteConfigAttributes:      at com.amazon.mp3.account.details.AccountDetailUtil.getHomeMarketPlaceId(AccountDetailUtil.java:153)
08-12 10:31:30.872 19988 19988 E AmznMusic_RemoteConfigAttributes:      at com.amazon.mp3.account.details.AccountDetailUtil.getHomeMarketPlace(AccountDetailUtil.java:204)
08-12 10:31:30.872 19988 19988 E AmznMusic_RemoteConfigAttributes:      at com.amazon.mp3.config.RemoteConfigAttributes.getLocaleCountryCode(RemoteConfigAttributes.java:123)
08-12 10:31:30.872 19988 19988 E AmznMusic_RemoteConfigAttributes:      at com.amazon.music.config.IndigoLocalEndpoint.reloadConfiguration(IndigoLocalEndpoint.java:104)
08-12 10:31:30.872 19988 19988 E AmznMusic_RemoteConfigAttributes:      at com.amazon.music.config.IndigoLocalEndpoint.loadConfigurationPropertiesFile(IndigoLocalEndpoint.java:98)
08-12 10:31:30.872 19988 19988 E AmznMusic_RemoteConfigAttributes:      at com.amazon.music.config.IndigoLocalEndpoint.<init>(IndigoLocalEndpoint.java:57)
08-12 10:31:30.872 19988 19988 E AmznMusic_RemoteConfigAttributes:      at com.amazon.music.config.IndigoConfiguration.<init>(IndigoConfiguration.java:89)
08-12 10:31:30.872 19988 19988 E AmznMusic_RemoteConfigAttributes:      at com.amazon.music.config.ConfigurationFactory.getInstance(ConfigurationFactory.java:23)
08-12 10:31:30.872 19988 19988 E AmznMusic_RemoteConfigAttributes:      at com.amazon.mp3.AmazonApplication.getConfiguration(AmazonApplication.java:925)
08-12 10:31:30.872 19988 19988 E AmznMusic_RemoteConfigAttributes:      at com.amazon.mp3.util.DeviceID.getIdentifierBlacklist(DeviceID.java:264)
08-12 10:31:30.872 19988 19988 E AmznMusic_RemoteConfigAttributes:      at com.amazon.mp3.util.DeviceID.hasEntropy(DeviceID.java:250)
08-12 10:31:30.872 19988 19988 E AmznMusic_RemoteConfigAttributes:      at com.amazon.mp3.util.DeviceID.getId(DeviceID.java:52)
08-12 10:31:30.872 19988 19988 E AmznMusic_RemoteConfigAttributes:      at com.amazon.mp3.account.credentials.AccountCredentialStorage.getDeviceId(AccountCredentialStorage.java:210)
08-12 10:31:30.872 19988 19988 E AmznMusic_RemoteConfigAttributes:      at com.amazon.mp3.account.AccountManagerFactory.buildAccountServiceConfiguration(AccountManagerFactory.java:74)
08-12 10:31:30.872 19988 19988 E AmznMusic_RemoteConfigAttributes:      at com.amazon.mp3.account.AccountManagerFactory.buildAccountManager(AccountManagerFactory.java:35)
08-12 10:31:30.872 19988 19988 E AmznMusic_RemoteConfigAttributes:      at com.amazon.mp3.AmazonApplication.initializeAccountManager(AmazonApplication.java:1153)
08-12 10:31:30.872 19988 19988 E AmznMusic_RemoteConfigAttributes:      at com.amazon.mp3.AmazonApplication.onCreate(AmazonApplication.java:549)
08-12 10:31:30.872 19988 19988 E AmznMusic_RemoteConfigAttributes:      at android.app.Instrumentation.callApplicationOnCreate(Instrumentation.java:1190)
08-12 10:31:30.872 19988 19988 E AmznMusic_RemoteConfigAttributes:      at android.app.ActivityThread.handleBindApplication(ActivityThread.java:6584)
08-12 10:31:30.872 19988 19988 E AmznMusic_RemoteConfigAttributes:      at android.app.ActivityThread.access$1400(ActivityThread.java:226)
08-12 10:31:30.872 19988 19988 E AmznMusic_RemoteConfigAttributes:      at android.app.ActivityThread$H.handleMessage(ActivityThread.java:1889)
08-12 10:31:30.872 19988 19988 E AmznMusic_RemoteConfigAttributes:      at android.os.Handler.dispatchMessage(Handler.java:107)
08-12 10:31:30.872 19988 19988 E AmznMusic_RemoteConfigAttributes:      at android.os.Looper.loop(Looper.java:225)
08-12 10:31:30.872 19988 19988 E AmznMusic_RemoteConfigAttributes:      at android.app.ActivityThread.main(ActivityThread.java:7564)
08-12 10:31:30.872 19988 19988 E AmznMusic_RemoteConfigAttributes:      at java.lang.reflect.Method.invoke(Native Method)
08-12 10:31:30.872 19988 19988 E AmznMusic_RemoteConfigAttributes:      at com.android.internal.os.RuntimeInit$MethodAndArgsCaller.run(RuntimeInit.java:539)
08-12 10:31:30.872 19988 19988 E AmznMusic_RemoteConfigAttributes:      at com.android.internal.os.ZygoteInit.main(ZygoteInit.java:950)
08-12 10:31:30.878 19988 20260 E AmznMusic_SharedPrefCrypto: fail to get encrypted value for  account_token_device_id from com.amazon.mp3_AccountCredentials
08-12 10:31:30.881 19988 19988 E AmznMusic_SharedPrefCrypto: fail to get encrypted value for  account_device_type from com.amazon.mp3_AccountCredentials
08-12 10:31:30.889 19988 19988 W AmznMusic_TechnicalMetricsRecorder: TechnicalMetricsRecorder has not been initialized, returning no-op TechnicalMetricsCollection
08-12 10:31:30.890 19988 19988 E AmznMusic_SharedPrefCrypto: fail to get encrypted value for  account_token_device_id from com.amazon.mp3_AccountCredentials
08-12 10:31:30.892 19988 19988 E AmznMusic_SharedPrefCrypto: fail to get encrypted value for  account_device_type from com.amazon.mp3_AccountCredentials
08-12 10:31:30.896  3275  3275 I Fido    : [CableAuthenticatorChimeraService] Unregistering receiver.
08-12 10:31:30.898   737   766 I /vendor/bin/hw/vendor.qti.hardware.servicetracker@1.1-service: unbindService is called for service : com.google.android.gms/.chimera.GmsInternalBoundBrokerService and for client com.google.android.gms.persistent
08-12 10:31:30.898  3275  3275 I Fido    : [CableAuthenticatorChimeraService] Registering broadcast receiver.
08-12 10:31:30.898   737   766 I /vendor/bin/hw/vendor.qti.hardware.servicetracker@1.1-service: size of service connections for service: com.google.android.gms/.chimera.GmsInternalBoundBrokerServiceafter removal is 0
08-12 10:31:30.898   737   766 I /vendor/bin/hw/vendor.qti.hardware.servicetracker@1.1-service: size of client connections for client: com.google.android.gms.persistentafter removal is 5
08-12 10:31:30.899   737   766 I /vendor/bin/hw/vendor.qti.hardware.servicetracker@1.1-service: destroyService is called for service : com.google.android.gms/.chimera.GmsInternalBoundBrokerService
08-12 10:31:30.899  3815  3815 D BoundBrokerSvc: onUnbind: Intent { act=com.google.android.gms.common.BIND_SHARED_PREFS pkg=com.google.android.gms }
08-12 10:31:30.901  3275  9284 I NearbyMediums: BluetoothAdapter's name was not set by Nearby Connections, ignoring call to restore default scan mode. [CONTEXT service_id=54 ]
08-12 10:31:30.903  3275 18672 I ProximityAuth: [PhoneHubService] No enabled account, stopping service
08-12 10:31:30.904  3275  9284 I NearbyMediums: BluetoothAdapter's name was not set by Nearby Connections, ignoring call to restore device name [CONTEXT service_id=54 ]
08-12 10:31:30.909 19988 19988 E AmznMusic_SharedPrefCrypto: fail to get encrypted value for  User from DMMUserAccount_AccountCache
08-12 10:31:30.910  2736  6704 I SarService: Receiver polling >>>> Change receiver mode: off
08-12 10:31:30.910   737   766 I /vendor/bin/hw/vendor.qti.hardware.servicetracker@1.1-service: destroyService is called for service : com.google.android.gms/.auth.proximity.phonehub.PhoneHubService
08-12 10:31:30.911  3275  5538 I NearbyDiscovery: FastPairHandler: Received action android.bluetooth.adapter.action.STATE_CHANGED [CONTEXT service_id=49 ]
08-12 10:31:30.911  3275  3275 I NearbyDiscovery: FastPair: onAdapterStateChange: state=12 [CONTEXT service_id=49 ]
08-12 10:31:30.911 19988 19988 E AmznMusic_SharedPrefCrypto: fail to get encrypted value for  User from DMMUserAccount_AccountCache
08-12 10:31:30.913 20025 20025 I Perf    : Connecting to perf service.
08-12 10:31:30.916   737   766 I /vendor/bin/hw/vendor.qti.hardware.servicetracker@1.1-service: bindService is called for service : com.google.android.gms/.chimera.PersistentBoundBrokerService and for client com.google.android.gms.persistent
08-12 10:31:30.916   737   766 I /vendor/bin/hw/vendor.qti.hardware.servicetracker@1.1-service: total connections for service : com.google.android.gms/.chimera.PersistentBoundBrokerServiceare :2
08-12 10:31:30.916   737   766 I /vendor/bin/hw/vendor.qti.hardware.servicetracker@1.1-service: total connections for client : com.google.android.gms.persistentare :5
08-12 10:31:30.919 19988 19988 E AmznMusic_SharedPrefCrypto: fail to get encrypted value for  User from DMMUserAccount_AccountCache
08-12 10:31:30.922 19988 19988 E AmznMusic_SharedPrefCrypto: fail to get encrypted value for  User from DMMUserAccount_AccountCache
08-12 10:31:30.927 19969 19981 I android.youtub: Background young concurrent copying GC freed 23938(4219KB) AllocSpace objects, 12(304KB) LOS objects, 88% free, 3061KB/26MB, paused 4.063ms total 537.165ms
08-12 10:31:30.929   737   766 I /vendor/bin/hw/vendor.qti.hardware.servicetracker@1.1-service: bindService is called for service : com.google.android.gms/.ads.identifier.service.AdvertisingIdService and for client com.google.android.youtube
08-12 10:31:30.930   737   766 I /vendor/bin/hw/vendor.qti.hardware.servicetracker@1.1-service: total connections for service : com.google.android.gms/.ads.identifier.service.AdvertisingIdServiceare :1
08-12 10:31:30.930   737   766 I /vendor/bin/hw/vendor.qti.hardware.servicetracker@1.1-service: total connections for client : com.google.android.youtubeare :2
08-12 10:31:30.931 20005 20298 W DynamiteModule: Local module descriptor class for com.google.firebase.auth not found.
08-12 10:31:30.934  1815  3919 D CompatibilityInfo: mCompatibilityFlags - 0
08-12 10:31:30.934  1815  3919 D CompatibilityInfo: applicationDensity - 440
08-12 10:31:30.935  1815  3919 D CompatibilityInfo: applicationScale - 1.0
08-12 10:31:30.939   737   766 I /vendor/bin/hw/vendor.qti.hardware.servicetracker@1.1-service: startService() is called for servicecom.google.android.gms/.ads.identifier.service.AdvertisingIdService
08-12 10:31:30.939 20025 20025 W ResourceType: CREATING STRING CACHE OF 72 bytes
08-12 10:31:30.940 20005 20261 D libcrashlytics: Initializing libcrashlytics version 2.0.5
08-12 10:31:30.944 20005 20261 D libcrashlytics: Initializing native crash handling successful.
08-12 10:31:30.945 20005 20261 I FirebaseCrashlytics: Crashlytics NDK initialization successful
08-12 10:31:30.948 19988 20288 I ...h.device.api.MAPInit: Initializing MAP (130050002 / MAPAndroidLib-1.1.260142.0) for app com.amazon.mp3. MAP release version: 20201216N
08-12 10:31:30.955  3275  3275 I NearbyDiscovery: FastPair: onAdapterStateChange: state=12 [CONTEXT service_id=49 ]
08-12 10:31:30.956  3275  3275 I Fido    : [CableAuthenticatorChimeraService] Unregistering receiver.
08-12 10:31:30.960  3275  3275 I Fido    : [CableAuthenticatorChimeraService] Registering broadcast receiver.
08-12 10:31:30.966  3275  5538 I NearbyDiscovery: Show notifications: 0 total, no changes since last shown, no-op. [CONTEXT service_id=49 ]
08-12 10:31:30.968 20005 20298 I FirebaseAuth: [FirebaseAuth:] Preparing to create service connection to gms implementation
08-12 10:31:30.972   737   766 I /vendor/bin/hw/vendor.qti.hardware.servicetracker@1.1-service: bindService is called for service : com.google.android.gms/com.google.firebase.auth.api.gms.service.FirebaseAuthService and for client com.gaana
08-12 10:31:30.972   737   766 I /vendor/bin/hw/vendor.qti.hardware.servicetracker@1.1-service: total connections for service : com.google.android.gms/com.google.firebase.auth.api.gms.service.FirebaseAuthServiceare :1
08-12 10:31:30.972   737   766 I /vendor/bin/hw/vendor.qti.hardware.servicetracker@1.1-service: total connections for client : com.gaanaare :1
08-12 10:31:30.976  1815  3456 D CompatibilityInfo: mCompatibilityFlags - 0
08-12 10:31:30.976  1815  3456 D CompatibilityInfo: applicationDensity - 440
08-12 10:31:30.976  1815  3456 D CompatibilityInfo: applicationScale - 1.0
08-12 10:31:30.977   737   766 I /vendor/bin/hw/vendor.qti.hardware.servicetracker@1.1-service: startService() is called for servicecom.google.android.gms/com.google.firebase.auth.api.gms.service.FirebaseAuthService
08-12 10:31:30.978  3815  3815 D BoundBrokerSvc: onBind: Intent { act=com.google.firebase.auth.api.gms.service.START pkg=com.google.android.gms }
08-12 10:31:30.979  3815  3815 D BoundBrokerSvc: Loading bound service for intent: Intent { act=com.google.firebase.auth.api.gms.service.START pkg=com.google.android.gms }
08-12 10:31:30.980 19988 20288 I com.amazon.mp3/mj: ThirdParty DCP metrics is supported
08-12 10:31:30.980 19988 20288 I com.amazon.mp3/mj: Using the ThirdPartyPlatformDCPMetricsCollector
08-12 10:31:30.984  3275  3275 I ProximityAuth: [PhoneHubService] Destroying PhoneHubChimeraService.
08-12 10:31:30.986 19988 19988 I com.amazon.device.crashmanager.CrashDetectionHelper: Installing crash detector as default exception handler.
08-12 10:31:30.987 19988 20288 I DPLogger: DPLogger - Name was too long. Truncating; original name: BaseMetricsServiceFactory, truncated name: BaseMetricsServiceFacto
08-12 10:31:30.987 19988 20288 I DPLogger: DPLogger - Name was too long. Truncating; original name: MetricsConfigurationParser, truncated name: MetricsConfigurationPar
08-12 10:31:30.989  1815  9330 D com.android.server.pm.PackageManagerServiceInjector: Skip dexopt on: /data/user/0/com.google.android.youtube/cache/1626903455339.jar, because com.google.android.youtube is not current resumed. Current resumed is: com.SML.AutoPeepal
08-12 10:31:30.992 19988 20314 I com.amazon.device.crashmanager.CrashDetectionHelper: Skipping crash report upload. WiFi/Ethernet is not connected AND upload over WAN is not allowed
08-12 10:31:30.992  3275  3275 I ProximityAuth: [PhoneHubService] All devices have disconnected. Performing cleanup...
08-12 10:31:30.996 19988 20288 I MetricsConfigurationPar: MetricsConfigurationParser - Picking configuration; Domain: prod, Build: user, isDebuggable: false
08-12 10:31:31.013 19988 19988 E AmznMusic_SharedPrefCrypto: fail to get encrypted value for  account_token_device_id from com.amazon.mp3_AccountCredentials
08-12 10:31:31.015 19988 19988 E AmznMusic_SharedPrefCrypto: fail to get encrypted value for  account_device_type from com.amazon.mp3_AccountCredentials
08-12 10:31:31.016 19988 19988 W AmznMusic_PlaybackInitializationHelper: Initializing playback instance.
08-12 10:31:31.019 20074 20165 D SyncAccountUtils: queryReadonlyAccountTypes: checking package com.google.android.gms, account type com.google, parser android.content.res.XmlBlock$Parser@cd283fd
08-12 10:31:31.024 19988 20288 W BaseMetricsServiceFacto: createMetricsService - Skipping batch pipeline setup for Priority HIGH and Channel LOCATION because no configuration is provided.;
08-12 10:31:31.024  3275  3275 W ChimeraUtils: Module com.google.android.gms.auth_proximity has empty metadata display_name_string_id
08-12 10:31:31.027 19988 19988 E AmznMusic_SharedPrefCrypto: fail to get encrypted value for  User from DMMUserAccount_AccountCache
08-12 10:31:31.027 19988 19988 E AmznMusic_UserSubscription: Error fetching user from AccountManager: com.amazon.music.account.DataNotReadyException
08-12 10:31:31.029 19988 20288 I DPLogger: DPLogger - Name was too long. Truncating; original name: Metrics:BoundedByteArrayQueue, truncated name: Metrics:BoundedByteArra
08-12 10:31:31.029 19988 20288 I DPLogger: DPLogger - Name was too long. Truncating; original name: Metrics:NonVolatileBoundedByteArrayQueue, truncated name: Metrics:NonVolatileBoun
08-12 10:31:31.031 19988 20288 I DPLogger: DPLogger - Name was too long. Truncating; original name: AndroidDeviceInfoManager, truncated name: AndroidDeviceInfoManage
08-12 10:31:31.031 19988 20288 I DPLogger: DPLogger - Name was too long. Truncating; original name: OverridingDeviceInfoManager, truncated name: OverridingDeviceInfoMan
08-12 10:31:31.036 20005 20005 W com.facebook.UserSettingsManager: Please set a value for AutoLogAppEventsEnabled. Set the flag to TRUE if you want to collect app install, app launch and in-app purchase events automatically. To request user consent before collecting data, set the flag value to FALSE, then change to TRUE once user consent is received. Learn more: https://developers.facebook.com/docs/app-events/getting-started-app-events-android#disable-auto-events.
08-12 10:31:31.036 20005 20005 W com.facebook.UserSettingsManager: You haven't set a value for AdvertiserIDCollectionEnabled. Set the flag to TRUE if you want to collect Advertiser ID for better advertising and analytics results. To request user consent before collecting data, set the flag value to FALSE, then change to TRUE once user consent is received. Learn more: https://developers.facebook.com/docs/app-events/getting-started-app-events-android#disable-auto-events.
08-12 10:31:31.036   737   766 I /vendor/bin/hw/vendor.qti.hardware.servicetracker@1.1-service: bindService is called for service : com.google.android.gms/.chimera.PersistentInternalBoundBrokerService and for client com.google.android.gms.persistent
08-12 10:31:31.038   737   766 I /vendor/bin/hw/vendor.qti.hardware.servicetracker@1.1-service: total connections for service : com.google.android.gms/.chimera.PersistentInternalBoundBrokerServiceare :1
08-12 10:31:31.039   737   766 I /vendor/bin/hw/vendor.qti.hardware.servicetracker@1.1-service: total connections for client : com.google.android.gms.persistentare :6
08-12 10:31:31.039  1815  2683 D CompatibilityInfo: mCompatibilityFlags - 0
08-12 10:31:31.039  1815  2683 D CompatibilityInfo: applicationDensity - 440
08-12 10:31:31.039  1815  2683 D CompatibilityInfo: applicationScale - 1.0
08-12 10:31:31.042   737   766 I /vendor/bin/hw/vendor.qti.hardware.servicetracker@1.1-service: startService() is called for servicecom.google.android.gms/.chimera.PersistentInternalBoundBrokerService
08-12 10:31:31.047  1815  1815 V SettingsProvider: Notifying for 0: content://settings/global/ble_scan_low_power_window_ms
08-12 10:31:31.048  1815  1815 V SettingsProvider: Notifying for 999: content://settings/global/ble_scan_low_power_window_ms
08-12 10:31:31.051  3275  3275 D BoundBrokerSvc: onBind: Intent { act=com.google.android.gms.scheduler.ACTION_PROXY_SCHEDULE cmp=com.google.android.gms/.chimera.PersistentInternalBoundBrokerService }
08-12 10:31:31.051  3275  3275 D BoundBrokerSvc: Loading bound service for intent: Intent { act=com.google.android.gms.scheduler.ACTION_PROXY_SCHEDULE cmp=com.google.android.gms/.chimera.PersistentInternalBoundBrokerService }
08-12 10:31:31.056  1815  1815 V SettingsProvider: Notifying for 0: content://settings/global/ble_scan_low_power_interval_ms
08-12 10:31:31.057  1815  1815 V SettingsProvider: Notifying for 999: content://settings/global/ble_scan_low_power_interval_ms
08-12 10:31:31.058 19943 19943 D com.android.bluetooth.ble.app.z: loadFromConfig() sHasLoaded = false
08-12 10:31:31.059 19943 20343 D MiuiBleAppReceiver: do not support fast connect
08-12 10:31:31.067 19988 20288 I DPLogger: DPLogger - Name was too long. Truncating; original name: Metrics:BatchTransmitter, truncated name: Metrics:BatchTransmitte
08-12 10:31:31.067 19988 20288 I DPLogger: DPLogger - Name was too long. Truncating; original name: Metrics:ThreadPoolBatchTransmitter, truncated name: Metrics:ThreadPoolBatch
08-12 10:31:31.067 19988 20288 I DPLogger: DPLogger - Name was too long. Truncating; original name: PeriodicBatchTransmitter, truncated name: PeriodicBatchTransmitte
08-12 10:31:31.067 20005 20190 W com.gaana: ClassLoaderContext type mismatch. expected=PCL, found=DLC (PCL[] | DLC[];PCL[/data/app/com.gaana-sfGWb_ohcQ-s1-08yxal-w==/base.apk*3419417103:/data/app/com.gaana-sfGWb_ohcQ-s1-08yxal-w==/base.apk!classes2.dex*2116600982:/data/app/com.gaana-sfGWb_ohcQ-s1-08yxal-w==/base.apk!classes3.dex*2753800527:/data/app/com.gaana-sfGWb_ohcQ-s1-08yxal-w==/base.apk!classes4.dex*496452370:/data/app/com.gaana-sfGWb_ohcQ-s1-08yxal-w==/base.apk!classes5.dex*2203252190]{PCL[/system/framework/org.apache.http.legacy.jar*2820881278]})
08-12 10:31:31.067 19988 20288 I DPLogger: DPLogger - Name was too long. Truncating; original name: Metrics:UrgentBatchTransmitter, truncated name: Metrics:UrgentBatchTran
08-12 10:31:31.068 19988 20288 W BaseMetricsServiceFacto: createMetricsService - Skipping batch pipeline setup for Priority HIGH and Channel NON_ANONYMOUS because no configuration is provided.;
08-12 10:31:31.068 19988 20288 W BaseMetricsServiceFacto: createMetricsService - Skipping batch pipeline setup for Priority NORMAL and Channel LOCATION because no configuration is provided.;
08-12 10:31:31.069 20005 20190 W com.gaana: Found duplicate classes, falling back to extracting from APK : /data/user_de/0/com.google.android.gms/app_chimera/m/000000d0/MeasurementDynamite.apk
08-12 10:31:31.069 20005 20190 W com.gaana: NOTE: This wastes RAM and hurts startup performance.
08-12 10:31:31.069 20005 20190 W com.gaana: Found duplicated class when checking oat files: 'La;' in /data/app/com.gaana-sfGWb_ohcQ-s1-08yxal-w==/base.apk and /data/user_de/0/com.google.android.gms/app_chimera/m/000000d0/MeasurementDynamite.apk
08-12 10:31:31.069 20005 20190 W com.gaana:
08-12 10:31:31.077  1815  3924 D ConnectivityService: requestNetwork for uid/pid:10205/19969 NetworkRequest [ TRACK_DEFAULT id=108, [ Capabilities: INTERNET&NOT_RESTRICTED&TRUSTED Uid: 10205] ]
08-12 10:31:31.078 20074 20274 D T9CallLogDepot: updateFirewallItem()
08-12 10:31:31.078  1815  2376 D Ethernet: got request NetworkRequest [ TRACK_DEFAULT id=108, [ Capabilities: INTERNET&NOT_RESTRICTED&TRUSTED Uid: 10205] ] with score 0 and serial 0
08-12 10:31:31.079  1815  2320 D WifiNetworkFactory: got request NetworkRequest [ TRACK_DEFAULT id=108, [ Capabilities: INTERNET&NOT_RESTRICTED&TRUSTED Uid: 10205] ] with score 0 and serial 0
08-12 10:31:31.079  1815  2320 D UntrustedWifiNetworkFactory: got request NetworkRequest [ TRACK_DEFAULT id=108, [ Capabilities: INTERNET&NOT_RESTRICTED&TRUSTED Uid: 10205] ] with score 0 and serial 0
08-12 10:31:31.079  2736  2736 D PhoneSwitcherNetworkRequstListener: got request NetworkRequest [ TRACK_DEFAULT id=108, [ Capabilities: INTERNET&NOT_RESTRICTED&TRUSTED Uid: 10205] ] with score 0 and serial 0
08-12 10:31:31.089   737   766 I /vendor/bin/hw/vendor.qti.hardware.servicetracker@1.1-service: bindService is called for service : com.google.android.gms/.auth.GetToken and for client com.google.android.youtube
08-12 10:31:31.089   737   766 I /vendor/bin/hw/vendor.qti.hardware.servicetracker@1.1-service: total connections for service : com.google.android.gms/.auth.GetTokenare :1
08-12 10:31:31.089   737   766 I /vendor/bin/hw/vendor.qti.hardware.servicetracker@1.1-service: total connections for client : com.google.android.youtubeare :3
08-12 10:31:31.090 19988 19988 W MediaButtonReceiver: More than one BroadcastReceiver that handles android.intent.action.MEDIA_BUTTON was found, returning null.
08-12 10:31:31.090 19988 19988 W MediaSessionCompat: Couldn't find a unique registered media button receiver in the given context.
08-12 10:31:31.093  1815  3924 D CompatibilityInfo: mCompatibilityFlags - 0
08-12 10:31:31.093  1815  3924 D CompatibilityInfo: applicationDensity - 440
08-12 10:31:31.093  1815  3924 D CompatibilityInfo: applicationScale - 1.0
08-12 10:31:31.095 19816 19951 V Avrcp_ext: updateCurrentMediaState: mMediaController: MediaController (com.android.bluetooth@6967c55) null
08-12 10:31:31.096 19816 19951 V Avrcp_ext: isMusicActive: false getBluetoothPlayState: 2
08-12 10:31:31.096 19816 19951 V Avrcp_ext: updateCurrentMediaState: isPlaying = false
08-12 10:31:31.096 19816 19951 V Avrcp_ext: updateCurrentMediaState: get media attributes:
08-12 10:31:31.096   737   766 I /vendor/bin/hw/vendor.qti.hardware.servicetracker@1.1-service: startService() is called for servicecom.google.android.gms/.auth.GetToken
08-12 10:31:31.097 19816 19951 V Avrcp_ext: Media update: id -1➡-1? [MediaAttributes: none] : [MediaAttributes: none]
08-12 10:31:31.097 19816 19951 V Avrcp_ext: newPlayStatus:-1mReportedPlayStatus:-1
08-12 10:31:31.097 19816 19951 I Avrcp_ext: Players updated current playback state is error, skip updating playback state
08-12 10:31:31.102 20074 20165 D SyncAccountUtils: queryReadonlyAccountTypes: checking package com.google.android.apps.tachyon, account type com.google.android.apps.tachyon, parser android.content.res.XmlBlock$Parser@9b46b43
08-12 10:31:31.102 19816 19951 D HeadsetService: getHeadsetService(): returning com.android.bluetooth.hfp.HeadsetService@9faa
08-12 10:31:31.103 19816 19951 D HeadsetService:  isAudioOn: The number of audio connected devices 0
08-12 10:31:31.103 19816 19951 D HeadsetService: isScoOrCallActive(): Call Active:falseCall is Ringing:falseSCO is Active:false
08-12 10:31:31.104 19816 19951 D HeadsetService:  isAudioOn: The number of audio connected devices 0
08-12 10:31:31.105 19816 19951 V Avrcp_ext: ActiveSession: MediaController (com.amazon.mp3@c9bd210) null
08-12 10:31:31.105  1815  3919 D AudioManager: getStreamVolume isRestricted mode = 0
08-12 10:31:31.106 19816 19951 W Avrcp_ext: playState object null, sending STOPPED
08-12 10:31:31.106 19816 19951 V Avrcp_ext: isBrowseSupported for com.amazon.mp3: true
08-12 10:31:31.107 19816 19951 D Avrcp_ext: update #5:MediaPlayerInfo com.amazon.mp3 (as 'Amazon Music') Type = 1, SubType = 0, Status = 0 Feature Bits [40 41 42 44 45 47 48 58 59 62 65 67] Controller: MediaController (com.amazon.mp3@c9bd210) null
08-12 10:31:31.107 19816 19951 V Avrcp_ext: updateCurrentMediaState: mMediaController: MediaController (com.android.bluetooth@6967c55) null
08-12 10:31:31.107   737   766 I /vendor/bin/hw/vendor.qti.hardware.servicetracker@1.1-service: bindService is called for service : com.google.android.gms/.chimera.GmsInternalBoundBrokerService and for client com.google.android.gms.persistent
08-12 10:31:31.108 19816 19951 V Avrcp_ext: isMusicActive: false getBluetoothPlayState: 2
08-12 10:31:31.108 19816 19951 V Avrcp_ext: updateCurrentMediaState: isPlaying = false
08-12 10:31:31.108   737   766 I /vendor/bin/hw/vendor.qti.hardware.servicetracker@1.1-service: total connections for service : com.google.android.gms/.chimera.GmsInternalBoundBrokerServiceare :1
08-12 10:31:31.108 19816 19951 V Avrcp_ext: updateCurrentMediaState: get media attributes:
08-12 10:31:31.108   737   766 I /vendor/bin/hw/vendor.qti.hardware.servicetracker@1.1-service: total connections for client : com.google.android.gms.persistentare :7
08-12 10:31:31.108 19816 19951 V Avrcp_ext: Media update: id -1➡-1? [MediaAttributes: none] : [MediaAttributes: none]
08-12 10:31:31.108 19816 19951 V Avrcp_ext: newPlayStatus:-1mReportedPlayStatus:-1
08-12 10:31:31.108 19816 19951 I Avrcp_ext: Players updated current playback state is error, skip updating playback state
08-12 10:31:31.109  1815  2683 D CompatibilityInfo: mCompatibilityFlags - 0
08-12 10:31:31.109  1815  2683 D CompatibilityInfo: applicationDensity - 440
08-12 10:31:31.109  1815  2683 D CompatibilityInfo: applicationScale - 1.0
08-12 10:31:31.110   737   766 I /vendor/bin/hw/vendor.qti.hardware.servicetracker@1.1-service: startService() is called for servicecom.google.android.gms/.chimera.GmsInternalBoundBrokerService
08-12 10:31:31.111  2736  6704 I SarService: Receiver polling >>>> Change receiver mode: off
08-12 10:31:31.113  3815  3815 D BoundBrokerSvc: onBind: Intent { act=com.google.android.gms.common.BIND_SHARED_PREFS pkg=com.google.android.gms }
08-12 10:31:31.113  3815  3815 D BoundBrokerSvc: Loading bound service for intent: Intent { act=com.google.android.gms.common.BIND_SHARED_PREFS pkg=com.google.android.gms }
08-12 10:31:31.115   737   766 I /vendor/bin/hw/vendor.qti.hardware.servicetracker@1.1-service: bindService is called for service : com.google.android.gms/.nearby.messages.service.NearbyMessagesService and for client com.google.android.gms.persistent
08-12 10:31:31.115   737   766 I /vendor/bin/hw/vendor.qti.hardware.servicetracker@1.1-service: total connections for service : com.google.android.gms/.nearby.messages.service.NearbyMessagesServiceare :1
08-12 10:31:31.115   737   766 I /vendor/bin/hw/vendor.qti.hardware.servicetracker@1.1-service: total connections for client : com.google.android.gms.persistentare :8
08-12 10:31:31.117  1815  2343 D CompatibilityInfo: mCompatibilityFlags - 0
08-12 10:31:31.117  1815  2343 D CompatibilityInfo: applicationDensity - 440
08-12 10:31:31.117  1815  2343 D CompatibilityInfo: applicationScale - 1.0
08-12 10:31:31.118   737   766 I /vendor/bin/hw/vendor.qti.hardware.servicetracker@1.1-service: startService() is called for servicecom.google.android.gms/.nearby.messages.service.NearbyMessagesService
08-12 10:31:31.116 20025 20025 W era.mini.native: type=1400 audit(0.0:2742): avc: denied { read } for name="drivers" dev="proc" ino=4026531853 scontext=u:r:untrusted_app_27:s0:c231,c256,c512,c768 tcontext=u:object_r:proc_tty_drivers:s0 tclass=file permissive=0
08-12 10:31:31.116 20025 20025 W era.mini.native: type=1400 audit(0.0:2743): avc: denied { read } for name="tcp" dev="proc" ino=4026532078 scontext=u:r:untrusted_app_27:s0:c231,c256,c512,c768 tcontext=u:object_r:proc_net_tcp_udp:s0 tclass=file permissive=0
08-12 10:31:31.129 20025 20025 W System.err: java.io.FileNotFoundException: /proc/net/tcp: open failed: EACCES (Permission denied)
08-12 10:31:31.148 20025 20025 W System.err:    at libcore.io.IoBridge.open(IoBridge.java:496)
08-12 10:31:31.148 20025 20025 W System.err:    at java.io.FileInputStream.<init>(FileInputStream.java:159)
08-12 10:31:31.148 20025 20025 W System.err:    at java.io.FileInputStream.<init>(FileInputStream.java:115)
08-12 10:31:31.148 20025 20025 W System.err:    at com.duapps.ad.bh$do.do(Unknown Source:393)
08-12 10:31:31.148 20025 20025 W System.err:    at com.duapps.ad.bh$if.b(Unknown Source:689)
08-12 10:31:31.148 20025 20025 W System.err:    at com.duapps.ad.bh.a(Unknown Source:205)
08-12 10:31:31.148 20025 20025 W System.err:    at com.duapps.ad.bx.b(Unknown Source:806)
08-12 10:31:31.148 20025 20025 W System.err:    at com.duapps.ad.g.do(Unknown Source:149)
08-12 10:31:31.148 20025 20025 W System.err:    at com.duapps.ad.stats.DuAdCacheProvider.if(Unknown Source:108)
08-12 10:31:31.148 20025 20025 W System.err:    at com.duapps.ad.stats.DuAdCacheProvider.onCreate(Unknown Source:88)
08-12 10:31:31.148 20025 20025 W System.err:    at android.content.ContentProvider.attachInfo(ContentProvider.java:2117)
08-12 10:31:31.148 20025 20025 W System.err:    at android.content.ContentProvider.attachInfo(ContentProvider.java:2091)
08-12 10:31:31.149 20025 20025 W System.err:    at android.app.ActivityThread.installProvider(ActivityThread.java:7191)
08-12 10:31:31.149 20025 20025 W System.err:    at android.app.ActivityThread.installContentProviders(ActivityThread.java:6674)
08-12 10:31:31.149 20025 20025 W System.err:    at android.app.ActivityThread.handleBindApplication(ActivityThread.java:6569)
08-12 10:31:31.149 20025 20025 W System.err:    at android.app.ActivityThread.access$1400(ActivityThread.java:226)
08-12 10:31:31.149 20025 20025 W System.err:    at android.app.ActivityThread$H.handleMessage(ActivityThread.java:1889)
08-12 10:31:31.149 20025 20025 W System.err:    at android.os.Handler.dispatchMessage(Handler.java:107)
08-12 10:31:31.149 20025 20025 W System.err:    at android.os.Looper.loop(Looper.java:225)
08-12 10:31:31.149 20025 20025 W System.err:    at android.app.ActivityThread.main(ActivityThread.java:7564)
08-12 10:31:31.149 20025 20025 W System.err:    at java.lang.reflect.Method.invoke(Native Method)
08-12 10:31:31.149 20025 20025 W System.err:    at com.android.internal.os.RuntimeInit$MethodAndArgsCaller.run(RuntimeInit.java:539)
08-12 10:31:31.149 20025 20025 W System.err:    at com.android.internal.os.ZygoteInit.main(ZygoteInit.java:950)
08-12 10:31:31.149 20025 20025 W System.err: Caused by: android.system.ErrnoException: open failed: EACCES (Permission denied)
08-12 10:31:31.149 20025 20025 W System.err:    at libcore.io.Linux.open(Native Method)
08-12 10:31:31.149 20025 20025 W System.err:    at libcore.io.ForwardingOs.open(ForwardingOs.java:167)
08-12 10:31:31.149 20025 20025 W System.err:    at libcore.io.BlockGuardOs.open(BlockGuardOs.java:252)
08-12 10:31:31.149 20025 20025 W System.err:    at libcore.io.ForwardingOs.open(ForwardingOs.java:167)
08-12 10:31:31.149 20025 20025 W System.err:    at android.app.ActivityThread$AndroidOs.open(ActivityThread.java:7463)
08-12 10:31:31.149 20025 20025 W System.err:    at libcore.io.IoBridge.open(IoBridge.java:482)
08-12 10:31:31.149 20025 20025 W System.err:    ... 22 more
08-12 10:31:31.150 20025 20025 W System.err: java.lang.NullPointerException: Attempt to invoke virtual method 'void java.io.BufferedReader.close()' on a null object reference
08-12 10:31:31.150 19988 20288 W BaseMetricsServiceFacto: createMetricsService - Skipping batch pipeline setup for Priority NORMAL and Channel NON_ANONYMOUS because no configuration is provided.;
08-12 10:31:31.150 20025 20025 W System.err:    at com.duapps.ad.bh$do.do(Unknown Source:426)
08-12 10:31:31.150 20025 20025 W System.err:    at com.duapps.ad.bh$if.b(Unknown Source:689)
08-12 10:31:31.150 20025 20025 W System.err:    at com.duapps.ad.bh.a(Unknown Source:205)
08-12 10:31:31.150 20025 20025 W System.err:    at com.duapps.ad.bx.b(Unknown Source:806)
08-12 10:31:31.150 20025 20025 W System.err:    at com.duapps.ad.g.do(Unknown Source:149)
08-12 10:31:31.150 20025 20025 W System.err:    at com.duapps.ad.stats.DuAdCacheProvider.if(Unknown Source:108)
08-12 10:31:31.150 19988 20288 W BaseMetricsServiceFacto: createMetricsService - Skipping batch pipeline setup for Priority CRITICAL and Channel LOCATION because no configuration is provided.;
08-12 10:31:31.150 20025 20025 W System.err:    at com.duapps.ad.stats.DuAdCacheProvider.onCreate(Unknown Source:88)
08-12 10:31:31.150 20025 20025 W System.err:    at android.content.ContentProvider.attachInfo(ContentProvider.java:2117)
08-12 10:31:31.150 20025 20025 W System.err:    at android.content.ContentProvider.attachInfo(ContentProvider.java:2091)
08-12 10:31:31.150 20025 20025 W System.err:    at android.app.ActivityThread.installProvider(ActivityThread.java:7191)
08-12 10:31:31.150 19988 20288 W BaseMetricsServiceFacto: createMetricsService - Skipping batch pipeline setup for Priority CRITICAL and Channel ANONYMOUS because no configuration is provided.;
08-12 10:31:31.150 20025 20025 W System.err:    at android.app.ActivityThread.installContentProviders(ActivityThread.java:6674)
08-12 10:31:31.150 20025 20025 W System.err:    at android.app.ActivityThread.handleBindApplication(ActivityThread.java:6569)
08-12 10:31:31.150 20025 20025 W System.err:    at android.app.ActivityThread.access$1400(ActivityThread.java:226)
08-12 10:31:31.150 20025 20025 W System.err:    at android.app.ActivityThread$H.handleMessage(ActivityThread.java:1889)
08-12 10:31:31.150 19988 20288 W BaseMetricsServiceFacto: createMetricsService - Skipping batch pipeline setup for Priority CRITICAL and Channel NON_ANONYMOUS because no configuration is provided.;
08-12 10:31:31.150 20025 20025 W System.err:    at android.os.Handler.dispatchMessage(Handler.java:107)
08-12 10:31:31.150 20025 20025 W System.err:    at android.os.Looper.loop(Looper.java:225)
08-12 10:31:31.150 20025 20025 W System.err:    at android.app.ActivityThread.main(ActivityThread.java:7564)
08-12 10:31:31.150 20025 20025 W System.err:    at java.lang.reflect.Method.invoke(Native Method)
08-12 10:31:31.150 20025 20025 W System.err:    at com.android.internal.os.RuntimeInit$MethodAndArgsCaller.run(RuntimeInit.java:539)
08-12 10:31:31.150 20025 20025 W System.err:    at com.android.internal.os.ZygoteInit.main(ZygoteInit.java:950)
08-12 10:31:31.152 19988 19988 E AmznMusic_SharedPrefCrypto: fail to get encrypted value for  User from DMMUserAccount_AccountCache
08-12 10:31:31.152 19988 20288 I DPLogger: DPLogger - Name was too long. Truncating; original name: MetricsBroadcastReceiver, truncated name: MetricsBroadcastReceive
08-12 10:31:31.156 19988 20288 I com.amazon.mp3/mj: ThirdParty Periodic metrics is supported
08-12 10:31:31.157 19988 20288 I ...odicMetricsCollector: Successfully create ThirdPartyPeriodicMetricsCollector
08-12 10:31:31.157 19988 19988 E AmznMusic_SharedPrefCrypto: fail to get encrypted value for  User from DMMUserAccount_AccountCache
08-12 10:31:31.157 19988 20288 I ...h.device.api.MAPInit: Running MAPInit on main thread: false
08-12 10:31:31.160 19988 20364 I Metrics:BatchTransmitte: QueuePusher.sendBatches - Drained batch queue.; Number of HIGH_ANONYMOUS queue batches sent: 0
08-12 10:31:31.162 19988 19988 E AmznMusic_ContentAccess: Exception occurred null
08-12 10:31:31.162 19988 19988 E AmznMusic_ContentAccess: com.amazon.music.account.DataNotReadyException
08-12 10:31:31.162 19988 19988 E AmznMusic_ContentAccess:       at com.amazon.music.account.AccountManager.getUser(AccountManager.java:141)
08-12 10:31:31.162 19988 19988 E AmznMusic_ContentAccess:       at com.amazon.music.subscription.ContentAccess.getMarketplaceEligibleBenefit(ContentAccess.java:171)
08-12 10:31:31.162 19988 19988 E AmznMusic_ContentAccess:       at com.amazon.music.subscription.ContentAccess.resolveAccessTypeForSet(ContentAccess.java:126)
08-12 10:31:31.162 19988 19988 E AmznMusic_ContentAccess:       at com.amazon.music.subscription.ContentAccess.canStreamContent(ContentAccess.java:71)
08-12 10:31:31.162 19988 19988 E AmznMusic_ContentAccess:       at com.amazon.mp3.playback.harley.MediaAccessPolicyHelper.updateMediaAccessPolicy(MediaAccessPolicyHelper.java:34)
08-12 10:31:31.162 19988 19988 E AmznMusic_ContentAccess:       at com.amazon.mp3.playback.harley.PlaybackInitializationHelper.initPlayback(PlaybackInitializationHelper.java:354)
08-12 10:31:31.162 19988 19988 E AmznMusic_ContentAccess:       at com.amazon.mp3.playback.harley.PlaybackInitializationHelper.init(PlaybackInitializationHelper.java:172)
08-12 10:31:31.162 19988 19988 E AmznMusic_ContentAccess:       at com.amazon.mp3.AmazonApplication.initPlayerComponent(AmazonApplication.java:775)
08-12 10:31:31.162 19988 19988 E AmznMusic_ContentAccess:       at com.amazon.mp3.AmazonApplication.onCreate(AmazonApplication.java:562)
08-12 10:31:31.162 19988 19988 E AmznMusic_ContentAccess:       at android.app.Instrumentation.callApplicationOnCreate(Instrumentation.java:1190)
08-12 10:31:31.162 19988 19988 E AmznMusic_ContentAccess:       at android.app.ActivityThread.handleBindApplication(ActivityThread.java:6584)
